Archive member included to satisfy reference by file (symbol)

c:/qmk_msys/mingw64/bin/../lib/gcc/avr/12.2.0/avr5\libgcc.a(_udivmodhi4.o)
                              .build/obj_custom_parallel_65_via/quantum/color.o (__udivmodhi4)
c:/qmk_msys/mingw64/bin/../lib/gcc/avr/12.2.0/avr5\libgcc.a(_divmodhi4.o)
                              .build/obj_custom_parallel_65_via/quantum/rgb_matrix/rgb_matrix.o (__divmodhi4)
c:/qmk_msys/mingw64/bin/../lib/gcc/avr/12.2.0/avr5\libgcc.a(_udivmodsi4.o)
                              .build/obj_custom_parallel_65_via/quantum/quantum.o (__udivmodsi4)
c:/qmk_msys/mingw64/bin/../lib/gcc/avr/12.2.0/avr5\libgcc.a(_divmodsi4.o)
                              .build/obj_custom_parallel_65_via/quantum/rgb_matrix/rgb_matrix.o (__divmodsi4)
c:/qmk_msys/mingw64/bin/../lib/gcc/avr/12.2.0/avr5\libgcc.a(_negsi2.o)
                              c:/qmk_msys/mingw64/bin/../lib/gcc/avr/12.2.0/avr5\libgcc.a(_divmodsi4.o) (__negsi2)
c:/qmk_msys/mingw64/bin/../lib/gcc/avr/12.2.0/avr5\libgcc.a(_exit.o)
                              c:/qmk_msys/mingw64/bin/../lib/gcc/avr/12.2.0/../../../../avr/lib/avr5/crtatmega32u4.o (exit)
c:/qmk_msys/mingw64/bin/../lib/gcc/avr/12.2.0/avr5\libgcc.a(_tablejump2.o)
                              .build/obj_custom_parallel_65_via/quantum/action.o (__tablejump2__)
c:/qmk_msys/mingw64/bin/../lib/gcc/avr/12.2.0/avr5\libgcc.a(_copy_data.o)
                              .build/obj_custom_parallel_65_via/.build/obj_custom_parallel_65_via/src/default_keyboard.o (__do_copy_data)
c:/qmk_msys/mingw64/bin/../lib/gcc/avr/12.2.0/avr5\libgcc.a(_clear_bss.o)
                              .build/obj_custom_parallel_65_via/quantum/quantum.o (__do_clear_bss)
c:/qmk_msys/mingw64/bin/../lib/gcc/avr/12.2.0/avr5\libgcc.a(_popcounthi2.o)
                              .build/obj_custom_parallel_65_via/quantum/bitwise.o (__popcounthi2)
c:/qmk_msys/mingw64/bin/../lib/gcc/avr/12.2.0/avr5\libgcc.a(_popcountsi2.o)
                              .build/obj_custom_parallel_65_via/quantum/bitwise.o (__popcountsi2)
c:/qmk_msys/mingw64/bin/../lib/gcc/avr/12.2.0/avr5\libgcc.a(_popcountqi2.o)
                              c:/qmk_msys/mingw64/bin/../lib/gcc/avr/12.2.0/avr5\libgcc.a(_popcounthi2.o) (__popcountqi2)
c:/qmk_msys/mingw64/bin/../lib/gcc/avr/12.2.0/avr5\libgcc.a(_bswapsi2.o)
                              .build/obj_custom_parallel_65_via/quantum/via.o (__bswapsi2)
c:/qmk_msys/mingw64/bin/../lib/gcc/avr/12.2.0/avr5\libgcc.a(_prologue.o)
                              .build/obj_custom_parallel_65_via/quantum/quantum.o (__prologue_saves__)
c:/qmk_msys/mingw64/bin/../lib/gcc/avr/12.2.0/avr5\libgcc.a(_epilogue.o)
                              .build/obj_custom_parallel_65_via/quantum/quantum.o (__epilogue_restores__)
c:/qmk_msys/mingw64/bin/../lib/gcc/avr/12.2.0/../../../../avr/lib/avr5\libc.a(memcmp.o)
                              .build/obj_custom_parallel_65_via/quantum/action_util.o (memcmp)
c:/qmk_msys/mingw64/bin/../lib/gcc/avr/12.2.0/../../../../avr/lib/avr5\libc.a(memcpy.o)
                              .build/obj_custom_parallel_65_via/quantum/debounce/sym_defer_g.o (memcpy)
c:/qmk_msys/mingw64/bin/../lib/gcc/avr/12.2.0/../../../../avr/lib/avr5\libc.a(memmove.o)
                              .build/obj_custom_parallel_65_via/lib/lufa/LUFA/Drivers/USB/Class/Common/HIDParser.o (memmove)
c:/qmk_msys/mingw64/bin/../lib/gcc/avr/12.2.0/../../../../avr/lib/avr5\libc.a(memset.o)
                              .build/obj_custom_parallel_65_via/quantum/rgb_matrix/rgb_matrix.o (memset)
c:/qmk_msys/mingw64/bin/../lib/gcc/avr/12.2.0/../../../../avr/lib/avr5\libatmega32u4.a(eerd_block.o)
                              .build/obj_custom_parallel_65_via/quantum/rgb_matrix/rgb_matrix.o (eeprom_read_block)
c:/qmk_msys/mingw64/bin/../lib/gcc/avr/12.2.0/../../../../avr/lib/avr5\libatmega32u4.a(eerd_byte.o)
                              .build/obj_custom_parallel_65_via/quantum/eeconfig.o (eeprom_read_byte)
c:/qmk_msys/mingw64/bin/../lib/gcc/avr/12.2.0/../../../../avr/lib/avr5\libatmega32u4.a(eerd_dword.o)
                              .build/obj_custom_parallel_65_via/quantum/eeconfig.o (eeprom_read_dword)
c:/qmk_msys/mingw64/bin/../lib/gcc/avr/12.2.0/../../../../avr/lib/avr5\libatmega32u4.a(eerd_word.o)
                              .build/obj_custom_parallel_65_via/quantum/eeconfig.o (eeprom_read_word)
c:/qmk_msys/mingw64/bin/../lib/gcc/avr/12.2.0/../../../../avr/lib/avr5\libatmega32u4.a(eeupd_block.o)
                              .build/obj_custom_parallel_65_via/quantum/eeconfig.o (eeprom_update_block)
c:/qmk_msys/mingw64/bin/../lib/gcc/avr/12.2.0/../../../../avr/lib/avr5\libatmega32u4.a(eeupd_byte.o)
                              .build/obj_custom_parallel_65_via/quantum/eeconfig.o (eeprom_update_byte)
c:/qmk_msys/mingw64/bin/../lib/gcc/avr/12.2.0/../../../../avr/lib/avr5\libatmega32u4.a(eeupd_dword.o)
[...]
Memory Configuration

Name             Origin             Length             Attributes
text             0x00000000         0x00020000         xr
data             0x00800060         0x0000ffa0         rw!x
eeprom           0x00810000         0x00010000         rw!x
fuse             0x00820000         0x00000003         rw!x
lock             0x00830000         0x00000400         rw!x
signature        0x00840000         0x00000400         rw!x
user_signatures  0x00850000         0x00000400         rw!x
*default*        0x00000000         0xffffffff

Linker script and memory map

Address of section .data set to 0x800100
LOAD c:/qmk_msys/mingw64/bin/../lib/gcc/avr/12.2.0/../../../../avr/lib/avr5/crtatmega32u4.o
LOAD .build/obj_custom_parallel_65_via/.build/obj_custom_parallel_65_via/src/default_keyboard.o
LOAD .build/obj_custom_parallel_65_via/quantum/keymap_introspection.o
LOAD .build/obj_custom_parallel_65_via/quantum/quantum.o
LOAD .build/obj_custom_parallel_65_via/quantum/bitwise.o
LOAD .build/obj_custom_parallel_65_via/quantum/led.o
LOAD .build/obj_custom_parallel_65_via/quantum/action.o
LOAD .build/obj_custom_parallel_65_via/quantum/action_layer.o
LOAD .build/obj_custom_parallel_65_via/quantum/action_tapping.o
LOAD .build/obj_custom_parallel_65_via/quantum/action_util.o
LOAD .build/obj_custom_parallel_65_via/quantum/eeconfig.o
LOAD .build/obj_custom_parallel_65_via/quantum/keyboard.o
LOAD .build/obj_custom_parallel_65_via/quantum/keymap_common.o
LOAD .build/obj_custom_parallel_65_via/quantum/keycode_config.o
LOAD .build/obj_custom_parallel_65_via/quantum/sync_timer.o
LOAD .build/obj_custom_parallel_65_via/quantum/logging/debug.o
LOAD .build/obj_custom_parallel_65_via/quantum/logging/sendchar.o
LOAD .build/obj_custom_parallel_65_via/quantum/matrix_common.o
LOAD .build/obj_custom_parallel_65_via/quantum/matrix.o
LOAD .build/obj_custom_parallel_65_via/quantum/debounce/sym_defer_g.o
LOAD .build/obj_custom_parallel_65_via/quantum/main.o
LOAD .build/obj_custom_parallel_65_via/platforms/avr/xprintf.o
LOAD .build/obj_custom_parallel_65_via/platforms/avr/printf.o
LOAD .build/obj_custom_parallel_65_via/quantum/color.o
LOAD .build/obj_custom_parallel_65_via/quantum/rgb_matrix/rgb_matrix.o
LOAD .build/obj_custom_parallel_65_via/quantum/rgb_matrix/rgb_matrix_drivers.o
LOAD .build/obj_custom_parallel_65_via/quantum/process_keycode/process_rgb.o
LOAD .build/obj_custom_parallel_65_via/quantum/led_tables.o
LOAD .build/obj_custom_parallel_65_via/lib/lib8tion/lib8tion.o
LOAD .build/obj_custom_parallel_65_via/ws2812_bitbang.o
LOAD .build/obj_custom_parallel_65_via/quantum/bootmagic/bootmagic.o
LOAD .build/obj_custom_parallel_65_via/quantum/dynamic_keymap.o
LOAD .build/obj_custom_parallel_65_via/quantum/process_keycode/process_grave_esc.o
LOAD .build/obj_custom_parallel_65_via/quantum/process_keycode/process_magic.o
LOAD .build/obj_custom_parallel_65_via/quantum/mousekey.o
LOAD .build/obj_custom_parallel_65_via/quantum/send_string/send_string.o
LOAD .build/obj_custom_parallel_65_via/quantum/process_keycode/process_space_cadet.o
LOAD .build/obj_custom_parallel_65_via/quantum/process_keycode/process_tri_layer.o
LOAD .build/obj_custom_parallel_65_via/quantum/tri_layer.o
LOAD .build/obj_custom_parallel_65_via/quantum/via.o
LOAD .build/obj_custom_parallel_65_via/protocol/host.o
LOAD .build/obj_custom_parallel_65_via/protocol/report.o
LOAD .build/obj_custom_parallel_65_via/protocol/usb_device_state.o
LOAD .build/obj_custom_parallel_65_via/protocol/usb_util.o
LOAD .build/obj_custom_parallel_65_via/platforms/suspend.o
LOAD .build/obj_custom_parallel_65_via/platforms/synchronization_util.o
LOAD .build/obj_custom_parallel_65_via/platforms/timer.o
LOAD .build/obj_custom_parallel_65_via/platforms/avr/hardware_id.o
LOAD .build/obj_custom_parallel_65_via/platforms/avr/platform.o
LOAD .build/obj_custom_parallel_65_via/platforms/avr/suspend.o
LOAD .build/obj_custom_parallel_65_via/platforms/avr/timer.o
LOAD .build/obj_custom_parallel_65_via/platforms/avr/bootloaders/dfu.o
LOAD .build/obj_custom_parallel_65_via/lufa.o
LOAD .build/obj_custom_parallel_65_via/usb_descriptor.o
LOAD .build/obj_custom_parallel_65_via/lib/lufa/LUFA/Drivers/USB/Class/Common/HIDParser.o
LOAD .build/obj_custom_parallel_65_via/lib/lufa/LUFA/Drivers/USB/Core/AVR8/Device_AVR8.o
LOAD .build/obj_custom_parallel_65_via/lib/lufa/LUFA/Drivers/USB/Core/AVR8/EndpointStream_AVR8.o
LOAD .build/obj_custom_parallel_65_via/lib/lufa/LUFA/Drivers/USB/Core/AVR8/Endpoint_AVR8.o
LOAD .build/obj_custom_parallel_65_via/lib/lufa/LUFA/Drivers/USB/Core/AVR8/Host_AVR8.o
LOAD .build/obj_custom_parallel_65_via/lib/lufa/LUFA/Drivers/USB/Core/AVR8/PipeStream_AVR8.o
LOAD .build/obj_custom_parallel_65_via/lib/lufa/LUFA/Drivers/USB/Core/AVR8/Pipe_AVR8.o
LOAD .build/obj_custom_parallel_65_via/lib/lufa/LUFA/Drivers/USB/Core/AVR8/USBController_AVR8.o
LOAD .build/obj_custom_parallel_65_via/lib/lufa/LUFA/Drivers/USB/Core/AVR8/USBInterrupt_AVR8.o
LOAD .build/obj_custom_parallel_65_via/lib/lufa/LUFA/Drivers/USB/Core/ConfigDescriptors.o
LOAD .build/obj_custom_parallel_65_via/lib/lufa/LUFA/Drivers/USB/Core/DeviceStandardReq.o
LOAD .build/obj_custom_parallel_65_via/lib/lufa/LUFA/Drivers/USB/Core/Events.o
LOAD .build/obj_custom_parallel_65_via/lib/lufa/LUFA/Drivers/USB/Core/HostStandardReq.o
LOAD .build/obj_custom_parallel_65_via/lib/lufa/LUFA/Drivers/USB/Core/USBTask.o
LOAD .build/obj_custom_parallel_65_via/protocol/lufa/usb_util.o
LOAD c:/qmk_msys/mingw64/bin/../lib/gcc/avr/12.2.0/../../../../avr/lib/avr5\libm.a
START GROUP
LOAD c:/qmk_msys/mingw64/bin/../lib/gcc/avr/12.2.0/avr5\libgcc.a
LOAD c:/qmk_msys/mingw64/bin/../lib/gcc/avr/12.2.0/../../../../avr/lib/avr5\libm.a
LOAD c:/qmk_msys/mingw64/bin/../lib/gcc/avr/12.2.0/../../../../avr/lib/avr5\libc.a
LOAD c:/qmk_msys/mingw64/bin/../lib/gcc/avr/12.2.0/../../../../avr/lib/avr5\libatmega32u4.a
END GROUP
                0x00020000                        __TEXT_REGION_LENGTH__ = DEFINED (__TEXT_REGION_LENGTH__)?__TEXT_REGION_LENGTH__:0x20000
                0x00800060                        __DATA_REGION_ORIGIN__ = DEFINED (__DATA_REGION_ORIGIN__)?__DATA_REGION_ORIGIN__:0x800060
                0x0000ffa0                        __DATA_REGION_LENGTH__ = DEFINED (__DATA_REGION_LENGTH__)?__DATA_REGION_LENGTH__:0xffa0
                0x00010000                        __EEPROM_REGION_LENGTH__ = DEFINED (__EEPROM_REGION_LENGTH__)?__EEPROM_REGION_LENGTH__:0x10000
                [0x00000003]                      __FUSE_REGION_LENGTH__ = DEFINED (__FUSE_REGION_LENGTH__)?__FUSE_REGION_LENGTH__:0x400
                0x00000400                        __LOCK_REGION_LENGTH__ = DEFINED (__LOCK_REGION_LENGTH__)?__LOCK_REGION_LENGTH__:0x400
                0x00000400                        __SIGNATURE_REGION_LENGTH__ = DEFINED (__SIGNATURE_REGION_LENGTH__)?__SIGNATURE_REGION_LENGTH__:0x400
                0x00000400                        __USER_SIGNATURE_REGION_LENGTH__ = DEFINED (__USER_SIGNATURE_REGION_LENGTH__)?__USER_SIGNATURE_REGION_LENGTH__:0x400

.hash
 *(.hash)

.dynsym
 *(.dynsym)

.dynstr
 *(.dynstr)

.gnu.version
 *(.gnu.version)

.gnu.version_d
 *(.gnu.version_d)

.gnu.version_r
 *(.gnu.version_r)

.rel.init
 *(.rel.init)

.rela.init
 *(.rela.init)

.rel.text
 *(.rel.text)
 *(.rel.text.*)
 *(.rel.gnu.linkonce.t*)

.rela.text
 *(.rela.text)
 *(.rela.text.*)
 *(.rela.gnu.linkonce.t*)

.rel.fini
 *(.rel.fini)

.rela.fini
 *(.rela.fini)

.rel.rodata
 *(.rel.rodata)
 *(.rel.rodata.*)
 *(.rel.gnu.linkonce.r*)

.rela.rodata
 *(.rela.rodata)
 *(.rela.rodata.*)
 *(.rela.gnu.linkonce.r*)

.rel.data
 *(.rel.data)
 *(.rel.data.*)
 *(.rel.gnu.linkonce.d*)

.rela.data
 *(.rela.data)
 *(.rela.data.*)
 *(.rela.gnu.linkonce.d*)

.rel.ctors
 *(.rel.ctors)

.rela.ctors
 *(.rela.ctors)

.rel.dtors
 *(.rel.dtors)

.rela.dtors
 *(.rela.dtors)

.rel.got
 *(.rel.got)

.rela.got
 *(.rela.got)

.rel.bss
 *(.rel.bss)

.rela.bss
 *(.rela.bss)

.rel.plt
 *(.rel.plt)

.rela.plt
 *(.rela.plt)

.text           0x00000000     0x6044
 *(.vectors)
 .vectors       0x00000000       0xac c:/qmk_msys/mingw64/bin/../lib/gcc/avr/12.2.0/../../../../avr/lib/avr5/crtatmega32u4.o
                0x00000000                __vector_default
                0x00000000                __vectors
 *(.vectors)
 *(.progmem.gcc*)
                0x000000ac                        . = ALIGN (0x2)
                0x000000ac                        __trampolines_start = .
 *(.trampolines)
 .trampolines   0x000000ac        0x0 linker stubs
 *(.trampolines*)
                0x000000ac                        __trampolines_end = .
 *libprintf_flt.a:*(.progmem.data)
 *libc.a:*(.progmem.data)
 *(.progmem.*)
 .progmem.data.keymaps
                0x000000ac      0x280 .build/obj_custom_parallel_65_via/quantum/keymap_introspection.o
                0x000000ac                keymaps
 .progmem.data.CIE1931_CURVE
                0x0000032c      0x100 .build/obj_custom_parallel_65_via/quantum/led_tables.o
                0x0000032c                CIE1931_CURVE
 .progmem.data.ascii_to_keycode_lut
                0x0000042c       0x80 .build/obj_custom_parallel_65_via/quantum/send_string/send_string.o
                0x0000042c                ascii_to_keycode_lut
 .progmem.data.ascii_to_dead_lut
                0x000004ac       0x10 .build/obj_custom_parallel_65_via/quantum/send_string/send_string.o
                0x000004ac                ascii_to_dead_lut
 .progmem.data.ascii_to_altgr_lut
                0x000004bc       0x10 .build/obj_custom_parallel_65_via/quantum/send_string/send_string.o
                0x000004bc                ascii_to_altgr_lut
 .progmem.data.ascii_to_shift_lut
                0x000004cc       0x10 .build/obj_custom_parallel_65_via/quantum/send_string/send_string.o
                0x000004cc                ascii_to_shift_lut
 .progmem.data.ProductString
                0x000004dc       0x28 .build/obj_custom_parallel_65_via/usb_descriptor.o
                0x000004dc                ProductString
 .progmem.data.ManufacturerString
                0x00000504       0x16 .build/obj_custom_parallel_65_via/usb_descriptor.o
                0x00000504                ManufacturerString
 .progmem.data.LanguageString
                0x0000051a        0x4 .build/obj_custom_parallel_65_via/usb_descriptor.o
                0x0000051a                LanguageString
 .progmem.data.ConfigurationDescriptor
                0x0000051e       0x5b .build/obj_custom_parallel_65_via/usb_descriptor.o
                0x0000051e                ConfigurationDescriptor
 .progmem.data.DeviceDescriptor
                0x00000579       0x12 .build/obj_custom_parallel_65_via/usb_descriptor.o
                0x00000579                DeviceDescriptor
 .progmem.data.RawReport
                0x0000058b       0x22 .build/obj_custom_parallel_65_via/usb_descriptor.o
                0x0000058b                RawReport
 .progmem.data.SharedReport
                0x000005ad       0x7b .build/obj_custom_parallel_65_via/usb_descriptor.o
                0x000005ad                SharedReport
 .progmem.data.KeyboardReport
                0x00000628       0x44 .build/obj_custom_parallel_65_via/usb_descriptor.o
                0x00000628                KeyboardReport
                0x0000066c                        . = ALIGN (0x2)
 *(.lowtext)
 *(.lowtext*)
                0x0000066c                        __ctors_start = .
 *(.ctors)
                0x0000066c                        __ctors_end = .
                0x0000066c                        __dtors_start = .
 *(.dtors)
                0x0000066c                        __dtors_end = .
 SORT_BY_NAME(*)(.ctors)
 SORT_BY_NAME(*)(.dtors)
 *(.init0)
 .init0         0x0000066c        0x0 c:/qmk_msys/mingw64/bin/../lib/gcc/avr/12.2.0/../../../../avr/lib/avr5/crtatmega32u4.o
                0x0000066c                __init
 *(.init0)
 *(.init1)
 *(.init1)
 *(.init2)
 .init2         0x0000066c        0xc c:/qmk_msys/mingw64/bin/../lib/gcc/avr/12.2.0/../../../../avr/lib/avr5/crtatmega32u4.o
 *(.init2)
 *(.init3)
 .init3         0x00000678       0x36 .build/obj_custom_parallel_65_via/platforms/avr/bootloaders/dfu.o
                0x00000678                bootloader_jump_after_watchdog_reset
 *(.init3)
 *(.init4)
 .init4         0x000006ae       0x16 c:/qmk_msys/mingw64/bin/../lib/gcc/avr/12.2.0/avr5\libgcc.a(_copy_data.o)
                0x000006ae                __do_copy_data
 .init4         0x000006c4       0x10 c:/qmk_msys/mingw64/bin/../lib/gcc/avr/12.2.0/avr5\libgcc.a(_clear_bss.o)
                0x000006c4                __do_clear_bss
 *(.init4)
 *(.init5)
 *(.init5)
 *(.init6)
 *(.init6)
 *(.init7)
 *(.init7)
 *(.init8)
 *(.init8)
 *(.init9)
 .init9         0x000006d4        0x8 c:/qmk_msys/mingw64/bin/../lib/gcc/avr/12.2.0/../../../../avr/lib/avr5/crtatmega32u4.o
 *(.init9)
 *(.text)
 .text          0x000006dc        0x4 c:/qmk_msys/mingw64/bin/../lib/gcc/avr/12.2.0/../../../../avr/lib/avr5/crtatmega32u4.o
                0x000006dc                __vector_38
                0x000006dc                __vector_22
                0x000006dc                __vector_28
                0x000006dc                __vector_1
                0x000006dc                __vector_32
                0x000006dc                __vector_34
                0x000006dc                __vector_24
                0x000006dc                __bad_interrupt
                0x000006dc                __vector_6
                0x000006dc                __vector_31
                0x000006dc                __vector_35
                0x000006dc                __vector_39
                0x000006dc                __vector_3
                0x000006dc                __vector_23
                0x000006dc                __vector_30
                0x000006dc                __vector_25
                0x000006dc                __vector_13
                0x000006dc                __vector_17
                0x000006dc                __vector_19
                0x000006dc                __vector_7
                0x000006dc                __vector_41
                0x000006dc                __vector_27
                0x000006dc                __vector_5
                0x000006dc                __vector_33
                0x000006dc                __vector_37
                0x000006dc                __vector_4
                0x000006dc                __vector_9
                0x000006dc                __vector_2
                0x000006dc                __vector_15
                0x000006dc                __vector_36
                0x000006dc                __vector_29
                0x000006dc                __vector_40
                0x000006dc                __vector_8
                0x000006dc                __vector_26
                0x000006dc                __vector_14
                0x000006dc                __vector_16
                0x000006dc                __vector_18
                0x000006dc                __vector_20
                0x000006dc                __vector_42
                0x000006e0                        . = ALIGN (0x2)
 *(.text.*)
 .text.keycode_at_keymap_location_raw
                0x000006e0       0x3c .build/obj_custom_parallel_65_via/quantum/keymap_introspection.o
                0x000006e0                keycode_at_keymap_location_raw
 .text.pre_process_record_user
                0x0000071c        0x4 .build/obj_custom_parallel_65_via/quantum/quantum.o
                0x0000071c                pre_process_record_user
 .text.pre_process_record_kb
                0x00000720        0x6 .build/obj_custom_parallel_65_via/quantum/quantum.o
                0x00000720                pre_process_record_kb
 .text.process_action_kb
                0x00000726        0x4 .build/obj_custom_parallel_65_via/quantum/quantum.o
                0x00000726                process_action_kb
 .text.process_record_user
                0x0000072a        0x6 .build/obj_custom_parallel_65_via/quantum/quantum.o
                0x0000072a                process_record_user
 .text.process_record_kb
                0x00000730        0x6 .build/obj_custom_parallel_65_via/quantum/quantum.o
                0x00000730                process_record_kb
 .text.post_process_record_user
                0x00000736        0x2 .build/obj_custom_parallel_65_via/quantum/quantum.o
                0x00000736                post_process_record_user
 .text.post_process_record_kb
                0x00000738        0x6 .build/obj_custom_parallel_65_via/quantum/quantum.o
                0x00000738                post_process_record_kb
 .text.get_event_keycode
                0x0000073e       0x5c .build/obj_custom_parallel_65_via/quantum/quantum.o
                0x0000073e                get_event_keycode
 .text.get_record_keycode
                0x0000079a       0x16 .build/obj_custom_parallel_65_via/quantum/quantum.o
                0x0000079a                get_record_keycode
 .text.pre_process_record_quantum
                0x000007b0       0x1c .build/obj_custom_parallel_65_via/quantum/quantum.o
                0x000007b0                pre_process_record_quantum
 .text.post_process_record_quantum
                0x000007cc       0x1c .build/obj_custom_parallel_65_via/quantum/quantum.o
                0x000007cc                post_process_record_quantum
 .text.shutdown_user
                0x000007e8        0x4 .build/obj_custom_parallel_65_via/quantum/quantum.o
                0x000007e8                shutdown_user
 .text.shutdown_kb
                0x000007ec        0x6 .build/obj_custom_parallel_65_via/quantum/quantum.o
                0x000007ec                shutdown_kb
 .text.shutdown_quantum
                0x000007f2       0x24 .build/obj_custom_parallel_65_via/quantum/quantum.o
                0x000007f2                shutdown_quantum
 .text.reset_keyboard
                0x00000816        0xc .build/obj_custom_parallel_65_via/quantum/quantum.o
                0x00000816                reset_keyboard
 .text.soft_reset_keyboard
                0x00000822        0xc .build/obj_custom_parallel_65_via/quantum/quantum.o
                0x00000822                soft_reset_keyboard
 .text.process_record_quantum
                0x0000082e       0xd2 .build/obj_custom_parallel_65_via/quantum/quantum.o
                0x0000082e                process_record_quantum
 .text.suspend_power_down_quantum
                0x00000900       0x14 .build/obj_custom_parallel_65_via/quantum/quantum.o
                0x00000900                suspend_power_down_quantum
 .text.suspend_wakeup_init_quantum
                0x00000914       0x10 .build/obj_custom_parallel_65_via/quantum/quantum.o
                0x00000914                suspend_wakeup_init_quantum
 .text.led_update_user
                0x00000924        0x4 .build/obj_custom_parallel_65_via/quantum/led.o
                0x00000924                led_update_user
 .text.led_update_ports
                0x00000928        0x2 .build/obj_custom_parallel_65_via/quantum/led.o
                0x00000928                led_update_ports
 .text.led_update_kb
                0x0000092a       0x1e .build/obj_custom_parallel_65_via/quantum/led.o
                0x0000092a                led_update_kb
 .text.led_init_ports
                0x00000948        0x2 .build/obj_custom_parallel_65_via/quantum/led.o
                0x00000948                led_init_ports
 .text.led_set  0x0000094a        0x6 .build/obj_custom_parallel_65_via/quantum/led.o
                0x0000094a                led_set
 .text.led_suspend
                0x00000950        0x8 .build/obj_custom_parallel_65_via/quantum/led.o
                0x00000950                led_suspend
 .text.led_wakeup
                0x00000958        0xa .build/obj_custom_parallel_65_via/quantum/led.o
                0x00000958                led_wakeup
 .text.led_task
                0x00000962       0x32 .build/obj_custom_parallel_65_via/quantum/led.o
                0x00000962                led_task
 .text.action_exec
                0x00000994       0x60 .build/obj_custom_parallel_65_via/quantum/action.o
                0x00000994                action_exec
 .text.process_record_tap_hint
                0x000009f4       0x12 .build/obj_custom_parallel_65_via/quantum/action.o
                0x000009f4                process_record_tap_hint
 .text.register_mouse
                0x00000a06       0x14 .build/obj_custom_parallel_65_via/quantum/action.o
                0x00000a06                register_mouse
 .text.register_code
                0x00000a1a      0x11a .build/obj_custom_parallel_65_via/quantum/action.o
                0x00000a1a                register_code
 .text.unregister_code
                0x00000b34       0xb4 .build/obj_custom_parallel_65_via/quantum/action.o
                0x00000b34                unregister_code
 .text.tap_code_delay
                0x00000be8       0x30 .build/obj_custom_parallel_65_via/quantum/action.o
                0x00000be8                tap_code_delay
 .text.tap_code
                0x00000c18       0x12 .build/obj_custom_parallel_65_via/quantum/action.o
                0x00000c18                tap_code
 .text.register_mods
                0x00000c2a        0xe .build/obj_custom_parallel_65_via/quantum/action.o
                0x00000c2a                register_mods
 .text.unregister_mods
                0x00000c38        0xe .build/obj_custom_parallel_65_via/quantum/action.o
                0x00000c38                unregister_mods
 .text.process_action
                0x00000c46      0x3e8 .build/obj_custom_parallel_65_via/quantum/action.o
                0x00000c46                process_action
 .text.process_record_handler
                0x0000102e       0x30 .build/obj_custom_parallel_65_via/quantum/action.o
                0x0000102e                process_record_handler
 .text.process_record
                0x0000105e       0x46 .build/obj_custom_parallel_65_via/quantum/action.o
                0x0000105e                process_record
 .text.clear_keyboard_but_mods_and_keys
                0x000010a4       0x22 .build/obj_custom_parallel_65_via/quantum/action.o
                0x000010a4                clear_keyboard_but_mods_and_keys
 .text.clear_keyboard_but_mods
                0x000010c6        0xa .build/obj_custom_parallel_65_via/quantum/action.o
                0x000010c6                clear_keyboard_but_mods
 .text.clear_keyboard
                0x000010d0        0xa .build/obj_custom_parallel_65_via/quantum/action.o
                0x000010d0                clear_keyboard
 .text.is_tap_action
                0x000010da       0x3a .build/obj_custom_parallel_65_via/quantum/action.o
                0x000010da                is_tap_action
 .text.is_tap_record
                0x00001114       0x1a .build/obj_custom_parallel_65_via/quantum/action.o
                0x00001114                is_tap_record
 .text.debug_event
                0x0000112e       0x14 .build/obj_custom_parallel_65_via/quantum/action.o
                0x0000112e                debug_event
 .text.debug_record
                0x00001142       0x14 .build/obj_custom_parallel_65_via/quantum/action.o
                0x00001142                debug_record
 .text.default_layer_state_set_user
                0x00001156        0x2 .build/obj_custom_parallel_65_via/quantum/action_layer.o
                0x00001156                default_layer_state_set_user
 .text.default_layer_state_set_kb
                0x00001158        0x6 .build/obj_custom_parallel_65_via/quantum/action_layer.o
                0x00001158                default_layer_state_set_kb
 .text.default_layer_state_set
                0x0000115e        0xa .build/obj_custom_parallel_65_via/quantum/action_layer.o
 .text.default_layer_debug
                0x00001168        0x2 .build/obj_custom_parallel_65_via/quantum/action_layer.o
                0x00001168                default_layer_debug
 .text.default_layer_set
                0x0000116a        0x6 .build/obj_custom_parallel_65_via/quantum/action_layer.o
                0x0000116a                default_layer_set
 .text.default_layer_or
                0x00001170        0xc .build/obj_custom_parallel_65_via/quantum/action_layer.o
                0x00001170                default_layer_or
 .text.default_layer_and
                0x0000117c        0xc .build/obj_custom_parallel_65_via/quantum/action_layer.o
                0x0000117c                default_layer_and
 .text.default_layer_xor
                0x00001188        0xc .build/obj_custom_parallel_65_via/quantum/action_layer.o
                0x00001188                default_layer_xor
 .text.layer_state_set_user
                0x00001194        0x6 .build/obj_custom_parallel_65_via/quantum/action_layer.o
                0x00001194                layer_state_set_user
 .text.layer_state_set_kb
                0x0000119a        0x6 .build/obj_custom_parallel_65_via/quantum/action_layer.o
                0x0000119a                layer_state_set_kb
 .text.layer_state_set
                0x000011a0        0xa .build/obj_custom_parallel_65_via/quantum/action_layer.o
                0x000011a0                layer_state_set
 .text.layer_clear
                0x000011aa        0x8 .build/obj_custom_parallel_65_via/quantum/action_layer.o
                0x000011aa                layer_clear
 .text.layer_move
                0x000011b2       0x12 .build/obj_custom_parallel_65_via/quantum/action_layer.o
                0x000011b2                layer_move
 .text.layer_on
                0x000011c4       0x18 .build/obj_custom_parallel_65_via/quantum/action_layer.o
                0x000011c4                layer_on
 .text.layer_off
                0x000011dc       0x20 .build/obj_custom_parallel_65_via/quantum/action_layer.o
                0x000011dc                layer_off
 .text.layer_invert
                0x000011fc       0x18 .build/obj_custom_parallel_65_via/quantum/action_layer.o
                0x000011fc                layer_invert
 .text.layer_or
                0x00001214        0xc .build/obj_custom_parallel_65_via/quantum/action_layer.o
                0x00001214                layer_or
 .text.layer_and
                0x00001220        0xc .build/obj_custom_parallel_65_via/quantum/action_layer.o
                0x00001220                layer_and
 .text.layer_xor
                0x0000122c        0xc .build/obj_custom_parallel_65_via/quantum/action_layer.o
                0x0000122c                layer_xor
 .text.layer_debug
                0x00001238        0x2 .build/obj_custom_parallel_65_via/quantum/action_layer.o
                0x00001238                layer_debug
 .text.update_source_layers_cache_impl
                0x0000123a       0x5c .build/obj_custom_parallel_65_via/quantum/action_layer.o
                0x0000123a                update_source_layers_cache_impl
 .text.read_source_layers_cache_impl
                0x00001296       0x52 .build/obj_custom_parallel_65_via/quantum/action_layer.o
                0x00001296                read_source_layers_cache_impl
 .text.update_source_layers_cache
                0x000012e8       0x22 .build/obj_custom_parallel_65_via/quantum/action_layer.o
                0x000012e8                update_source_layers_cache
 .text.read_source_layers_cache
                0x0000130a       0x24 .build/obj_custom_parallel_65_via/quantum/action_layer.o
                0x0000130a                read_source_layers_cache
 .text.layer_switch_get_layer
                0x0000132e       0x52 .build/obj_custom_parallel_65_via/quantum/action_layer.o
                0x0000132e                layer_switch_get_layer
 .text.layer_switch_get_action
                0x00001380       0x1a .build/obj_custom_parallel_65_via/quantum/action_layer.o
                0x00001380                layer_switch_get_action
 .text.store_or_get_action
                0x0000139a       0x52 .build/obj_custom_parallel_65_via/quantum/action_layer.o
                0x0000139a                store_or_get_action
 .text.update_tri_layer_state
                0x000013ec       0x3a .build/obj_custom_parallel_65_via/quantum/action_layer.o
                0x000013ec                update_tri_layer_state
 .text.update_tri_layer
                0x00001426       0x14 .build/obj_custom_parallel_65_via/quantum/action_layer.o
                0x00001426                update_tri_layer
 .text.debug_waiting_buffer
                0x0000143a       0x44 .build/obj_custom_parallel_65_via/quantum/action_tapping.o
 .text.debug_tapping_key
                0x0000147e       0x22 .build/obj_custom_parallel_65_via/quantum/action_tapping.o
 .text.waiting_buffer_scan_tap
                0x000014a0       0xa2 .build/obj_custom_parallel_65_via/quantum/action_tapping.o
 .text.waiting_buffer_typed.isra.0
                0x00001542       0x3e .build/obj_custom_parallel_65_via/quantum/action_tapping.o
 .text.process_tapping
                0x00001580      0x2f4 .build/obj_custom_parallel_65_via/quantum/action_tapping.o
 .text.action_tapping_process
                0x00001874      0x10c .build/obj_custom_parallel_65_via/quantum/action_tapping.o
                0x00001874                action_tapping_process
 .text.get_oneshot_layer
                0x00001980        0xc .build/obj_custom_parallel_65_via/quantum/action_util.o
                0x00001980                get_oneshot_layer
 .text.get_oneshot_layer_state
                0x0000198c        0x8 .build/obj_custom_parallel_65_via/quantum/action_util.o
                0x0000198c                get_oneshot_layer_state
 .text.is_oneshot_layer_active
                0x00001994       0x10 .build/obj_custom_parallel_65_via/quantum/action_util.o
                0x00001994                is_oneshot_layer_active
 .text.get_mods
                0x000019a4        0x6 .build/obj_custom_parallel_65_via/quantum/action_util.o
                0x000019a4                get_mods
 .text.add_mods
                0x000019aa        0xc .build/obj_custom_parallel_65_via/quantum/action_util.o
                0x000019aa                add_mods
 .text.del_mods
                0x000019b6       0x10 .build/obj_custom_parallel_65_via/quantum/action_util.o
                0x000019b6                del_mods
 .text.clear_mods
                0x000019c6        0x6 .build/obj_custom_parallel_65_via/quantum/action_util.o
                0x000019c6                clear_mods
 .text.add_weak_mods
                0x000019cc        0xc .build/obj_custom_parallel_65_via/quantum/action_util.o
                0x000019cc                add_weak_mods
 .text.del_weak_mods
                0x000019d8       0x10 .build/obj_custom_parallel_65_via/quantum/action_util.o
                0x000019d8                del_weak_mods
 .text.clear_weak_mods
                0x000019e8        0x6 .build/obj_custom_parallel_65_via/quantum/action_util.o
                0x000019e8                clear_weak_mods
 .text.oneshot_locked_mods_changed_user
                0x000019ee        0x2 .build/obj_custom_parallel_65_via/quantum/action_util.o
                0x000019ee                oneshot_locked_mods_changed_user
 .text.oneshot_locked_mods_changed_kb
                0x000019f0        0x6 .build/obj_custom_parallel_65_via/quantum/action_util.o
                0x000019f0                oneshot_locked_mods_changed_kb
 .text.del_oneshot_locked_mods
                0x000019f6       0x1a .build/obj_custom_parallel_65_via/quantum/action_util.o
                0x000019f6                del_oneshot_locked_mods
 .text.oneshot_mods_changed_user
                0x00001a10        0x2 .build/obj_custom_parallel_65_via/quantum/action_util.o
                0x00001a10                oneshot_mods_changed_user
 .text.oneshot_mods_changed_kb
                0x00001a12        0x6 .build/obj_custom_parallel_65_via/quantum/action_util.o
                0x00001a12                oneshot_mods_changed_kb
 .text.add_oneshot_mods
                0x00001a18       0x18 .build/obj_custom_parallel_65_via/quantum/action_util.o
                0x00001a18                add_oneshot_mods
 .text.del_oneshot_mods
                0x00001a30       0x1a .build/obj_custom_parallel_65_via/quantum/action_util.o
                0x00001a30                del_oneshot_mods
 .text.clear_oneshot_mods
                0x00001a4a       0x14 .build/obj_custom_parallel_65_via/quantum/action_util.o
                0x00001a4a                clear_oneshot_mods
 .text.send_6kro_report
                0x00001a5e       0x6c .build/obj_custom_parallel_65_via/quantum/action_util.o
                0x00001a5e                send_6kro_report
 .text.send_keyboard_report
                0x00001aca        0x6 .build/obj_custom_parallel_65_via/quantum/action_util.o
                0x00001aca                send_keyboard_report
 .text.oneshot_layer_changed_user
                0x00001ad0        0x2 .build/obj_custom_parallel_65_via/quantum/action_util.o
                0x00001ad0                oneshot_layer_changed_user
 .text.oneshot_layer_changed_kb
                0x00001ad2        0x6 .build/obj_custom_parallel_65_via/quantum/action_util.o
                0x00001ad2                oneshot_layer_changed_kb
 .text.set_oneshot_layer
                0x00001ad8       0x30 .build/obj_custom_parallel_65_via/quantum/action_util.o
                0x00001ad8                set_oneshot_layer
 .text.reset_oneshot_layer
                0x00001b08        0xc .build/obj_custom_parallel_65_via/quantum/action_util.o
                0x00001b08                reset_oneshot_layer
 .text.clear_oneshot_layer_state
                0x00001b14       0x30 .build/obj_custom_parallel_65_via/quantum/action_util.o
                0x00001b14                clear_oneshot_layer_state
 .text.oneshot_set
                0x00001b44       0x2a .build/obj_custom_parallel_65_via/quantum/action_util.o
                0x00001b44                oneshot_set
 .text.oneshot_toggle
                0x00001b6e       0x14 .build/obj_custom_parallel_65_via/quantum/action_util.o
                0x00001b6e                oneshot_toggle
 .text.oneshot_enable
                0x00001b82        0x8 .build/obj_custom_parallel_65_via/quantum/action_util.o
                0x00001b82                oneshot_enable
 .text.oneshot_disable
                0x00001b8a        0x8 .build/obj_custom_parallel_65_via/quantum/action_util.o
                0x00001b8a                oneshot_disable
 .text.eeconfig_disable
                0x00001b92        0xe .build/obj_custom_parallel_65_via/quantum/eeconfig.o
                0x00001b92                eeconfig_disable
 .text.eeconfig_is_enabled
                0x00001ba0       0x18 .build/obj_custom_parallel_65_via/quantum/eeconfig.o
                0x00001ba0                eeconfig_is_enabled
 .text.eeconfig_read_debug
                0x00001bb8        0xa .build/obj_custom_parallel_65_via/quantum/eeconfig.o
                0x00001bb8                eeconfig_read_debug
 .text.eeconfig_read_default_layer
                0x00001bc2        0xa .build/obj_custom_parallel_65_via/quantum/eeconfig.o
                0x00001bc2                eeconfig_read_default_layer
 .text.eeconfig_read_keymap
                0x00001bcc        0xa .build/obj_custom_parallel_65_via/quantum/eeconfig.o
                0x00001bcc                eeconfig_read_keymap
 .text.eeconfig_update_keymap
                0x00001bd6        0xc .build/obj_custom_parallel_65_via/quantum/eeconfig.o
                0x00001bd6                eeconfig_update_keymap
 .text.eeconfig_update_kb
                0x00001be2        0xe .build/obj_custom_parallel_65_via/quantum/eeconfig.o
                0x00001be2                eeconfig_update_kb
 .text.eeconfig_update_user
                0x00001bf0        0xe .build/obj_custom_parallel_65_via/quantum/eeconfig.o
                0x00001bf0                eeconfig_update_user
 .text.eeconfig_init_user
                0x00001bfe        0xc .build/obj_custom_parallel_65_via/quantum/eeconfig.o
                0x00001bfe                eeconfig_init_user
 .text.eeconfig_init_kb
                0x00001c0a       0x10 .build/obj_custom_parallel_65_via/quantum/eeconfig.o
                0x00001c0a                eeconfig_init_kb
 .text.eeconfig_init_quantum
                0x00001c1a       0xc2 .build/obj_custom_parallel_65_via/quantum/eeconfig.o
                0x00001c1a                eeconfig_init_quantum
 .text.eeconfig_init
                0x00001cdc        0x6 .build/obj_custom_parallel_65_via/quantum/eeconfig.o
                0x00001cdc                eeconfig_init
 .text.eeconfig_update_handedness
                0x00001ce2        0xc .build/obj_custom_parallel_65_via/quantum/eeconfig.o
                0x00001ce2                eeconfig_update_handedness
 .text.generate_tick_event
                0x00001cee       0x46 .build/obj_custom_parallel_65_via/quantum/keyboard.o
 .text.last_matrix_activity_trigger
                0x00001d34       0x26 .build/obj_custom_parallel_65_via/quantum/keyboard.o
                0x00001d34                last_matrix_activity_trigger
 .text.keyboard_pre_init_user
                0x00001d5a        0x2 .build/obj_custom_parallel_65_via/quantum/keyboard.o
                0x00001d5a                keyboard_pre_init_user
 .text.matrix_setup
                0x00001d5c        0x2 .build/obj_custom_parallel_65_via/quantum/keyboard.o
                0x00001d5c                matrix_setup
 .text.keyboard_pre_init_kb
                0x00001d5e        0x6 .build/obj_custom_parallel_65_via/quantum/keyboard.o
                0x00001d5e                keyboard_pre_init_kb
 .text.keyboard_post_init_user
                0x00001d64        0x2 .build/obj_custom_parallel_65_via/quantum/keyboard.o
                0x00001d64                keyboard_post_init_user
 .text.keyboard_post_init_kb
                0x00001d66        0x6 .build/obj_custom_parallel_65_via/quantum/keyboard.o
                0x00001d66                keyboard_post_init_kb
 .text.keyboard_setup
                0x00001d6c       0x12 .build/obj_custom_parallel_65_via/quantum/keyboard.o
                0x00001d6c                keyboard_setup
 .text.is_keyboard_master
                0x00001d7e        0x4 .build/obj_custom_parallel_65_via/quantum/keyboard.o
                0x00001d7e                is_keyboard_master
 .text.matrix_can_read
                0x00001d82        0x6 .build/obj_custom_parallel_65_via/quantum/keyboard.o
                0x00001d82                matrix_can_read
 .text.should_process_keypress
                0x00001d88        0x6 .build/obj_custom_parallel_65_via/quantum/keyboard.o
                0x00001d88                should_process_keypress
 .text.housekeeping_task_kb
                0x00001d8e        0x2 .build/obj_custom_parallel_65_via/quantum/keyboard.o
                0x00001d8e                housekeeping_task_kb
 .text.housekeeping_task_user
                0x00001d90        0x2 .build/obj_custom_parallel_65_via/quantum/keyboard.o
                0x00001d90                housekeeping_task_user
 .text.housekeeping_task
                0x00001d92        0xa .build/obj_custom_parallel_65_via/quantum/keyboard.o
                0x00001d92                housekeeping_task
 .text.quantum_init
                0x00001d9c       0x36 .build/obj_custom_parallel_65_via/quantum/keyboard.o
                0x00001d9c                quantum_init
 .text.keyboard_init
                0x00001dd2       0x1e .build/obj_custom_parallel_65_via/quantum/keyboard.o
                0x00001dd2                keyboard_init
 .text.keyboard_task
                0x00001df0       0xf2 .build/obj_custom_parallel_65_via/quantum/keyboard.o
                0x00001df0                keyboard_task
 .text.action_for_keycode
                0x00001ee2      0x232 .build/obj_custom_parallel_65_via/quantum/keymap_common.o
                0x00001ee2                action_for_keycode
 .text.keymap_key_to_keycode
                0x00002114       0x18 .build/obj_custom_parallel_65_via/quantum/keymap_common.o
                0x00002114                keymap_key_to_keycode
 .text.action_for_key
                0x0000212c        0xa .build/obj_custom_parallel_65_via/quantum/keymap_common.o
                0x0000212c                action_for_key
 .text.keycode_config
                0x00002136      0x148 .build/obj_custom_parallel_65_via/quantum/keycode_config.o
                0x00002136                keycode_config
 .text.mod_config
                0x0000227e       0x9e .build/obj_custom_parallel_65_via/quantum/keycode_config.o
                0x0000227e                mod_config
 .text.sendchar
                0x0000231c        0x4 .build/obj_custom_parallel_65_via/quantum/logging/sendchar.o
                0x0000231c                sendchar
 .text.matrix_init_user
                0x00002320        0x2 .build/obj_custom_parallel_65_via/quantum/matrix_common.o
                0x00002320                matrix_init_user
 .text.matrix_init_kb
                0x00002322        0x6 .build/obj_custom_parallel_65_via/quantum/matrix_common.o
                0x00002322                matrix_init_kb
 .text.matrix_scan_user
                0x00002328        0x2 .build/obj_custom_parallel_65_via/quantum/matrix_common.o
                0x00002328                matrix_scan_user
 .text.matrix_scan_kb
                0x0000232a        0x6 .build/obj_custom_parallel_65_via/quantum/matrix_common.o
                0x0000232a                matrix_scan_kb
 .text.matrix_get_row
                0x00002330       0x12 .build/obj_custom_parallel_65_via/quantum/matrix_common.o
                0x00002330                matrix_get_row
 .text.matrix_print
                0x00002342        0x2 .build/obj_custom_parallel_65_via/quantum/matrix_common.o
                0x00002342                matrix_print
 .text.matrix_io_delay
                0x00002344        0x8 .build/obj_custom_parallel_65_via/quantum/matrix_common.o
                0x00002344                matrix_io_delay
 .text.matrix_output_select_delay
                0x0000234c        0x4 .build/obj_custom_parallel_65_via/quantum/matrix_common.o
                0x0000234c                matrix_output_select_delay
 .text.matrix_output_unselect_delay
                0x00002350        0x6 .build/obj_custom_parallel_65_via/quantum/matrix_common.o
                0x00002350                matrix_output_unselect_delay
 .text.gpio_atomic_set_pin_input_high
                0x00002356       0x32 .build/obj_custom_parallel_65_via/quantum/matrix.o
 .text.matrix_init_pins
                0x00002388       0x40 .build/obj_custom_parallel_65_via/quantum/matrix.o
                0x00002388                matrix_init_pins
 .text.matrix_read_cols_on_row
                0x000023c8       0xce .build/obj_custom_parallel_65_via/quantum/matrix.o
                0x000023c8                matrix_read_cols_on_row
 .text.matrix_init
                0x00002496       0x2c .build/obj_custom_parallel_65_via/quantum/matrix.o
                0x00002496                matrix_init
 .text.matrix_scan
                0x000024c2       0x7a .build/obj_custom_parallel_65_via/quantum/matrix.o
                0x000024c2                matrix_scan
 .text.debounce_init
                0x0000253c        0x2 .build/obj_custom_parallel_65_via/quantum/debounce/sym_defer_g.o
                0x0000253c                debounce_init
 .text.debounce
                0x0000253e       0x82 .build/obj_custom_parallel_65_via/quantum/debounce/sym_defer_g.o
                0x0000253e                debounce
 .text.protocol_keyboard_task
                0x000025c0        0x6 .build/obj_custom_parallel_65_via/quantum/main.o
                0x000025c0                protocol_keyboard_task
 .text.startup.main
                0x000025c6       0x2e .build/obj_custom_parallel_65_via/quantum/main.o
                0x000025c6                main
 .text.print_set_sendchar
                0x000025f4        0xa .build/obj_custom_parallel_65_via/platforms/avr/printf.o
                0x000025f4                print_set_sendchar
 .text.hsv_to_rgb_impl
                0x000025fe      0x12a .build/obj_custom_parallel_65_via/quantum/color.o
                0x000025fe                hsv_to_rgb_impl
 .text.hsv_to_rgb
                0x00002728        0x8 .build/obj_custom_parallel_65_via/quantum/color.o
                0x00002728                hsv_to_rgb
 .text.scale16by8
                0x00002730       0x14 .build/obj_custom_parallel_65_via/quantum/rgb_matrix/rgb_matrix.o
 .text.sqrt16   0x00002744       0x60 .build/obj_custom_parallel_65_via/quantum/rgb_matrix/rgb_matrix.o
 .text.BAND_SAT_math
                0x000027a4       0x58 .build/obj_custom_parallel_65_via/quantum/rgb_matrix/rgb_matrix.o
 .text.SPLASH_math
                0x000027fc       0x30 .build/obj_custom_parallel_65_via/quantum/rgb_matrix/rgb_matrix.o
                0x000027fc                SPLASH_math
 .text.SOLID_SPLASH_math
                0x0000282c       0x2c .build/obj_custom_parallel_65_via/quantum/rgb_matrix/rgb_matrix.o
                0x0000282c                SOLID_SPLASH_math
 .text.eeconfig_flag_rgb_matrix
                0x00002858        0xc .build/obj_custom_parallel_65_via/quantum/rgb_matrix/rgb_matrix.o
 .text.atan2_8  0x00002864       0x5e .build/obj_custom_parallel_65_via/quantum/rgb_matrix/rgb_matrix.o
 .text.BAND_PINWHEEL_SAT_math
                0x000028c2       0x3c .build/obj_custom_parallel_65_via/quantum/rgb_matrix/rgb_matrix.o
 .text.BAND_PINWHEEL_VAL_math
                0x000028fe       0x3e .build/obj_custom_parallel_65_via/quantum/rgb_matrix/rgb_matrix.o
 .text.BAND_SPIRAL_SAT_math
                0x0000293c       0x36 .build/obj_custom_parallel_65_via/quantum/rgb_matrix/rgb_matrix.o
 .text.eeconfig_flush_rgb_matrix.part.0
                0x00002972       0x16 .build/obj_custom_parallel_65_via/quantum/rgb_matrix/rgb_matrix.o
 .text.rgb_matrix_hsv_to_rgb
                0x00002988        0x6 .build/obj_custom_parallel_65_via/quantum/rgb_matrix/rgb_matrix.o
                0x00002988                rgb_matrix_hsv_to_rgb
 .text.eeconfig_update_rgb_matrix
                0x0000298e        0x6 .build/obj_custom_parallel_65_via/quantum/rgb_matrix/rgb_matrix.o
                0x0000298e                eeconfig_update_rgb_matrix
 .text.eeconfig_update_rgb_matrix_default
                0x00002994       0x28 .build/obj_custom_parallel_65_via/quantum/rgb_matrix/rgb_matrix.o
                0x00002994                eeconfig_update_rgb_matrix_default
 .text.rgb_matrix_map_row_column_to_led_kb
                0x000029bc        0x4 .build/obj_custom_parallel_65_via/quantum/rgb_matrix/rgb_matrix.o
                0x000029bc                rgb_matrix_map_row_column_to_led_kb
 .text.rgb_matrix_map_row_column_to_led
                0x000029c0       0x3e .build/obj_custom_parallel_65_via/quantum/rgb_matrix/rgb_matrix.o
                0x000029c0                rgb_matrix_map_row_column_to_led
 .text.rgb_matrix_update_pwm_buffers
                0x000029fe        0xc .build/obj_custom_parallel_65_via/quantum/rgb_matrix/rgb_matrix.o
                0x000029fe                rgb_matrix_update_pwm_buffers
 .text.rgb_matrix_set_color
                0x00002a0a        0xc .build/obj_custom_parallel_65_via/quantum/rgb_matrix/rgb_matrix.o
                0x00002a0a                rgb_matrix_set_color
 .text.rgb_matrix_set_color_all
                0x00002a16        0xc .build/obj_custom_parallel_65_via/quantum/rgb_matrix/rgb_matrix.o
                0x00002a16                rgb_matrix_set_color_all
 .text.rgb_matrix_handle_key_event
                0x00002a22      0x128 .build/obj_custom_parallel_65_via/quantum/rgb_matrix/rgb_matrix.o
                0x00002a22                rgb_matrix_handle_key_event
 .text.rgb_matrix_indicators_user
                0x00002b4a        0x4 .build/obj_custom_parallel_65_via/quantum/rgb_matrix/rgb_matrix.o
                0x00002b4a                rgb_matrix_indicators_user
 .text.rgb_matrix_indicators_kb
                0x00002b4e        0x6 .build/obj_custom_parallel_65_via/quantum/rgb_matrix/rgb_matrix.o
                0x00002b4e                rgb_matrix_indicators_kb
 .text.rgb_matrix_get_limits
                0x00002b54       0x12 .build/obj_custom_parallel_65_via/quantum/rgb_matrix/rgb_matrix.o
                0x00002b54                rgb_matrix_get_limits
 .text.effect_runner_dx_dy_dist
                0x00002b66       0xd0 .build/obj_custom_parallel_65_via/quantum/rgb_matrix/rgb_matrix.o
                0x00002b66                effect_runner_dx_dy_dist
 .text.BAND_SPIRAL_SAT
                0x00002c36        0xa .build/obj_custom_parallel_65_via/quantum/rgb_matrix/rgb_matrix.o
                0x00002c36                BAND_SPIRAL_SAT
 .text.effect_runner_dx_dy
                0x00002c40       0xba .build/obj_custom_parallel_65_via/quantum/rgb_matrix/rgb_matrix.o
                0x00002c40                effect_runner_dx_dy
 .text.BAND_PINWHEEL_SAT
                0x00002cfa        0xa .build/obj_custom_parallel_65_via/quantum/rgb_matrix/rgb_matrix.o
                0x00002cfa                BAND_PINWHEEL_SAT
 .text.BAND_PINWHEEL_VAL
                0x00002d04        0xa .build/obj_custom_parallel_65_via/quantum/rgb_matrix/rgb_matrix.o
                0x00002d04                BAND_PINWHEEL_VAL
 .text.effect_runner_i
                0x00002d0e       0x8c .build/obj_custom_parallel_65_via/quantum/rgb_matrix/rgb_matrix.o
                0x00002d0e                effect_runner_i
 .text.BAND_SAT
                0x00002d9a        0xa .build/obj_custom_parallel_65_via/quantum/rgb_matrix/rgb_matrix.o
                0x00002d9a                BAND_SAT
 .text.effect_runner_reactive_splash
                0x00002da4      0x140 .build/obj_custom_parallel_65_via/quantum/rgb_matrix/rgb_matrix.o
                0x00002da4                effect_runner_reactive_splash
 .text.SPLASH   0x00002ee4       0x1a .build/obj_custom_parallel_65_via/quantum/rgb_matrix/rgb_matrix.o
                0x00002ee4                SPLASH
 .text.SOLID_SPLASH
                0x00002efe       0x1a .build/obj_custom_parallel_65_via/quantum/rgb_matrix/rgb_matrix.o
                0x00002efe                SOLID_SPLASH
 .text.SOLID_COLOR
                0x00002f18       0x6a .build/obj_custom_parallel_65_via/quantum/rgb_matrix/rgb_matrix.o
                0x00002f18                SOLID_COLOR
 .text.ALPHAS_MODS
                0x00002f82       0x90 .build/obj_custom_parallel_65_via/quantum/rgb_matrix/rgb_matrix.o
                0x00002f82                ALPHAS_MODS
 .text.rgb_task_render
                0x00003012      0x118 .build/obj_custom_parallel_65_via/quantum/rgb_matrix/rgb_matrix.o
 .text.rgb_matrix_indicators_advanced_user
                0x0000312a        0x4 .build/obj_custom_parallel_65_via/quantum/rgb_matrix/rgb_matrix.o
                0x0000312a                rgb_matrix_indicators_advanced_user
 .text.rgb_matrix_indicators_advanced_kb
                0x0000312e        0x6 .build/obj_custom_parallel_65_via/quantum/rgb_matrix/rgb_matrix.o
                0x0000312e                rgb_matrix_indicators_advanced_kb
 .text.rgb_matrix_indicators_advanced
                0x00003134       0x12 .build/obj_custom_parallel_65_via/quantum/rgb_matrix/rgb_matrix.o
                0x00003134                rgb_matrix_indicators_advanced
 .text.rgb_matrix_task
                0x00003146      0x1a6 .build/obj_custom_parallel_65_via/quantum/rgb_matrix/rgb_matrix.o
                0x00003146                rgb_matrix_task
 .text.rgb_matrix_init
                0x000032ec       0x5a .build/obj_custom_parallel_65_via/quantum/rgb_matrix/rgb_matrix.o
                0x000032ec                rgb_matrix_init
 .text.rgb_matrix_set_suspend_state
                0x00003346       0x34 .build/obj_custom_parallel_65_via/quantum/rgb_matrix/rgb_matrix.o
                0x00003346                rgb_matrix_set_suspend_state
 .text.rgb_matrix_toggle_eeprom_helper
                0x0000337a       0x16 .build/obj_custom_parallel_65_via/quantum/rgb_matrix/rgb_matrix.o
                0x0000337a                rgb_matrix_toggle_eeprom_helper
 .text.rgb_matrix_toggle_noeeprom
                0x00003390        0x8 .build/obj_custom_parallel_65_via/quantum/rgb_matrix/rgb_matrix.o
                0x00003390                rgb_matrix_toggle_noeeprom
 .text.rgb_matrix_toggle
                0x00003398        0x8 .build/obj_custom_parallel_65_via/quantum/rgb_matrix/rgb_matrix.o
                0x00003398                rgb_matrix_toggle
 .text.rgb_matrix_enable_noeeprom
                0x000033a0       0x1c .build/obj_custom_parallel_65_via/quantum/rgb_matrix/rgb_matrix.o
                0x000033a0                rgb_matrix_enable_noeeprom
 .text.rgb_matrix_disable_noeeprom
                0x000033bc       0x18 .build/obj_custom_parallel_65_via/quantum/rgb_matrix/rgb_matrix.o
                0x000033bc                rgb_matrix_disable_noeeprom
 .text.rgb_matrix_is_enabled
                0x000033d4        0x8 .build/obj_custom_parallel_65_via/quantum/rgb_matrix/rgb_matrix.o
                0x000033d4                rgb_matrix_is_enabled
 .text.rgb_matrix_mode_eeprom_helper
                0x000033dc       0x3a .build/obj_custom_parallel_65_via/quantum/rgb_matrix/rgb_matrix.o
                0x000033dc                rgb_matrix_mode_eeprom_helper
 .text.rgb_matrix_mode_noeeprom
                0x00003416        0x8 .build/obj_custom_parallel_65_via/quantum/rgb_matrix/rgb_matrix.o
                0x00003416                rgb_matrix_mode_noeeprom
 .text.rgb_matrix_mode
                0x0000341e        0x8 .build/obj_custom_parallel_65_via/quantum/rgb_matrix/rgb_matrix.o
                0x0000341e                rgb_matrix_mode
 .text.rgb_matrix_get_mode
                0x00003426        0xa .build/obj_custom_parallel_65_via/quantum/rgb_matrix/rgb_matrix.o
                0x00003426                rgb_matrix_get_mode
 .text.rgb_matrix_step_helper
                0x00003430       0x18 .build/obj_custom_parallel_65_via/quantum/rgb_matrix/rgb_matrix.o
                0x00003430                rgb_matrix_step_helper
 .text.rgb_matrix_step
                0x00003448        0x8 .build/obj_custom_parallel_65_via/quantum/rgb_matrix/rgb_matrix.o
                0x00003448                rgb_matrix_step
 .text.rgb_matrix_step_reverse_helper
                0x00003450       0x1a .build/obj_custom_parallel_65_via/quantum/rgb_matrix/rgb_matrix.o
                0x00003450                rgb_matrix_step_reverse_helper
 .text.rgb_matrix_step_reverse
                0x0000346a        0x8 .build/obj_custom_parallel_65_via/quantum/rgb_matrix/rgb_matrix.o
                0x0000346a                rgb_matrix_step_reverse
 .text.rgb_matrix_sethsv_eeprom_helper
                0x00003472       0x26 .build/obj_custom_parallel_65_via/quantum/rgb_matrix/rgb_matrix.o
                0x00003472                rgb_matrix_sethsv_eeprom_helper
 .text.rgb_matrix_sethsv_noeeprom
                0x00003498        0x8 .build/obj_custom_parallel_65_via/quantum/rgb_matrix/rgb_matrix.o
                0x00003498                rgb_matrix_sethsv_noeeprom
 .text.rgb_matrix_get_hue
                0x000034a0        0x6 .build/obj_custom_parallel_65_via/quantum/rgb_matrix/rgb_matrix.o
                0x000034a0                rgb_matrix_get_hue
 .text.rgb_matrix_get_sat
                0x000034a6        0x6 .build/obj_custom_parallel_65_via/quantum/rgb_matrix/rgb_matrix.o
                0x000034a6                rgb_matrix_get_sat
 .text.rgb_matrix_get_val
                0x000034ac        0x6 .build/obj_custom_parallel_65_via/quantum/rgb_matrix/rgb_matrix.o
                0x000034ac                rgb_matrix_get_val
 .text.rgb_matrix_increase_hue_helper
                0x000034b2       0x18 .build/obj_custom_parallel_65_via/quantum/rgb_matrix/rgb_matrix.o
                0x000034b2                rgb_matrix_increase_hue_helper
 .text.rgb_matrix_increase_hue
                0x000034ca        0x8 .build/obj_custom_parallel_65_via/quantum/rgb_matrix/rgb_matrix.o
                0x000034ca                rgb_matrix_increase_hue
 .text.rgb_matrix_decrease_hue_helper
                0x000034d2       0x16 .build/obj_custom_parallel_65_via/quantum/rgb_matrix/rgb_matrix.o
                0x000034d2                rgb_matrix_decrease_hue_helper
 .text.rgb_matrix_decrease_hue
                0x000034e8        0x8 .build/obj_custom_parallel_65_via/quantum/rgb_matrix/rgb_matrix.o
                0x000034e8                rgb_matrix_decrease_hue
 .text.rgb_matrix_increase_sat_helper
                0x000034f0       0x1c .build/obj_custom_parallel_65_via/quantum/rgb_matrix/rgb_matrix.o
                0x000034f0                rgb_matrix_increase_sat_helper
 .text.rgb_matrix_increase_sat
                0x0000350c        0x8 .build/obj_custom_parallel_65_via/quantum/rgb_matrix/rgb_matrix.o
                0x0000350c                rgb_matrix_increase_sat
 .text.rgb_matrix_decrease_sat_helper
                0x00003514       0x1c .build/obj_custom_parallel_65_via/quantum/rgb_matrix/rgb_matrix.o
                0x00003514                rgb_matrix_decrease_sat_helper
 .text.rgb_matrix_decrease_sat
                0x00003530        0x8 .build/obj_custom_parallel_65_via/quantum/rgb_matrix/rgb_matrix.o
                0x00003530                rgb_matrix_decrease_sat
 .text.rgb_matrix_increase_val_helper
                0x00003538       0x1c .build/obj_custom_parallel_65_via/quantum/rgb_matrix/rgb_matrix.o
                0x00003538                rgb_matrix_increase_val_helper
 .text.rgb_matrix_increase_val
                0x00003554        0x8 .build/obj_custom_parallel_65_via/quantum/rgb_matrix/rgb_matrix.o
                0x00003554                rgb_matrix_increase_val
 .text.rgb_matrix_decrease_val_helper
                0x0000355c       0x1c .build/obj_custom_parallel_65_via/quantum/rgb_matrix/rgb_matrix.o
                0x0000355c                rgb_matrix_decrease_val_helper
 .text.rgb_matrix_decrease_val
                0x00003578        0x8 .build/obj_custom_parallel_65_via/quantum/rgb_matrix/rgb_matrix.o
                0x00003578                rgb_matrix_decrease_val
 .text.rgb_matrix_set_speed_noeeprom
                0x00003580        0xc .build/obj_custom_parallel_65_via/quantum/rgb_matrix/rgb_matrix.o
                0x00003580                rgb_matrix_set_speed_noeeprom
 .text.rgb_matrix_get_speed
                0x0000358c        0x6 .build/obj_custom_parallel_65_via/quantum/rgb_matrix/rgb_matrix.o
                0x0000358c                rgb_matrix_get_speed
 .text.rgb_matrix_increase_speed_helper
                0x00003592       0x16 .build/obj_custom_parallel_65_via/quantum/rgb_matrix/rgb_matrix.o
                0x00003592                rgb_matrix_increase_speed_helper
 .text.rgb_matrix_increase_speed
                0x000035a8        0x8 .build/obj_custom_parallel_65_via/quantum/rgb_matrix/rgb_matrix.o
                0x000035a8                rgb_matrix_increase_speed
 .text.rgb_matrix_decrease_speed_helper
                0x000035b0       0x16 .build/obj_custom_parallel_65_via/quantum/rgb_matrix/rgb_matrix.o
                0x000035b0                rgb_matrix_decrease_speed_helper
 .text.rgb_matrix_decrease_speed
                0x000035c6        0x8 .build/obj_custom_parallel_65_via/quantum/rgb_matrix/rgb_matrix.o
                0x000035c6                rgb_matrix_decrease_speed
 .text.setled   0x000035ce       0x42 .build/obj_custom_parallel_65_via/quantum/rgb_matrix/rgb_matrix_drivers.o
 .text.setled_all
                0x00003610       0x32 .build/obj_custom_parallel_65_via/quantum/rgb_matrix/rgb_matrix_drivers.o
 .text.flush    0x00003642       0x1a .build/obj_custom_parallel_65_via/quantum/rgb_matrix/rgb_matrix_drivers.o
 .text.init     0x0000365c        0xa .build/obj_custom_parallel_65_via/quantum/rgb_matrix/rgb_matrix_drivers.o
 .text.handleKeycodeRGB
                0x00003666        0xe .build/obj_custom_parallel_65_via/quantum/process_keycode/process_rgb.o
 .text.process_rgb
                0x00003674       0xae .build/obj_custom_parallel_65_via/quantum/process_keycode/process_rgb.o
                0x00003674                process_rgb
 .text.ws2812_init
                0x00003722        0x4 .build/obj_custom_parallel_65_via/ws2812_bitbang.o
                0x00003722                ws2812_init
 .text.ws2812_setleds
                0x00003726       0x5a .build/obj_custom_parallel_65_via/ws2812_bitbang.o
                0x00003726                ws2812_setleds
 .text.bootmagic_reset_eeprom
                0x00003780        0x6 .build/obj_custom_parallel_65_via/quantum/bootmagic/bootmagic.o
                0x00003780                bootmagic_reset_eeprom
 .text.bootmagic_should_reset
                0x00003786        0xa .build/obj_custom_parallel_65_via/quantum/bootmagic/bootmagic.o
                0x00003786                bootmagic_should_reset
 .text.bootmagic_scan
                0x00003790       0x2c .build/obj_custom_parallel_65_via/quantum/bootmagic/bootmagic.o
                0x00003790                bootmagic_scan
 .text.bootmagic
                0x000037bc        0x6 .build/obj_custom_parallel_65_via/quantum/bootmagic/bootmagic.o
                0x000037bc                bootmagic
 .text.dynamic_keymap_get_layer_count
                0x000037c2        0x4 .build/obj_custom_parallel_65_via/quantum/dynamic_keymap.o
                0x000037c2                dynamic_keymap_get_layer_count
 .text.dynamic_keymap_key_to_eeprom_address
                0x000037c6       0x22 .build/obj_custom_parallel_65_via/quantum/dynamic_keymap.o
                0x000037c6                dynamic_keymap_key_to_eeprom_address
 .text.dynamic_keymap_get_keycode
                0x000037e8       0x44 .build/obj_custom_parallel_65_via/quantum/dynamic_keymap.o
                0x000037e8                dynamic_keymap_get_keycode
 .text.dynamic_keymap_set_keycode
                0x0000382c       0x38 .build/obj_custom_parallel_65_via/quantum/dynamic_keymap.o
                0x0000382c                dynamic_keymap_set_keycode
 .text.dynamic_keymap_reset
                0x00003864       0x40 .build/obj_custom_parallel_65_via/quantum/dynamic_keymap.o
                0x00003864                dynamic_keymap_reset
 .text.dynamic_keymap_get_buffer
                0x000038a4       0x42 .build/obj_custom_parallel_65_via/quantum/dynamic_keymap.o
                0x000038a4                dynamic_keymap_get_buffer
 .text.dynamic_keymap_set_buffer
                0x000038e6       0x40 .build/obj_custom_parallel_65_via/quantum/dynamic_keymap.o
                0x000038e6                dynamic_keymap_set_buffer
 .text.keycode_at_keymap_location
                0x00003926       0x18 .build/obj_custom_parallel_65_via/quantum/dynamic_keymap.o
                0x00003926                keycode_at_keymap_location
 .text.dynamic_keymap_macro_get_count
                0x0000393e        0x4 .build/obj_custom_parallel_65_via/quantum/dynamic_keymap.o
                0x0000393e                dynamic_keymap_macro_get_count
 .text.dynamic_keymap_macro_get_buffer_size
                0x00003942        0x6 .build/obj_custom_parallel_65_via/quantum/dynamic_keymap.o
                0x00003942                dynamic_keymap_macro_get_buffer_size
 .text.dynamic_keymap_macro_get_buffer
                0x00003948       0x44 .build/obj_custom_parallel_65_via/quantum/dynamic_keymap.o
                0x00003948                dynamic_keymap_macro_get_buffer
 .text.dynamic_keymap_macro_set_buffer
                0x0000398c       0x42 .build/obj_custom_parallel_65_via/quantum/dynamic_keymap.o
                0x0000398c                dynamic_keymap_macro_set_buffer
 .text.dynamic_keymap_macro_reset
                0x000039ce       0x20 .build/obj_custom_parallel_65_via/quantum/dynamic_keymap.o
                0x000039ce                dynamic_keymap_macro_reset
 .text.dynamic_keymap_macro_send
                0x000039ee       0xfc .build/obj_custom_parallel_65_via/quantum/dynamic_keymap.o
                0x000039ee                dynamic_keymap_macro_send
 .text.process_grave_esc
                0x00003aea       0x56 .build/obj_custom_parallel_65_via/quantum/process_keycode/process_grave_esc.o
                0x00003aea                process_grave_esc
 .text.process_magic
                0x00003b40      0x1b8 .build/obj_custom_parallel_65_via/quantum/process_keycode/process_magic.o
                0x00003b40                process_magic
 .text.times_inv_sqrt2
                0x00003cf8       0x1c .build/obj_custom_parallel_65_via/quantum/mousekey.o
 .text.move_unit
                0x00003d14       0x90 .build/obj_custom_parallel_65_via/quantum/mousekey.o
 .text.wheel_unit
                0x00003da4       0x78 .build/obj_custom_parallel_65_via/quantum/mousekey.o
 .text.mousekey_on
                0x00003e1c       0x92 .build/obj_custom_parallel_65_via/quantum/mousekey.o
                0x00003e1c                mousekey_on
 .text.mousekey_off
                0x00003eae       0xf0 .build/obj_custom_parallel_65_via/quantum/mousekey.o
                0x00003eae                mousekey_off
 .text.mousekey_send
                0x00003f9e       0x3a .build/obj_custom_parallel_65_via/quantum/mousekey.o
                0x00003f9e                mousekey_send
 .text.mousekey_clear
                0x00003fd8       0x1c .build/obj_custom_parallel_65_via/quantum/mousekey.o
                0x00003fd8                mousekey_clear
 .text.should_mousekey_report_send
                0x00003ff4       0x26 .build/obj_custom_parallel_65_via/quantum/mousekey.o
                0x00003ff4                should_mousekey_report_send
 .text.mousekey_task
                0x0000401a      0x1e0 .build/obj_custom_parallel_65_via/quantum/mousekey.o
                0x0000401a                mousekey_task
 .text.send_char_with_delay
                0x000041fa      0x148 .build/obj_custom_parallel_65_via/quantum/send_string/send_string.o
                0x000041fa                send_char_with_delay
 .text.send_string_with_delay
                0x00004342       0xd6 .build/obj_custom_parallel_65_via/quantum/send_string/send_string.o
                0x00004342                send_string_with_delay
 .text.perform_space_cadet
                0x00004418       0xde .build/obj_custom_parallel_65_via/quantum/process_keycode/process_space_cadet.o
                0x00004418                perform_space_cadet
 .text.process_space_cadet
                0x000044f6       0x82 .build/obj_custom_parallel_65_via/quantum/process_keycode/process_space_cadet.o
                0x000044f6                process_space_cadet
 .text.process_tri_layer
                0x00004578       0x64 .build/obj_custom_parallel_65_via/quantum/process_keycode/process_tri_layer.o
                0x00004578                process_tri_layer
 .text.get_tri_layer_lower_layer
                0x000045dc        0x6 .build/obj_custom_parallel_65_via/quantum/tri_layer.o
                0x000045dc                get_tri_layer_lower_layer
 .text.get_tri_layer_upper_layer
                0x000045e2        0x6 .build/obj_custom_parallel_65_via/quantum/tri_layer.o
                0x000045e2                get_tri_layer_upper_layer
 .text.get_tri_layer_adjust_layer
                0x000045e8        0x6 .build/obj_custom_parallel_65_via/quantum/tri_layer.o
                0x000045e8                get_tri_layer_adjust_layer
 .text.via_eeprom_is_valid
                0x000045ee       0x32 .build/obj_custom_parallel_65_via/quantum/via.o
                0x000045ee                via_eeprom_is_valid
 .text.via_eeprom_set_valid
                0x00004620       0x3c .build/obj_custom_parallel_65_via/quantum/via.o
                0x00004620                via_eeprom_set_valid
 .text.via_init_kb
                0x0000465c        0x2 .build/obj_custom_parallel_65_via/quantum/via.o
                0x0000465c                via_init_kb
 .text.via_get_layout_options
                0x0000465e       0x28 .build/obj_custom_parallel_65_via/quantum/via.o
                0x0000465e                via_get_layout_options
 .text.via_set_layout_options_kb
                0x00004686        0x2 .build/obj_custom_parallel_65_via/quantum/via.o
                0x00004686                via_set_layout_options_kb
 .text.via_set_layout_options
                0x00004688       0x16 .build/obj_custom_parallel_65_via/quantum/via.o
                0x00004688                via_set_layout_options
 .text.eeconfig_init_via
                0x0000469e       0x20 .build/obj_custom_parallel_65_via/quantum/via.o
                0x0000469e                eeconfig_init_via
 .text.via_init
                0x000046be       0x1a .build/obj_custom_parallel_65_via/quantum/via.o
                0x000046be                via_init
 .text.via_set_device_indication
                0x000046d8        0x6 .build/obj_custom_parallel_65_via/quantum/via.o
                0x000046d8                via_set_device_indication
 .text.process_record_via
                0x000046de       0x22 .build/obj_custom_parallel_65_via/quantum/via.o
                0x000046de                process_record_via
 .text.via_custom_value_command_kb
                0x00004700        0x8 .build/obj_custom_parallel_65_via/quantum/via.o
                0x00004700                via_custom_value_command_kb
 .text.via_command_kb
                0x00004708        0x4 .build/obj_custom_parallel_65_via/quantum/via.o
                0x00004708                via_command_kb
 .text.via_qmk_rgb_matrix_get_value
                0x0000470c       0x5a .build/obj_custom_parallel_65_via/quantum/via.o
                0x0000470c                via_qmk_rgb_matrix_get_value
 .text.via_qmk_rgb_matrix_set_value
                0x00004766       0x70 .build/obj_custom_parallel_65_via/quantum/via.o
                0x00004766                via_qmk_rgb_matrix_set_value
 .text.via_qmk_rgb_matrix_command
                0x000047d6       0x32 .build/obj_custom_parallel_65_via/quantum/via.o
                0x000047d6                via_qmk_rgb_matrix_command
 .text.via_custom_value_command
                0x00004808       0x14 .build/obj_custom_parallel_65_via/quantum/via.o
                0x00004808                via_custom_value_command
 .text.raw_hid_receive
                0x0000481c      0x274 .build/obj_custom_parallel_65_via/quantum/via.o
                0x0000481c                raw_hid_receive
 .text.host_set_driver
                0x00004a90        0xa .build/obj_custom_parallel_65_via/protocol/host.o
                0x00004a90                host_set_driver
 .text.host_keyboard_leds
                0x00004a9a       0x1a .build/obj_custom_parallel_65_via/protocol/host.o
                0x00004a9a                host_keyboard_leds
 .text.host_keyboard_led_state
                0x00004ab4        0x6 .build/obj_custom_parallel_65_via/protocol/host.o
                0x00004ab4                host_keyboard_led_state
 .text.host_keyboard_send
                0x00004aba       0x16 .build/obj_custom_parallel_65_via/protocol/host.o
                0x00004aba                host_keyboard_send
 .text.host_mouse_send
                0x00004ad0       0x1e .build/obj_custom_parallel_65_via/protocol/host.o
                0x00004ad0                host_mouse_send
 .text.host_system_send
                0x00004aee       0x4c .build/obj_custom_parallel_65_via/protocol/host.o
                0x00004aee                host_system_send
 .text.host_consumer_send
                0x00004b3a       0x4c .build/obj_custom_parallel_65_via/protocol/host.o
                0x00004b3a                host_consumer_send
 .text.has_anykey
                0x00004b86       0x28 .build/obj_custom_parallel_65_via/protocol/report.o
                0x00004b86                has_anykey
 .text.is_key_pressed
                0x00004bae       0x28 .build/obj_custom_parallel_65_via/protocol/report.o
                0x00004bae                is_key_pressed
 .text.add_key_byte
                0x00004bd6       0x34 .build/obj_custom_parallel_65_via/protocol/report.o
                0x00004bd6                add_key_byte
 .text.del_key_byte
                0x00004c0a       0x1e .build/obj_custom_parallel_65_via/protocol/report.o
                0x00004c0a                del_key_byte
 .text.add_key_to_report
                0x00004c28       0x10 .build/obj_custom_parallel_65_via/protocol/report.o
                0x00004c28                add_key_to_report
 .text.del_key_from_report
                0x00004c38       0x10 .build/obj_custom_parallel_65_via/protocol/report.o
                0x00004c38                del_key_from_report
 .text.clear_keys_from_report
                0x00004c48       0x16 .build/obj_custom_parallel_65_via/protocol/report.o
                0x00004c48                clear_keys_from_report
 .text.has_mouse_report_changed
                0x00004c5e       0x5a .build/obj_custom_parallel_65_via/protocol/report.o
                0x00004c5e                has_mouse_report_changed
 .text.notify_usb_device_state_change_user
                0x00004cb8        0x2 .build/obj_custom_parallel_65_via/protocol/usb_device_state.o
                0x00004cb8                notify_usb_device_state_change_user
 .text.notify_usb_device_state_change_kb
                0x00004cba        0x6 .build/obj_custom_parallel_65_via/protocol/usb_device_state.o
                0x00004cba                notify_usb_device_state_change_kb
 .text.usb_device_state_set_configuration
                0x00004cc0        0xc .build/obj_custom_parallel_65_via/protocol/usb_device_state.o
                0x00004cc0                usb_device_state_set_configuration
 .text.usb_device_state_set_suspend
                0x00004ccc        0xc .build/obj_custom_parallel_65_via/protocol/usb_device_state.o
                0x00004ccc                usb_device_state_set_suspend
 .text.usb_device_state_set_resume
                0x00004cd8        0x6 .build/obj_custom_parallel_65_via/protocol/usb_device_state.o
                0x00004cd8                usb_device_state_set_resume
 .text.usb_device_state_set_reset
                0x00004cde        0xc .build/obj_custom_parallel_65_via/protocol/usb_device_state.o
                0x00004cde                usb_device_state_set_reset
 .text.usb_device_state_init
                0x00004cea        0x6 .build/obj_custom_parallel_65_via/protocol/usb_device_state.o
                0x00004cea                usb_device_state_init
 .text.suspend_wakeup_init_user
                0x00004cf0        0x2 .build/obj_custom_parallel_65_via/platforms/suspend.o
                0x00004cf0                suspend_wakeup_init_user
 .text.suspend_power_down_user
                0x00004cf2        0x2 .build/obj_custom_parallel_65_via/platforms/suspend.o
                0x00004cf2                suspend_power_down_user
 .text.suspend_power_down_kb
                0x00004cf4        0x6 .build/obj_custom_parallel_65_via/platforms/suspend.o
                0x00004cf4                suspend_power_down_kb
 .text.matrix_power_up
                0x00004cfa        0x2 .build/obj_custom_parallel_65_via/platforms/suspend.o
                0x00004cfa                matrix_power_up
 .text.matrix_power_down
                0x00004cfc        0x2 .build/obj_custom_parallel_65_via/platforms/suspend.o
                0x00004cfc                matrix_power_down
 .text.suspend_wakeup_init_kb
                0x00004cfe        0x6 .build/obj_custom_parallel_65_via/platforms/suspend.o
                0x00004cfe                suspend_wakeup_init_kb
 .text.suspend_wakeup_condition
                0x00004d04       0x2a .build/obj_custom_parallel_65_via/platforms/suspend.o
                0x00004d04                suspend_wakeup_condition
 .text.platform_setup
                0x00004d2e        0xe .build/obj_custom_parallel_65_via/platforms/avr/platform.o
                0x00004d2e                platform_setup
 .text.__vector_12
                0x00004d3c       0x4e .build/obj_custom_parallel_65_via/platforms/avr/suspend.o
                0x00004d3c                __vector_12
 .text.suspend_power_down
                0x00004d8a       0x56 .build/obj_custom_parallel_65_via/platforms/avr/suspend.o
                0x00004d8a                suspend_power_down
 .text.suspend_wakeup_init
                0x00004de0        0xa .build/obj_custom_parallel_65_via/platforms/avr/suspend.o
                0x00004de0                suspend_wakeup_init
 .text.timer_init
                0x00004dea       0x12 .build/obj_custom_parallel_65_via/platforms/avr/timer.o
                0x00004dea                timer_init
 .text.timer_read
                0x00004dfc       0x18 .build/obj_custom_parallel_65_via/platforms/avr/timer.o
                0x00004dfc                timer_read
 .text.timer_read32
                0x00004e14       0x3a .build/obj_custom_parallel_65_via/platforms/avr/timer.o
                0x00004e14                timer_read32
 .text.timer_elapsed
                0x00004e4e       0x1e .build/obj_custom_parallel_65_via/platforms/avr/timer.o
                0x00004e4e                timer_elapsed
 .text.timer_elapsed32
                0x00004e6c       0x40 .build/obj_custom_parallel_65_via/platforms/avr/timer.o
                0x00004e6c                timer_elapsed32
 .text.__vector_21
                0x00004eac       0x48 .build/obj_custom_parallel_65_via/platforms/avr/timer.o
                0x00004eac                __vector_21
 .text.bootloader_jump
                0x00004ef4       0x48 .build/obj_custom_parallel_65_via/platforms/avr/bootloaders/dfu.o
                0x00004ef4                bootloader_jump
 .text.mcu_reset
                0x00004f3c       0x16 .build/obj_custom_parallel_65_via/platforms/avr/bootloaders/dfu.o
                0x00004f3c                mcu_reset
 .text.keyboard_leds
                0x00004f52        0x6 .build/obj_custom_parallel_65_via/lufa.o
 .text.send_nkro
                0x00004f58        0x2 .build/obj_custom_parallel_65_via/lufa.o
 .text.send_report
                0x00004f5a       0x48 .build/obj_custom_parallel_65_via/lufa.o
                0x00004f5a                send_report
 .text.send_extra
                0x00004fa2        0xe .build/obj_custom_parallel_65_via/lufa.o
 .text.send_mouse
                0x00004fb0        0xe .build/obj_custom_parallel_65_via/lufa.o
 .text.send_keyboard
                0x00004fbe       0x2e .build/obj_custom_parallel_65_via/lufa.o
 .text.raw_hid_send
                0x00004fec       0x14 .build/obj_custom_parallel_65_via/lufa.o
                0x00004fec                raw_hid_send
 .text.raw_hid_task
                0x00005000       0x62 .build/obj_custom_parallel_65_via/lufa.o
                0x00005000                raw_hid_task
 .text.EVENT_USB_Device_Connect
                0x00005062       0x1c .build/obj_custom_parallel_65_via/lufa.o
                0x00005062                EVENT_USB_Device_Connect
 .text.EVENT_USB_Device_Disconnect
                0x0000507e        0x6 .build/obj_custom_parallel_65_via/lufa.o
                0x0000507e                EVENT_USB_Device_Disconnect
 .text.EVENT_USB_Device_Reset
                0x00005084        0x6 .build/obj_custom_parallel_65_via/lufa.o
                0x00005084                EVENT_USB_Device_Reset
 .text.EVENT_USB_Device_Suspend
                0x0000508a       0x12 .build/obj_custom_parallel_65_via/lufa.o
                0x0000508a                EVENT_USB_Device_Suspend
 .text.EVENT_USB_Device_WakeUp
                0x0000509c       0x16 .build/obj_custom_parallel_65_via/lufa.o
                0x0000509c                EVENT_USB_Device_WakeUp
 .text.EVENT_USB_Device_ConfigurationChanged
                0x000050b2       0x3e .build/obj_custom_parallel_65_via/lufa.o
                0x000050b2                EVENT_USB_Device_ConfigurationChanged
 .text.EVENT_USB_Device_ControlRequest
                0x000050f0      0x174 .build/obj_custom_parallel_65_via/lufa.o
                0x000050f0                EVENT_USB_Device_ControlRequest
 .text.protocol_setup
                0x00005264       0x34 .build/obj_custom_parallel_65_via/lufa.o
                0x00005264                protocol_setup
 .text.protocol_pre_init
                0x00005298       0x1a .build/obj_custom_parallel_65_via/lufa.o
                0x00005298                protocol_pre_init
 .text.protocol_post_init
                0x000052b2        0xa .build/obj_custom_parallel_65_via/lufa.o
                0x000052b2                protocol_post_init
 .text.protocol_pre_task
                0x000052bc       0x34 .build/obj_custom_parallel_65_via/lufa.o
                0x000052bc                protocol_pre_task
 .text.protocol_post_task
                0x000052f0        0x2 .build/obj_custom_parallel_65_via/lufa.o
                0x000052f0                protocol_post_task
 .text.CALLBACK_USB_GetDescriptor
                0x000052f2       0x10 .build/obj_custom_parallel_65_via/lufa.o
                0x000052f2                CALLBACK_USB_GetDescriptor
 .text.get_usb_descriptor
                0x00005302       0xb4 .build/obj_custom_parallel_65_via/usb_descriptor.o
                0x00005302                get_usb_descriptor
 .text.USB_Device_SendRemoteWakeup
                0x000053b6       0x2c .build/obj_custom_parallel_65_via/lib/lufa/LUFA/Drivers/USB/Core/AVR8/Device_AVR8.o
                0x000053b6                USB_Device_SendRemoteWakeup
 .text.Endpoint_Write_Stream_LE
                0x000053e2       0x9e .build/obj_custom_parallel_65_via/lib/lufa/LUFA/Drivers/USB/Core/AVR8/EndpointStream_AVR8.o
                0x000053e2                Endpoint_Write_Stream_LE
 .text.Endpoint_Read_Stream_LE
                0x00005480       0x9e .build/obj_custom_parallel_65_via/lib/lufa/LUFA/Drivers/USB/Core/AVR8/EndpointStream_AVR8.o
                0x00005480                Endpoint_Read_Stream_LE
 .text.Endpoint_Write_Control_Stream_LE
                0x0000551e       0xb4 .build/obj_custom_parallel_65_via/lib/lufa/LUFA/Drivers/USB/Core/AVR8/EndpointStream_AVR8.o
                0x0000551e                Endpoint_Write_Control_Stream_LE
 .text.Endpoint_Write_Control_PStream_LE
                0x000055d2       0xb6 .build/obj_custom_parallel_65_via/lib/lufa/LUFA/Drivers/USB/Core/AVR8/EndpointStream_AVR8.o
                0x000055d2                Endpoint_Write_Control_PStream_LE
 .text.Endpoint_ConfigureEndpoint_Prv
                0x00005688       0x68 .build/obj_custom_parallel_65_via/lib/lufa/LUFA/Drivers/USB/Core/AVR8/Endpoint_AVR8.o
                0x00005688                Endpoint_ConfigureEndpoint_Prv
 .text.Endpoint_ClearStatusStage
                0x000056f0       0x3e .build/obj_custom_parallel_65_via/lib/lufa/LUFA/Drivers/USB/Core/AVR8/Endpoint_AVR8.o
                0x000056f0                Endpoint_ClearStatusStage
 .text.Endpoint_WaitUntilReady
                0x0000572e       0x62 .build/obj_custom_parallel_65_via/lib/lufa/LUFA/Drivers/USB/Core/AVR8/Endpoint_AVR8.o
                0x0000572e                Endpoint_WaitUntilReady
 .text.USB_Disable
                0x00005790       0x34 .build/obj_custom_parallel_65_via/lib/lufa/LUFA/Drivers/USB/Core/AVR8/USBController_AVR8.o
                0x00005790                USB_Disable
 .text.USB_ResetInterface
                0x000057c4       0x86 .build/obj_custom_parallel_65_via/lib/lufa/LUFA/Drivers/USB/Core/AVR8/USBController_AVR8.o
                0x000057c4                USB_ResetInterface
 .text.USB_Init
                0x0000584a       0x24 .build/obj_custom_parallel_65_via/lib/lufa/LUFA/Drivers/USB/Core/AVR8/USBController_AVR8.o
                0x0000584a                USB_Init
 .text.USB_INT_DisableAllInterrupts
                0x0000586e       0x10 .build/obj_custom_parallel_65_via/lib/lufa/LUFA/Drivers/USB/Core/AVR8/USBInterrupt_AVR8.o
                0x0000586e                USB_INT_DisableAllInterrupts
 .text.USB_INT_ClearAllInterrupts
                0x0000587e        0xa .build/obj_custom_parallel_65_via/lib/lufa/LUFA/Drivers/USB/Core/AVR8/USBInterrupt_AVR8.o
                0x0000587e                USB_INT_ClearAllInterrupts
 .text.__vector_10
                0x00005888      0x1a6 .build/obj_custom_parallel_65_via/lib/lufa/LUFA/Drivers/USB/Core/AVR8/USBInterrupt_AVR8.o
                0x00005888                __vector_10
 .text.__vector_11
                0x00005a2e       0x92 .build/obj_custom_parallel_65_via/lib/lufa/LUFA/Drivers/USB/Core/AVR8/USBInterrupt_AVR8.o
                0x00005a2e                __vector_11
 .text.USB_Device_ProcessControlRequest
                0x00005ac0      0x28e .build/obj_custom_parallel_65_via/lib/lufa/LUFA/Drivers/USB/Core/DeviceStandardReq.o
                0x00005ac0                USB_Device_ProcessControlRequest
 .text.USB_Event_Stub
                0x00005d4e        0x2 .build/obj_custom_parallel_65_via/lib/lufa/LUFA/Drivers/USB/Core/Events.o
                0x00005d4e                EVENT_USB_Device_StartOfFrame
                0x00005d4e                USB_Event_Stub
 .text.USB_USBTask
                0x00005d50       0x34 .build/obj_custom_parallel_65_via/lib/lufa/LUFA/Drivers/USB/Core/USBTask.o
                0x00005d50                USB_USBTask
 .text.libgcc.div
                0x00005d84       0x28 c:/qmk_msys/mingw64/bin/../lib/gcc/avr/12.2.0/avr5\libgcc.a(_udivmodhi4.o)
                0x00005d84                __udivmodhi4
 .text.libgcc.div
                0x00005dac       0x28 c:/qmk_msys/mingw64/bin/../lib/gcc/avr/12.2.0/avr5\libgcc.a(_divmodhi4.o)
                0x00005dac                _div
                0x00005dac                __divmodhi4
 .text.libgcc   0x00005dd4        0xc c:/qmk_msys/mingw64/bin/../lib/gcc/avr/12.2.0/avr5\libgcc.a(_tablejump2.o)
                0x00005dd4                __tablejump2__
 .text.libgcc.builtins
                0x00005de0        0xe c:/qmk_msys/mingw64/bin/../lib/gcc/avr/12.2.0/avr5\libgcc.a(_bswapsi2.o)
                0x00005de0                __bswapsi2
 .text.libgcc.prologue
                0x00005dee       0x38 c:/qmk_msys/mingw64/bin/../lib/gcc/avr/12.2.0/avr5\libgcc.a(_prologue.o)
                0x00005dee                __prologue_saves__
 .text.libgcc.prologue
                0x00005e26       0x36 c:/qmk_msys/mingw64/bin/../lib/gcc/avr/12.2.0/avr5\libgcc.a(_epilogue.o)
                0x00005e26                __epilogue_restores__
 .text.avr-libc
                0x00005e5c       0x1a c:/qmk_msys/mingw64/bin/../lib/gcc/avr/12.2.0/../../../../avr/lib/avr5\libc.a(memcmp.o)
                0x00005e5c                memcmp
 .text.avr-libc
                0x00005e76       0x12 c:/qmk_msys/mingw64/bin/../lib/gcc/avr/12.2.0/../../../../avr/lib/avr5\libc.a(memcpy.o)
                0x00005e76                memcpy
 .text.avr-libc
                0x00005e88        0xe c:/qmk_msys/mingw64/bin/../lib/gcc/avr/12.2.0/../../../../avr/lib/avr5\libc.a(memset.o)
                0x00005e88                memset
 .text.avr-libc
                0x00005e96       0x20 c:/qmk_msys/mingw64/bin/../lib/gcc/avr/12.2.0/../../../../avr/lib/avr5\libatmega32u4.a(eerd_block.o)
                0x00005e96                eeprom_read_block
                0x00005e9a                eeprom_read_blraw
 .text.avr-libc
                0x00005eb6       0x10 c:/qmk_msys/mingw64/bin/../lib/gcc/avr/12.2.0/../../../../avr/lib/avr5\libatmega32u4.a(eerd_byte.o)
                0x00005eb6                eeprom_read_byte
 .text.avr-libc
                0x00005ec6        0xc c:/qmk_msys/mingw64/bin/../lib/gcc/avr/12.2.0/../../../../avr/lib/avr5\libatmega32u4.a(eerd_word.o)
                0x00005ec6                eeprom_read_word
 .text.avr-libc
                0x00005ed2       0x20 c:/qmk_msys/mingw64/bin/../lib/gcc/avr/12.2.0/../../../../avr/lib/avr5\libatmega32u4.a(eeupd_block.o)
                0x00005ed2                eeprom_update_block
 .text.avr-libc
                0x00005ef2       0x24 c:/qmk_msys/mingw64/bin/../lib/gcc/avr/12.2.0/../../../../avr/lib/avr5\libatmega32u4.a(eeupd_byte.o)
                0x00005ef2                eeprom_update_byte
                0x00005ef4                eeprom_update_r18
 .text.avr-libc
                0x00005f16       0x18 c:/qmk_msys/mingw64/bin/../lib/gcc/avr/12.2.0/../../../../avr/lib/avr5\libatmega32u4.a(eeupd_dword.o)
                0x00005f16                eeprom_update_float
                0x00005f16                eeprom_update_dword
 .text.avr-libc
                0x00005f2e        0xc c:/qmk_msys/mingw64/bin/../lib/gcc/avr/12.2.0/../../../../avr/lib/avr5\libatmega32u4.a(eeupd_word.o)
                0x00005f2e                eeprom_update_word
                0x00005f3a                        . = ALIGN (0x2)
 *(.fini9)
 .fini9         0x00005f3a        0x0 c:/qmk_msys/mingw64/bin/../lib/gcc/avr/12.2.0/avr5\libgcc.a(_exit.o)
                0x00005f3a                _exit
                0x00005f3a                exit
 *(.fini9)
 *(.fini8)
 *(.fini8)
 *(.fini7)
 *(.fini7)
 *(.fini6)
 *(.fini6)
 *(.fini5)
 *(.fini5)
 *(.fini4)
 *(.fini4)
 *(.fini3)
 *(.fini3)
 *(.fini2)
 *(.fini2)
 *(.fini1)
 *(.fini1)
 *(.fini0)
 .fini0         0x00005f3a        0x4 c:/qmk_msys/mingw64/bin/../lib/gcc/avr/12.2.0/avr5\libgcc.a(_exit.o)
 *(.fini0)
 *(.hightext)
 *(.hightext*)
 *(.progmemx.*)
                0x00005f3e                        . = ALIGN (0x2)
 *(.jumptables)
 *(.jumptables*)
 .jumptables.gcc.process_action
                0x00005f3e       0x18 .build/obj_custom_parallel_65_via/quantum/action.o
 .jumptables.gcc.rgb_task_render
                0x00005f56       0x12 .build/obj_custom_parallel_65_via/quantum/rgb_matrix/rgb_matrix.o
 .jumptables.gcc.process_rgb
                0x00005f68       0x2a .build/obj_custom_parallel_65_via/quantum/process_keycode/process_rgb.o
 .jumptables.gcc.process_magic
                0x00005f92       0x44 .build/obj_custom_parallel_65_via/quantum/process_keycode/process_magic.o
 .jumptables.gcc.mousekey_on
                0x00005fd6       0x26 .build/obj_custom_parallel_65_via/quantum/mousekey.o
 .jumptables.gcc.process_space_cadet
                0x00005ffc        0xe .build/obj_custom_parallel_65_via/quantum/process_keycode/process_space_cadet.o
 .jumptables.gcc.raw_hid_receive
                0x0000600a       0x26 .build/obj_custom_parallel_65_via/quantum/via.o
 .jumptables.gcc.USB_Device_ProcessControlRequest
                0x00006030       0x14 .build/obj_custom_parallel_65_via/lib/lufa/LUFA/Drivers/USB/Core/DeviceStandardReq.o
                0x00006044                        _etext = .

.data           0x00800100      0x200 load address 0x00006044
                0x00800100                        PROVIDE (__data_start = .)
 *(.data)
 *(.data*)
 .data.g_led_config
                0x00800100      0x146 .build/obj_custom_parallel_65_via/.build/obj_custom_parallel_65_via/src/default_keyboard.o
                0x00800100                g_led_config
 .data.keyboard_report
                0x00800246        0x2 .build/obj_custom_parallel_65_via/quantum/action_util.o
                0x00800246                keyboard_report
 .data.rgb_task_state
                0x00800248        0x1 .build/obj_custom_parallel_65_via/quantum/rgb_matrix/rgb_matrix.o
 .data.rgb_effect_params
                0x00800249        0x3 .build/obj_custom_parallel_65_via/quantum/rgb_matrix/rgb_matrix.o
 .data.rgb_last_effect
                0x0080024c        0x1 .build/obj_custom_parallel_65_via/quantum/rgb_matrix/rgb_matrix.o
 .data.rgb_last_enable
                0x0080024d        0x1 .build/obj_custom_parallel_65_via/quantum/rgb_matrix/rgb_matrix.o
 .data.mk_wheel_time_to_max
                0x0080024e        0x1 .build/obj_custom_parallel_65_via/quantum/mousekey.o
                0x0080024e                mk_wheel_time_to_max
 .data.mk_wheel_max_speed
                0x0080024f        0x1 .build/obj_custom_parallel_65_via/quantum/mousekey.o
                0x0080024f                mk_wheel_max_speed
 .data.mk_wheel_interval
                0x00800250        0x1 .build/obj_custom_parallel_65_via/quantum/mousekey.o
                0x00800250                mk_wheel_interval
 .data.mk_wheel_delay
                0x00800251        0x1 .build/obj_custom_parallel_65_via/quantum/mousekey.o
                0x00800251                mk_wheel_delay
 .data.mk_time_to_max
                0x00800252        0x1 .build/obj_custom_parallel_65_via/quantum/mousekey.o
                0x00800252                mk_time_to_max
 .data.mk_max_speed
                0x00800253        0x1 .build/obj_custom_parallel_65_via/quantum/mousekey.o
                0x00800253                mk_max_speed
 .data.mk_interval
                0x00800254        0x1 .build/obj_custom_parallel_65_via/quantum/mousekey.o
                0x00800254                mk_interval
 .data.mk_delay
                0x00800255        0x1 .build/obj_custom_parallel_65_via/quantum/mousekey.o
                0x00800255                mk_delay
 .data.tri_layer_adjust_layer
                0x00800256        0x1 .build/obj_custom_parallel_65_via/quantum/tri_layer.o
 .data.tri_layer_upper_layer
                0x00800257        0x1 .build/obj_custom_parallel_65_via/quantum/tri_layer.o
 .data.tri_layer_lower_layer
                0x00800258        0x1 .build/obj_custom_parallel_65_via/quantum/tri_layer.o
 .data.lufa_driver
                0x00800259        0xa .build/obj_custom_parallel_65_via/lufa.o
                0x00800259                lufa_driver
 .data.keyboard_protocol
                0x00800263        0x1 .build/obj_custom_parallel_65_via/lufa.o
                0x00800263                keyboard_protocol
 *(.gnu.linkonce.d*)
 *(.rodata)
 .rodata        0x00800264        0x3 .build/obj_custom_parallel_65_via/quantum/rgb_matrix/rgb_matrix.o
 *(.rodata*)
 .rodata.CSWTCH.10
                0x00800267       0x36 .build/obj_custom_parallel_65_via/quantum/action.o
 .rodata.CSWTCH.3
                0x0080029d       0x36 .build/obj_custom_parallel_65_via/quantum/keymap_common.o
 .rodata.col_pins
                0x008002d3       0x10 .build/obj_custom_parallel_65_via/quantum/matrix.o
 .rodata.row_pins
                0x008002e3        0x5 .build/obj_custom_parallel_65_via/quantum/matrix.o
 .rodata.rgb_matrix_driver
                0x008002e8        0x8 .build/obj_custom_parallel_65_via/quantum/rgb_matrix/rgb_matrix_drivers.o
                0x008002e8                rgb_matrix_driver
 .rodata.CSWTCH.3