Archive member included to satisfy reference by file (symbol)

c:/qmk_msys/mingw64/bin/../lib/gcc/avr/12.2.0/avr5\libgcc.a(_udivmodhi4.o)
                              .build/obj_custom_parallel_65_default/quantum/color.o (__udivmodhi4)
c:/qmk_msys/mingw64/bin/../lib/gcc/avr/12.2.0/avr5\libgcc.a(_divmodhi4.o)
                              .build/obj_custom_parallel_65_default/quantum/rgb_matrix/rgb_matrix.o (__divmodhi4)
c:/qmk_msys/mingw64/bin/../lib/gcc/avr/12.2.0/avr5\libgcc.a(_udivmodsi4.o)
                              .build/obj_custom_parallel_65_default/quantum/quantum.o (__udivmodsi4)
c:/qmk_msys/mingw64/bin/../lib/gcc/avr/12.2.0/avr5\libgcc.a(_divmodsi4.o)
                              .build/obj_custom_parallel_65_default/quantum/rgb_matrix/rgb_matrix.o (__divmodsi4)
c:/qmk_msys/mingw64/bin/../lib/gcc/avr/12.2.0/avr5\libgcc.a(_negsi2.o)
                              c:/qmk_msys/mingw64/bin/../lib/gcc/avr/12.2.0/avr5\libgcc.a(_divmodsi4.o) (__negsi2)
c:/qmk_msys/mingw64/bin/../lib/gcc/avr/12.2.0/avr5\libgcc.a(_exit.o)
                              c:/qmk_msys/mingw64/bin/../lib/gcc/avr/12.2.0/../../../../avr/lib/avr5/crtatmega32u4.o (exit)
c:/qmk_msys/mingw64/bin/../lib/gcc/avr/12.2.0/avr5\libgcc.a(_tablejump2.o)
                              .build/obj_custom_parallel_65_default/quantum/action.o (__tablejump2__)
c:/qmk_msys/mingw64/bin/../lib/gcc/avr/12.2.0/avr5\libgcc.a(_copy_data.o)
                              .build/obj_custom_parallel_65_default/.build/obj_custom_parallel_65_default/src/default_keyboard.o (__do_copy_data)
c:/qmk_msys/mingw64/bin/../lib/gcc/avr/12.2.0/avr5\libgcc.a(_clear_bss.o)
                              .build/obj_custom_parallel_65_default/quantum/quantum.o (__do_clear_bss)
c:/qmk_msys/mingw64/bin/../lib/gcc/avr/12.2.0/avr5\libgcc.a(_popcounthi2.o)
                              .build/obj_custom_parallel_65_default/quantum/bitwise.o (__popcounthi2)
c:/qmk_msys/mingw64/bin/../lib/gcc/avr/12.2.0/avr5\libgcc.a(_popcountsi2.o)
                              .build/obj_custom_parallel_65_default/quantum/bitwise.o (__popcountsi2)
c:/qmk_msys/mingw64/bin/../lib/gcc/avr/12.2.0/avr5\libgcc.a(_popcountqi2.o)
                              c:/qmk_msys/mingw64/bin/../lib/gcc/avr/12.2.0/avr5\libgcc.a(_popcounthi2.o) (__popcountqi2)
c:/qmk_msys/mingw64/bin/../lib/gcc/avr/12.2.0/avr5\libgcc.a(_prologue.o)
                              .build/obj_custom_parallel_65_default/quantum/quantum.o (__prologue_saves__)
c:/qmk_msys/mingw64/bin/../lib/gcc/avr/12.2.0/avr5\libgcc.a(_epilogue.o)
                              .build/obj_custom_parallel_65_default/quantum/quantum.o (__epilogue_restores__)
c:/qmk_msys/mingw64/bin/../lib/gcc/avr/12.2.0/../../../../avr/lib/avr5\libc.a(rand.o)
                              .build/obj_custom_parallel_65_default/quantum/rgb_matrix/rgb_matrix.o (rand)
c:/qmk_msys/mingw64/bin/../lib/gcc/avr/12.2.0/../../../../avr/lib/avr5\libc.a(memcmp.o)
                              .build/obj_custom_parallel_65_default/quantum/action_util.o (memcmp)
c:/qmk_msys/mingw64/bin/../lib/gcc/avr/12.2.0/../../../../avr/lib/avr5\libc.a(memcpy.o)
                              .build/obj_custom_parallel_65_default/quantum/debounce/sym_defer_g.o (memcpy)
c:/qmk_msys/mingw64/bin/../lib/gcc/avr/12.2.0/../../../../avr/lib/avr5\libc.a(memmove.o)
                              .build/obj_custom_parallel_65_default/quantum/rgb_matrix/rgb_matrix.o (memmove)
c:/qmk_msys/mingw64/bin/../lib/gcc/avr/12.2.0/../../../../avr/lib/avr5\libc.a(memset.o)
                              .build/obj_custom_parallel_65_default/quantum/rgb_matrix/rgb_matrix.o (memset)
c:/qmk_msys/mingw64/bin/../lib/gcc/avr/12.2.0/../../../../avr/lib/avr5\libatmega32u4.a(eerd_block.o)
                              .build/obj_custom_parallel_65_default/quantum/rgb_matrix/rgb_matrix.o (eeprom_read_block)
c:/qmk_msys/mingw64/bin/../lib/gcc/avr/12.2.0/../../../../avr/lib/avr5\libatmega32u4.a(eerd_byte.o)
                              .build/obj_custom_parallel_65_default/quantum/eeconfig.o (eeprom_read_byte)
c:/qmk_msys/mingw64/bin/../lib/gcc/avr/12.2.0/../../../../avr/lib/avr5\libatmega32u4.a(eerd_dword.o)
                              .build/obj_custom_parallel_65_default/quantum/eeconfig.o (eeprom_read_dword)
c:/qmk_msys/mingw64/bin/../lib/gcc/avr/12.2.0/../../../../avr/lib/avr5\libatmega32u4.a(eerd_word.o)
                              .build/obj_custom_parallel_65_default/quantum/eeconfig.o (eeprom_read_word)
c:/qmk_msys/mingw64/bin/../lib/gcc/avr/12.2.0/../../../../avr/lib/avr5\libatmega32u4.a(eeupd_block.o)
                              .build/obj_custom_parallel_65_default/quantum/eeconfig.o (eeprom_update_block)
c:/qmk_msys/mingw64/bin/../lib/gcc/avr/12.2.0/../../../../avr/lib/avr5\libatmega32u4.a(eeupd_byte.o)
                              .build/obj_custom_parallel_65_default/quantum/eeconfig.o (eeprom_update_byte)
c:/qmk_msys/mingw64/bin/../lib/gcc/avr/12.2.0/../../../../avr/lib/avr5\libatmega32u4.a(eeupd_dword.o)
[...]
Memory Configuration

Name             Origin             Length             Attributes
text             0x00000000         0x00020000         xr
data             0x00800060         0x0000ffa0         rw!x
eeprom           0x00810000         0x00010000         rw!x
fuse             0x00820000         0x00000003         rw!x
lock             0x00830000         0x00000400         rw!x
signature        0x00840000         0x00000400         rw!x
user_signatures  0x00850000         0x00000400         rw!x
*default*        0x00000000         0xffffffff

Linker script and memory map

Address of section .data set to 0x800100
LOAD c:/qmk_msys/mingw64/bin/../lib/gcc/avr/12.2.0/../../../../avr/lib/avr5/crtatmega32u4.o
LOAD .build/obj_custom_parallel_65_default/.build/obj_custom_parallel_65_default/src/default_keyboard.o
LOAD .build/obj_custom_parallel_65_default/quantum/keymap_introspection.o
LOAD .build/obj_custom_parallel_65_default/quantum/quantum.o
LOAD .build/obj_custom_parallel_65_default/quantum/bitwise.o
LOAD .build/obj_custom_parallel_65_default/quantum/led.o
LOAD .build/obj_custom_parallel_65_default/quantum/action.o
LOAD .build/obj_custom_parallel_65_default/quantum/action_layer.o
LOAD .build/obj_custom_parallel_65_default/quantum/action_tapping.o
LOAD .build/obj_custom_parallel_65_default/quantum/action_util.o
LOAD .build/obj_custom_parallel_65_default/quantum/eeconfig.o
LOAD .build/obj_custom_parallel_65_default/quantum/keyboard.o
LOAD .build/obj_custom_parallel_65_default/quantum/keymap_common.o
LOAD .build/obj_custom_parallel_65_default/quantum/keycode_config.o
LOAD .build/obj_custom_parallel_65_default/quantum/sync_timer.o
LOAD .build/obj_custom_parallel_65_default/quantum/logging/debug.o
LOAD .build/obj_custom_parallel_65_default/quantum/logging/sendchar.o
LOAD .build/obj_custom_parallel_65_default/quantum/matrix_common.o
LOAD .build/obj_custom_parallel_65_default/quantum/matrix.o
LOAD .build/obj_custom_parallel_65_default/quantum/debounce/sym_defer_g.o
LOAD .build/obj_custom_parallel_65_default/quantum/main.o
LOAD .build/obj_custom_parallel_65_default/platforms/avr/xprintf.o
LOAD .build/obj_custom_parallel_65_default/platforms/avr/printf.o
LOAD .build/obj_custom_parallel_65_default/quantum/color.o
LOAD .build/obj_custom_parallel_65_default/quantum/rgb_matrix/rgb_matrix.o
LOAD .build/obj_custom_parallel_65_default/quantum/rgb_matrix/rgb_matrix_drivers.o
LOAD .build/obj_custom_parallel_65_default/quantum/process_keycode/process_rgb.o
LOAD .build/obj_custom_parallel_65_default/quantum/led_tables.o
LOAD .build/obj_custom_parallel_65_default/lib/lib8tion/lib8tion.o
LOAD .build/obj_custom_parallel_65_default/ws2812_bitbang.o
LOAD .build/obj_custom_parallel_65_default/quantum/bootmagic/bootmagic.o
LOAD .build/obj_custom_parallel_65_default/quantum/process_keycode/process_grave_esc.o
LOAD .build/obj_custom_parallel_65_default/quantum/process_keycode/process_magic.o
LOAD .build/obj_custom_parallel_65_default/quantum/mousekey.o
LOAD .build/obj_custom_parallel_65_default/quantum/send_string/send_string.o
LOAD .build/obj_custom_parallel_65_default/quantum/process_keycode/process_space_cadet.o
LOAD .build/obj_custom_parallel_65_default/protocol/host.o
LOAD .build/obj_custom_parallel_65_default/protocol/report.o
LOAD .build/obj_custom_parallel_65_default/protocol/usb_device_state.o
LOAD .build/obj_custom_parallel_65_default/protocol/usb_util.o
LOAD .build/obj_custom_parallel_65_default/platforms/suspend.o
LOAD .build/obj_custom_parallel_65_default/platforms/synchronization_util.o
LOAD .build/obj_custom_parallel_65_default/platforms/timer.o
LOAD .build/obj_custom_parallel_65_default/platforms/avr/hardware_id.o
LOAD .build/obj_custom_parallel_65_default/platforms/avr/platform.o
LOAD .build/obj_custom_parallel_65_default/platforms/avr/suspend.o
LOAD .build/obj_custom_parallel_65_default/platforms/avr/timer.o
LOAD .build/obj_custom_parallel_65_default/platforms/avr/bootloaders/dfu.o
LOAD .build/obj_custom_parallel_65_default/lufa.o
LOAD .build/obj_custom_parallel_65_default/usb_descriptor.o
LOAD .build/obj_custom_parallel_65_default/lib/lufa/LUFA/Drivers/USB/Class/Common/HIDParser.o
LOAD .build/obj_custom_parallel_65_default/lib/lufa/LUFA/Drivers/USB/Core/AVR8/Device_AVR8.o
LOAD .build/obj_custom_parallel_65_default/lib/lufa/LUFA/Drivers/USB/Core/AVR8/EndpointStream_AVR8.o
LOAD .build/obj_custom_parallel_65_default/lib/lufa/LUFA/Drivers/USB/Core/AVR8/Endpoint_AVR8.o
LOAD .build/obj_custom_parallel_65_default/lib/lufa/LUFA/Drivers/USB/Core/AVR8/Host_AVR8.o
LOAD .build/obj_custom_parallel_65_default/lib/lufa/LUFA/Drivers/USB/Core/AVR8/PipeStream_AVR8.o
LOAD .build/obj_custom_parallel_65_default/lib/lufa/LUFA/Drivers/USB/Core/AVR8/Pipe_AVR8.o
LOAD .build/obj_custom_parallel_65_default/lib/lufa/LUFA/Drivers/USB/Core/AVR8/USBController_AVR8.o
LOAD .build/obj_custom_parallel_65_default/lib/lufa/LUFA/Drivers/USB/Core/AVR8/USBInterrupt_AVR8.o
LOAD .build/obj_custom_parallel_65_default/lib/lufa/LUFA/Drivers/USB/Core/ConfigDescriptors.o
LOAD .build/obj_custom_parallel_65_default/lib/lufa/LUFA/Drivers/USB/Core/DeviceStandardReq.o
LOAD .build/obj_custom_parallel_65_default/lib/lufa/LUFA/Drivers/USB/Core/Events.o
LOAD .build/obj_custom_parallel_65_default/lib/lufa/LUFA/Drivers/USB/Core/HostStandardReq.o
LOAD .build/obj_custom_parallel_65_default/lib/lufa/LUFA/Drivers/USB/Core/USBTask.o
LOAD .build/obj_custom_parallel_65_default/protocol/lufa/usb_util.o
LOAD c:/qmk_msys/mingw64/bin/../lib/gcc/avr/12.2.0/../../../../avr/lib/avr5\libm.a
START GROUP
LOAD c:/qmk_msys/mingw64/bin/../lib/gcc/avr/12.2.0/avr5\libgcc.a
LOAD c:/qmk_msys/mingw64/bin/../lib/gcc/avr/12.2.0/../../../../avr/lib/avr5\libm.a
LOAD c:/qmk_msys/mingw64/bin/../lib/gcc/avr/12.2.0/../../../../avr/lib/avr5\libc.a
LOAD c:/qmk_msys/mingw64/bin/../lib/gcc/avr/12.2.0/../../../../avr/lib/avr5\libatmega32u4.a
END GROUP
                0x00020000                        __TEXT_REGION_LENGTH__ = DEFINED (__TEXT_REGION_LENGTH__)?__TEXT_REGION_LENGTH__:0x20000
                0x00800060                        __DATA_REGION_ORIGIN__ = DEFINED (__DATA_REGION_ORIGIN__)?__DATA_REGION_ORIGIN__:0x800060
                0x0000ffa0                        __DATA_REGION_LENGTH__ = DEFINED (__DATA_REGION_LENGTH__)?__DATA_REGION_LENGTH__:0xffa0
                0x00010000                        __EEPROM_REGION_LENGTH__ = DEFINED (__EEPROM_REGION_LENGTH__)?__EEPROM_REGION_LENGTH__:0x10000
                [0x00000003]                      __FUSE_REGION_LENGTH__ = DEFINED (__FUSE_REGION_LENGTH__)?__FUSE_REGION_LENGTH__:0x400
                0x00000400                        __LOCK_REGION_LENGTH__ = DEFINED (__LOCK_REGION_LENGTH__)?__LOCK_REGION_LENGTH__:0x400
                0x00000400                        __SIGNATURE_REGION_LENGTH__ = DEFINED (__SIGNATURE_REGION_LENGTH__)?__SIGNATURE_REGION_LENGTH__:0x400
                0x00000400                        __USER_SIGNATURE_REGION_LENGTH__ = DEFINED (__USER_SIGNATURE_REGION_LENGTH__)?__USER_SIGNATURE_REGION_LENGTH__:0x400

.hash
 *(.hash)

.dynsym
 *(.dynsym)

.dynstr
 *(.dynstr)

.gnu.version
 *(.gnu.version)

.gnu.version_d
 *(.gnu.version_d)

.gnu.version_r
 *(.gnu.version_r)

.rel.init
 *(.rel.init)

.rela.init
 *(.rela.init)

.rel.text
 *(.rel.text)
 *(.rel.text.*)
 *(.rel.gnu.linkonce.t*)

.rela.text
 *(.rela.text)
 *(.rela.text.*)
 *(.rela.gnu.linkonce.t*)

.rel.fini
 *(.rel.fini)

.rela.fini
 *(.rela.fini)

.rel.rodata
 *(.rel.rodata)
 *(.rel.rodata.*)
 *(.rel.gnu.linkonce.r*)

.rela.rodata
 *(.rela.rodata)
 *(.rela.rodata.*)
 *(.rela.gnu.linkonce.r*)

.rel.data
 *(.rel.data)
 *(.rel.data.*)
 *(.rel.gnu.linkonce.d*)

.rela.data
 *(.rela.data)
 *(.rela.data.*)
 *(.rela.gnu.linkonce.d*)

.rel.ctors
 *(.rel.ctors)

.rela.ctors
 *(.rela.ctors)

.rel.dtors
 *(.rel.dtors)

.rela.dtors
 *(.rela.dtors)

.rel.got
 *(.rel.got)

.rela.got
 *(.rela.got)

.rel.bss
 *(.rel.bss)

.rela.bss
 *(.rela.bss)

.rel.plt
 *(.rel.plt)

.rela.plt
 *(.rela.plt)

.text           0x00000000     0x6764
 *(.vectors)
 .vectors       0x00000000       0xac c:/qmk_msys/mingw64/bin/../lib/gcc/avr/12.2.0/../../../../avr/lib/avr5/crtatmega32u4.o
                0x00000000                __vector_default
                0x00000000                __vectors
 *(.vectors)
 *(.progmem.gcc*)
                0x000000ac                        . = ALIGN (0x2)
                0x000000ac                        __trampolines_start = .
 *(.trampolines)
 .trampolines   0x000000ac        0x0 linker stubs
 *(.trampolines*)
                0x000000ac                        __trampolines_end = .
 *libprintf_flt.a:*(.progmem.data)
 *libc.a:*(.progmem.data)
 *(.progmem.*)
 .progmem.data.keymaps
                0x000000ac      0x140 .build/obj_custom_parallel_65_default/quantum/keymap_introspection.o
                0x000000ac                keymaps
 .progmem.data.CIE1931_CURVE
                0x000001ec      0x100 .build/obj_custom_parallel_65_default/quantum/led_tables.o
                0x000001ec                CIE1931_CURVE
 .progmem.data.ProductString
                0x000002ec       0x28 .build/obj_custom_parallel_65_default/usb_descriptor.o
                0x000002ec                ProductString
 .progmem.data.ManufacturerString
                0x00000314       0x16 .build/obj_custom_parallel_65_default/usb_descriptor.o
                0x00000314                ManufacturerString
 .progmem.data.LanguageString
                0x0000032a        0x4 .build/obj_custom_parallel_65_default/usb_descriptor.o
                0x0000032a                LanguageString
 .progmem.data.ConfigurationDescriptor
                0x0000032e       0x3b .build/obj_custom_parallel_65_default/usb_descriptor.o
                0x0000032e                ConfigurationDescriptor
 .progmem.data.DeviceDescriptor
                0x00000369       0x12 .build/obj_custom_parallel_65_default/usb_descriptor.o
                0x00000369                DeviceDescriptor
 .progmem.data.SharedReport
                0x0000037b       0x7b .build/obj_custom_parallel_65_default/usb_descriptor.o
                0x0000037b                SharedReport
 .progmem.data.KeyboardReport
                0x000003f6       0x44 .build/obj_custom_parallel_65_default/usb_descriptor.o
                0x000003f6                KeyboardReport
                0x0000043a                        . = ALIGN (0x2)
 *(.lowtext)
 *(.lowtext*)
                0x0000043a                        __ctors_start = .
 *(.ctors)
                0x0000043a                        __ctors_end = .
                0x0000043a                        __dtors_start = .
 *(.dtors)
                0x0000043a                        __dtors_end = .
 SORT_BY_NAME(*)(.ctors)
 SORT_BY_NAME(*)(.dtors)
 *(.init0)
 .init0         0x0000043a        0x0 c:/qmk_msys/mingw64/bin/../lib/gcc/avr/12.2.0/../../../../avr/lib/avr5/crtatmega32u4.o
                0x0000043a                __init
 *(.init0)
 *(.init1)
 *(.init1)
 *(.init2)
 .init2         0x0000043a        0xc c:/qmk_msys/mingw64/bin/../lib/gcc/avr/12.2.0/../../../../avr/lib/avr5/crtatmega32u4.o
 *(.init2)
 *(.init3)
 .init3         0x00000446       0x36 .build/obj_custom_parallel_65_default/platforms/avr/bootloaders/dfu.o
                0x00000446                bootloader_jump_after_watchdog_reset
 *(.init3)
 *(.init4)
 .init4         0x0000047c       0x16 c:/qmk_msys/mingw64/bin/../lib/gcc/avr/12.2.0/avr5\libgcc.a(_copy_data.o)
                0x0000047c                __do_copy_data
 .init4         0x00000492       0x10 c:/qmk_msys/mingw64/bin/../lib/gcc/avr/12.2.0/avr5\libgcc.a(_clear_bss.o)
                0x00000492                __do_clear_bss
 *(.init4)
 *(.init5)
 *(.init5)
 *(.init6)
 *(.init6)
 *(.init7)
 *(.init7)
 *(.init8)
 *(.init8)
 *(.init9)
 .init9         0x000004a2        0x8 c:/qmk_msys/mingw64/bin/../lib/gcc/avr/12.2.0/../../../../avr/lib/avr5/crtatmega32u4.o
 *(.init9)
 *(.text)
 .text          0x000004aa        0x4 c:/qmk_msys/mingw64/bin/../lib/gcc/avr/12.2.0/../../../../avr/lib/avr5/crtatmega32u4.o
                0x000004aa                __vector_38
                0x000004aa                __vector_22
                0x000004aa                __vector_28
                0x000004aa                __vector_1
                0x000004aa                __vector_32
                0x000004aa                __vector_34
                0x000004aa                __vector_24
                0x000004aa                __bad_interrupt
                0x000004aa                __vector_6
                0x000004aa                __vector_31
                0x000004aa                __vector_35
                0x000004aa                __vector_39
                0x000004aa                __vector_3
                0x000004aa                __vector_23
                0x000004aa                __vector_30
                0x000004aa                __vector_25
                0x000004aa                __vector_13
                0x000004aa                __vector_17
                0x000004aa                __vector_19
                0x000004aa                __vector_7
                0x000004aa                __vector_41
                0x000004aa                __vector_27
                0x000004aa                __vector_5
                0x000004aa                __vector_33
                0x000004aa                __vector_37
                0x000004aa                __vector_4
                0x000004aa                __vector_9
                0x000004aa                __vector_2
                0x000004aa                __vector_15
                0x000004aa                __vector_36
                0x000004aa                __vector_29
                0x000004aa                __vector_40
                0x000004aa                __vector_8
                0x000004aa                __vector_26
                0x000004aa                __vector_14
                0x000004aa                __vector_16
                0x000004aa                __vector_18
                0x000004aa                __vector_20
                0x000004aa                __vector_42
                0x000004ae                        . = ALIGN (0x2)
 *(.text.*)
 .text.keycode_at_keymap_location_raw
                0x000004ae       0x3c .build/obj_custom_parallel_65_default/quantum/keymap_introspection.o
                0x000004ae                keycode_at_keymap_location_raw
 .text.keycode_at_keymap_location
                0x000004ea        0x6 .build/obj_custom_parallel_65_default/quantum/keymap_introspection.o
                0x000004ea                keycode_at_keymap_location
 .text.pre_process_record_user
                0x000004f0        0x4 .build/obj_custom_parallel_65_default/quantum/quantum.o
                0x000004f0                pre_process_record_user
 .text.pre_process_record_kb
                0x000004f4        0x6 .build/obj_custom_parallel_65_default/quantum/quantum.o
                0x000004f4                pre_process_record_kb
 .text.process_action_kb
                0x000004fa        0x4 .build/obj_custom_parallel_65_default/quantum/quantum.o
                0x000004fa                process_action_kb
 .text.process_record_user
                0x000004fe        0x6 .build/obj_custom_parallel_65_default/quantum/quantum.o
                0x000004fe                process_record_user
 .text.process_record_kb
                0x00000504        0x6 .build/obj_custom_parallel_65_default/quantum/quantum.o
                0x00000504                process_record_kb
 .text.post_process_record_user
                0x0000050a        0x2 .build/obj_custom_parallel_65_default/quantum/quantum.o
                0x0000050a                post_process_record_user
 .text.post_process_record_kb
                0x0000050c        0x6 .build/obj_custom_parallel_65_default/quantum/quantum.o
                0x0000050c                post_process_record_kb
 .text.get_event_keycode
                0x00000512       0x5c .build/obj_custom_parallel_65_default/quantum/quantum.o
                0x00000512                get_event_keycode
 .text.get_record_keycode
                0x0000056e       0x16 .build/obj_custom_parallel_65_default/quantum/quantum.o
                0x0000056e                get_record_keycode
 .text.pre_process_record_quantum
                0x00000584       0x1c .build/obj_custom_parallel_65_default/quantum/quantum.o
                0x00000584                pre_process_record_quantum
 .text.post_process_record_quantum
                0x000005a0       0x1c .build/obj_custom_parallel_65_default/quantum/quantum.o
                0x000005a0                post_process_record_quantum
 .text.shutdown_user
                0x000005bc        0x4 .build/obj_custom_parallel_65_default/quantum/quantum.o
                0x000005bc                shutdown_user
 .text.shutdown_kb
                0x000005c0        0x6 .build/obj_custom_parallel_65_default/quantum/quantum.o
                0x000005c0                shutdown_kb
 .text.shutdown_quantum
                0x000005c6       0x24 .build/obj_custom_parallel_65_default/quantum/quantum.o
                0x000005c6                shutdown_quantum
 .text.reset_keyboard
                0x000005ea        0xc .build/obj_custom_parallel_65_default/quantum/quantum.o
                0x000005ea                reset_keyboard
 .text.soft_reset_keyboard
                0x000005f6        0xc .build/obj_custom_parallel_65_default/quantum/quantum.o
                0x000005f6                soft_reset_keyboard
 .text.process_record_quantum
                0x00000602       0xb6 .build/obj_custom_parallel_65_default/quantum/quantum.o
                0x00000602                process_record_quantum
 .text.suspend_power_down_quantum
                0x000006b8       0x14 .build/obj_custom_parallel_65_default/quantum/quantum.o
                0x000006b8                suspend_power_down_quantum
 .text.suspend_wakeup_init_quantum
                0x000006cc       0x10 .build/obj_custom_parallel_65_default/quantum/quantum.o
                0x000006cc                suspend_wakeup_init_quantum
 .text.led_update_user
                0x000006dc        0x4 .build/obj_custom_parallel_65_default/quantum/led.o
                0x000006dc                led_update_user
 .text.led_update_ports
                0x000006e0        0x2 .build/obj_custom_parallel_65_default/quantum/led.o
                0x000006e0                led_update_ports
 .text.led_update_kb
                0x000006e2       0x1e .build/obj_custom_parallel_65_default/quantum/led.o
                0x000006e2                led_update_kb
 .text.led_init_ports
                0x00000700        0x2 .build/obj_custom_parallel_65_default/quantum/led.o
                0x00000700                led_init_ports
 .text.led_set  0x00000702        0x6 .build/obj_custom_parallel_65_default/quantum/led.o
                0x00000702                led_set
 .text.led_suspend
                0x00000708        0x8 .build/obj_custom_parallel_65_default/quantum/led.o
                0x00000708                led_suspend
 .text.led_wakeup
                0x00000710        0xa .build/obj_custom_parallel_65_default/quantum/led.o
                0x00000710                led_wakeup
 .text.led_task
                0x0000071a       0x32 .build/obj_custom_parallel_65_default/quantum/led.o
                0x0000071a                led_task
 .text.action_exec
                0x0000074c       0x60 .build/obj_custom_parallel_65_default/quantum/action.o
                0x0000074c                action_exec
 .text.process_record_tap_hint
                0x000007ac       0x12 .build/obj_custom_parallel_65_default/quantum/action.o
                0x000007ac                process_record_tap_hint
 .text.register_mouse
                0x000007be       0x14 .build/obj_custom_parallel_65_default/quantum/action.o
                0x000007be                register_mouse
 .text.register_code
                0x000007d2      0x11a .build/obj_custom_parallel_65_default/quantum/action.o
                0x000007d2                register_code
 .text.unregister_code
                0x000008ec       0xb4 .build/obj_custom_parallel_65_default/quantum/action.o
                0x000008ec                unregister_code
 .text.tap_code_delay
                0x000009a0       0x30 .build/obj_custom_parallel_65_default/quantum/action.o
                0x000009a0                tap_code_delay
 .text.tap_code
                0x000009d0       0x12 .build/obj_custom_parallel_65_default/quantum/action.o
                0x000009d0                tap_code
 .text.register_mods
                0x000009e2        0xe .build/obj_custom_parallel_65_default/quantum/action.o
                0x000009e2                register_mods
 .text.unregister_mods
                0x000009f0        0xe .build/obj_custom_parallel_65_default/quantum/action.o
                0x000009f0                unregister_mods
 .text.process_action
                0x000009fe      0x3fc .build/obj_custom_parallel_65_default/quantum/action.o
                0x000009fe                process_action
 .text.process_record_handler
                0x00000dfa       0x30 .build/obj_custom_parallel_65_default/quantum/action.o
                0x00000dfa                process_record_handler
 .text.process_record
                0x00000e2a       0x46 .build/obj_custom_parallel_65_default/quantum/action.o
                0x00000e2a                process_record
 .text.clear_keyboard_but_mods_and_keys
                0x00000e70       0x22 .build/obj_custom_parallel_65_default/quantum/action.o
                0x00000e70                clear_keyboard_but_mods_and_keys
 .text.clear_keyboard_but_mods
                0x00000e92        0xa .build/obj_custom_parallel_65_default/quantum/action.o
                0x00000e92                clear_keyboard_but_mods
 .text.clear_keyboard
                0x00000e9c        0xa .build/obj_custom_parallel_65_default/quantum/action.o
                0x00000e9c                clear_keyboard
 .text.is_tap_action
                0x00000ea6       0x3a .build/obj_custom_parallel_65_default/quantum/action.o
                0x00000ea6                is_tap_action
 .text.is_tap_record
                0x00000ee0       0x1a .build/obj_custom_parallel_65_default/quantum/action.o
                0x00000ee0                is_tap_record
 .text.debug_event
                0x00000efa       0x14 .build/obj_custom_parallel_65_default/quantum/action.o
                0x00000efa                debug_event
 .text.debug_record
                0x00000f0e       0x14 .build/obj_custom_parallel_65_default/quantum/action.o
                0x00000f0e                debug_record
 .text.default_layer_state_set_user
                0x00000f22        0x2 .build/obj_custom_parallel_65_default/quantum/action_layer.o
                0x00000f22                default_layer_state_set_user
 .text.default_layer_state_set_kb
                0x00000f24        0x6 .build/obj_custom_parallel_65_default/quantum/action_layer.o
                0x00000f24                default_layer_state_set_kb
 .text.default_layer_state_set
                0x00000f2a        0xe .build/obj_custom_parallel_65_default/quantum/action_layer.o
 .text.default_layer_debug
                0x00000f38        0x2 .build/obj_custom_parallel_65_default/quantum/action_layer.o
                0x00000f38                default_layer_debug
 .text.default_layer_set
                0x00000f3a        0x6 .build/obj_custom_parallel_65_default/quantum/action_layer.o
                0x00000f3a                default_layer_set
 .text.default_layer_or
                0x00000f40       0x12 .build/obj_custom_parallel_65_default/quantum/action_layer.o
                0x00000f40                default_layer_or
 .text.default_layer_and
                0x00000f52       0x12 .build/obj_custom_parallel_65_default/quantum/action_layer.o
                0x00000f52                default_layer_and
 .text.default_layer_xor
                0x00000f64       0x12 .build/obj_custom_parallel_65_default/quantum/action_layer.o
                0x00000f64                default_layer_xor
 .text.layer_state_set_user
                0x00000f76        0x6 .build/obj_custom_parallel_65_default/quantum/action_layer.o
                0x00000f76                layer_state_set_user
 .text.layer_state_set_kb
                0x00000f7c        0x6 .build/obj_custom_parallel_65_default/quantum/action_layer.o
                0x00000f7c                layer_state_set_kb
 .text.layer_state_set
                0x00000f82        0xe .build/obj_custom_parallel_65_default/quantum/action_layer.o
                0x00000f82                layer_state_set
 .text.layer_clear
                0x00000f90        0xa .build/obj_custom_parallel_65_default/quantum/action_layer.o
                0x00000f90                layer_clear
 .text.layer_move
                0x00000f9a       0x18 .build/obj_custom_parallel_65_default/quantum/action_layer.o
                0x00000f9a                layer_move
 .text.layer_on
                0x00000fb2       0x20 .build/obj_custom_parallel_65_default/quantum/action_layer.o
                0x00000fb2                layer_on
 .text.layer_off
                0x00000fd2       0x24 .build/obj_custom_parallel_65_default/quantum/action_layer.o
                0x00000fd2                layer_off
 .text.layer_invert
                0x00000ff6       0x20 .build/obj_custom_parallel_65_default/quantum/action_layer.o
                0x00000ff6                layer_invert
 .text.layer_or
                0x00001016       0x12 .build/obj_custom_parallel_65_default/quantum/action_layer.o
                0x00001016                layer_or
 .text.layer_and
                0x00001028       0x12 .build/obj_custom_parallel_65_default/quantum/action_layer.o
                0x00001028                layer_and
 .text.layer_xor
                0x0000103a       0x12 .build/obj_custom_parallel_65_default/quantum/action_layer.o
                0x0000103a                layer_xor
 .text.layer_debug
                0x0000104c        0x2 .build/obj_custom_parallel_65_default/quantum/action_layer.o
                0x0000104c                layer_debug
 .text.update_source_layers_cache_impl
                0x0000104e       0x5a .build/obj_custom_parallel_65_default/quantum/action_layer.o
                0x0000104e                update_source_layers_cache_impl
 .text.read_source_layers_cache_impl
                0x000010a8       0x50 .build/obj_custom_parallel_65_default/quantum/action_layer.o
                0x000010a8                read_source_layers_cache_impl
 .text.update_source_layers_cache
                0x000010f8       0x22 .build/obj_custom_parallel_65_default/quantum/action_layer.o
                0x000010f8                update_source_layers_cache
 .text.read_source_layers_cache
                0x0000111a       0x24 .build/obj_custom_parallel_65_default/quantum/action_layer.o
                0x0000111a                read_source_layers_cache
 .text.layer_switch_get_layer
                0x0000113e       0x64 .build/obj_custom_parallel_65_default/quantum/action_layer.o
                0x0000113e                layer_switch_get_layer
 .text.layer_switch_get_action
                0x000011a2       0x1a .build/obj_custom_parallel_65_default/quantum/action_layer.o
                0x000011a2                layer_switch_get_action
 .text.store_or_get_action
                0x000011bc       0x52 .build/obj_custom_parallel_65_default/quantum/action_layer.o
                0x000011bc                store_or_get_action
 .text.debug_waiting_buffer
                0x0000120e       0x44 .build/obj_custom_parallel_65_default/quantum/action_tapping.o
 .text.debug_tapping_key
                0x00001252       0x22 .build/obj_custom_parallel_65_default/quantum/action_tapping.o
 .text.waiting_buffer_scan_tap
                0x00001274       0xa2 .build/obj_custom_parallel_65_default/quantum/action_tapping.o
 .text.waiting_buffer_typed.isra.0
                0x00001316       0x3e .build/obj_custom_parallel_65_default/quantum/action_tapping.o
 .text.process_tapping
                0x00001354      0x2f4 .build/obj_custom_parallel_65_default/quantum/action_tapping.o
 .text.action_tapping_process
                0x00001648      0x10c .build/obj_custom_parallel_65_default/quantum/action_tapping.o
                0x00001648                action_tapping_process
 .text.get_oneshot_layer
                0x00001754        0xc .build/obj_custom_parallel_65_default/quantum/action_util.o
                0x00001754                get_oneshot_layer
 .text.get_oneshot_layer_state
                0x00001760        0x8 .build/obj_custom_parallel_65_default/quantum/action_util.o
                0x00001760                get_oneshot_layer_state
 .text.is_oneshot_layer_active
                0x00001768       0x10 .build/obj_custom_parallel_65_default/quantum/action_util.o
                0x00001768                is_oneshot_layer_active
 .text.get_mods
                0x00001778        0x6 .build/obj_custom_parallel_65_default/quantum/action_util.o
                0x00001778                get_mods
 .text.add_mods
                0x0000177e        0xc .build/obj_custom_parallel_65_default/quantum/action_util.o
                0x0000177e                add_mods
 .text.del_mods
                0x0000178a       0x10 .build/obj_custom_parallel_65_default/quantum/action_util.o
                0x0000178a                del_mods
 .text.clear_mods
                0x0000179a        0x6 .build/obj_custom_parallel_65_default/quantum/action_util.o
                0x0000179a                clear_mods
 .text.add_weak_mods
                0x000017a0        0xc .build/obj_custom_parallel_65_default/quantum/action_util.o
                0x000017a0                add_weak_mods
 .text.del_weak_mods
                0x000017ac       0x10 .build/obj_custom_parallel_65_default/quantum/action_util.o
                0x000017ac                del_weak_mods
 .text.clear_weak_mods
                0x000017bc        0x6 .build/obj_custom_parallel_65_default/quantum/action_util.o
                0x000017bc                clear_weak_mods
 .text.oneshot_locked_mods_changed_user
                0x000017c2        0x2 .build/obj_custom_parallel_65_default/quantum/action_util.o
                0x000017c2                oneshot_locked_mods_changed_user
 .text.oneshot_locked_mods_changed_kb
                0x000017c4        0x6 .build/obj_custom_parallel_65_default/quantum/action_util.o
                0x000017c4                oneshot_locked_mods_changed_kb
 .text.del_oneshot_locked_mods
                0x000017ca       0x1a .build/obj_custom_parallel_65_default/quantum/action_util.o
                0x000017ca                del_oneshot_locked_mods
 .text.oneshot_mods_changed_user
                0x000017e4        0x2 .build/obj_custom_parallel_65_default/quantum/action_util.o
                0x000017e4                oneshot_mods_changed_user
 .text.oneshot_mods_changed_kb
                0x000017e6        0x6 .build/obj_custom_parallel_65_default/quantum/action_util.o
                0x000017e6                oneshot_mods_changed_kb
 .text.add_oneshot_mods
                0x000017ec       0x18 .build/obj_custom_parallel_65_default/quantum/action_util.o
                0x000017ec                add_oneshot_mods
 .text.del_oneshot_mods
                0x00001804       0x1a .build/obj_custom_parallel_65_default/quantum/action_util.o
                0x00001804                del_oneshot_mods
 .text.clear_oneshot_mods
                0x0000181e       0x14 .build/obj_custom_parallel_65_default/quantum/action_util.o
                0x0000181e                clear_oneshot_mods
 .text.send_6kro_report
                0x00001832       0x6c .build/obj_custom_parallel_65_default/quantum/action_util.o
                0x00001832                send_6kro_report
 .text.send_keyboard_report
                0x0000189e        0x6 .build/obj_custom_parallel_65_default/quantum/action_util.o
                0x0000189e                send_keyboard_report
 .text.oneshot_layer_changed_user
                0x000018a4        0x2 .build/obj_custom_parallel_65_default/quantum/action_util.o
                0x000018a4                oneshot_layer_changed_user
 .text.oneshot_layer_changed_kb
                0x000018a6        0x6 .build/obj_custom_parallel_65_default/quantum/action_util.o
                0x000018a6                oneshot_layer_changed_kb
 .text.set_oneshot_layer
                0x000018ac       0x30 .build/obj_custom_parallel_65_default/quantum/action_util.o
                0x000018ac                set_oneshot_layer
 .text.reset_oneshot_layer
                0x000018dc        0xc .build/obj_custom_parallel_65_default/quantum/action_util.o
                0x000018dc                reset_oneshot_layer
 .text.clear_oneshot_layer_state
                0x000018e8       0x30 .build/obj_custom_parallel_65_default/quantum/action_util.o
                0x000018e8                clear_oneshot_layer_state
 .text.oneshot_set
                0x00001918       0x2a .build/obj_custom_parallel_65_default/quantum/action_util.o
                0x00001918                oneshot_set
 .text.oneshot_toggle
                0x00001942       0x14 .build/obj_custom_parallel_65_default/quantum/action_util.o
                0x00001942                oneshot_toggle
 .text.oneshot_enable
                0x00001956        0x8 .build/obj_custom_parallel_65_default/quantum/action_util.o
                0x00001956                oneshot_enable
 .text.oneshot_disable
                0x0000195e        0x8 .build/obj_custom_parallel_65_default/quantum/action_util.o
                0x0000195e                oneshot_disable
 .text.eeconfig_disable
                0x00001966        0xe .build/obj_custom_parallel_65_default/quantum/eeconfig.o
                0x00001966                eeconfig_disable
 .text.eeconfig_is_enabled
                0x00001974       0x16 .build/obj_custom_parallel_65_default/quantum/eeconfig.o
                0x00001974                eeconfig_is_enabled
 .text.eeconfig_read_debug
                0x0000198a        0xa .build/obj_custom_parallel_65_default/quantum/eeconfig.o
                0x0000198a                eeconfig_read_debug
 .text.eeconfig_read_default_layer
                0x00001994        0xa .build/obj_custom_parallel_65_default/quantum/eeconfig.o
                0x00001994                eeconfig_read_default_layer
 .text.eeconfig_read_keymap
                0x0000199e        0xa .build/obj_custom_parallel_65_default/quantum/eeconfig.o
                0x0000199e                eeconfig_read_keymap
 .text.eeconfig_update_keymap
                0x000019a8        0xc .build/obj_custom_parallel_65_default/quantum/eeconfig.o
                0x000019a8                eeconfig_update_keymap
 .text.eeconfig_update_kb
                0x000019b4        0xe .build/obj_custom_parallel_65_default/quantum/eeconfig.o
                0x000019b4                eeconfig_update_kb
 .text.eeconfig_update_user
                0x000019c2        0xe .build/obj_custom_parallel_65_default/quantum/eeconfig.o
                0x000019c2                eeconfig_update_user
 .text.eeconfig_init_user
                0x000019d0        0xc .build/obj_custom_parallel_65_default/quantum/eeconfig.o
                0x000019d0                eeconfig_init_user
 .text.eeconfig_init_kb
                0x000019dc       0x10 .build/obj_custom_parallel_65_default/quantum/eeconfig.o
                0x000019dc                eeconfig_init_kb
 .text.eeconfig_init_quantum
                0x000019ec       0xbe .build/obj_custom_parallel_65_default/quantum/eeconfig.o
                0x000019ec                eeconfig_init_quantum
 .text.eeconfig_init
                0x00001aaa        0x6 .build/obj_custom_parallel_65_default/quantum/eeconfig.o
                0x00001aaa                eeconfig_init
 .text.eeconfig_update_handedness
                0x00001ab0        0xc .build/obj_custom_parallel_65_default/quantum/eeconfig.o
                0x00001ab0                eeconfig_update_handedness
 .text.generate_tick_event
                0x00001abc       0x46 .build/obj_custom_parallel_65_default/quantum/keyboard.o
 .text.last_matrix_activity_trigger
                0x00001b02       0x26 .build/obj_custom_parallel_65_default/quantum/keyboard.o
                0x00001b02                last_matrix_activity_trigger
 .text.keyboard_pre_init_user
                0x00001b28        0x2 .build/obj_custom_parallel_65_default/quantum/keyboard.o
                0x00001b28                keyboard_pre_init_user
 .text.matrix_setup
                0x00001b2a        0x2 .build/obj_custom_parallel_65_default/quantum/keyboard.o
                0x00001b2a                matrix_setup
 .text.keyboard_pre_init_kb
                0x00001b2c        0x6 .build/obj_custom_parallel_65_default/quantum/keyboard.o
                0x00001b2c                keyboard_pre_init_kb
 .text.keyboard_post_init_user
                0x00001b32        0x2 .build/obj_custom_parallel_65_default/quantum/keyboard.o
                0x00001b32                keyboard_post_init_user
 .text.keyboard_post_init_kb
                0x00001b34        0x6 .build/obj_custom_parallel_65_default/quantum/keyboard.o
                0x00001b34                keyboard_post_init_kb
 .text.keyboard_setup
                0x00001b3a       0x12 .build/obj_custom_parallel_65_default/quantum/keyboard.o
                0x00001b3a                keyboard_setup
 .text.is_keyboard_master
                0x00001b4c        0x4 .build/obj_custom_parallel_65_default/quantum/keyboard.o
                0x00001b4c                is_keyboard_master
 .text.matrix_can_read
                0x00001b50        0x6 .build/obj_custom_parallel_65_default/quantum/keyboard.o
                0x00001b50                matrix_can_read
 .text.should_process_keypress
                0x00001b56        0x6 .build/obj_custom_parallel_65_default/quantum/keyboard.o
                0x00001b56                should_process_keypress
 .text.housekeeping_task_kb
                0x00001b5c        0x2 .build/obj_custom_parallel_65_default/quantum/keyboard.o
                0x00001b5c                housekeeping_task_kb
 .text.housekeeping_task_user
                0x00001b5e        0x2 .build/obj_custom_parallel_65_default/quantum/keyboard.o
                0x00001b5e                housekeeping_task_user
 .text.housekeeping_task
                0x00001b60        0xa .build/obj_custom_parallel_65_default/quantum/keyboard.o
                0x00001b60                housekeeping_task
 .text.quantum_init
                0x00001b6a       0x3c .build/obj_custom_parallel_65_default/quantum/keyboard.o
                0x00001b6a                quantum_init
 .text.keyboard_init
                0x00001ba6       0x1a .build/obj_custom_parallel_65_default/quantum/keyboard.o
                0x00001ba6                keyboard_init
 .text.keyboard_task
                0x00001bc0       0xf2 .build/obj_custom_parallel_65_default/quantum/keyboard.o
                0x00001bc0                keyboard_task
 .text.action_for_keycode
                0x00001cb2      0x232 .build/obj_custom_parallel_65_default/quantum/keymap_common.o
                0x00001cb2                action_for_keycode
 .text.keymap_key_to_keycode
                0x00001ee4       0x18 .build/obj_custom_parallel_65_default/quantum/keymap_common.o
                0x00001ee4                keymap_key_to_keycode
 .text.action_for_key
                0x00001efc        0xa .build/obj_custom_parallel_65_default/quantum/keymap_common.o
                0x00001efc                action_for_key
 .text.keycode_config
                0x00001f06      0x148 .build/obj_custom_parallel_65_default/quantum/keycode_config.o
                0x00001f06                keycode_config
 .text.mod_config
                0x0000204e       0x9e .build/obj_custom_parallel_65_default/quantum/keycode_config.o
                0x0000204e                mod_config
 .text.sendchar
                0x000020ec        0x4 .build/obj_custom_parallel_65_default/quantum/logging/sendchar.o
                0x000020ec                sendchar
 .text.matrix_init_user
                0x000020f0        0x2 .build/obj_custom_parallel_65_default/quantum/matrix_common.o
                0x000020f0                matrix_init_user
 .text.matrix_init_kb
                0x000020f2        0x6 .build/obj_custom_parallel_65_default/quantum/matrix_common.o
                0x000020f2                matrix_init_kb
 .text.matrix_scan_user
                0x000020f8        0x2 .build/obj_custom_parallel_65_default/quantum/matrix_common.o
                0x000020f8                matrix_scan_user
 .text.matrix_scan_kb
                0x000020fa        0x6 .build/obj_custom_parallel_65_default/quantum/matrix_common.o
                0x000020fa                matrix_scan_kb
 .text.matrix_get_row
                0x00002100       0x12 .build/obj_custom_parallel_65_default/quantum/matrix_common.o
                0x00002100                matrix_get_row
 .text.matrix_print
                0x00002112        0x2 .build/obj_custom_parallel_65_default/quantum/matrix_common.o
                0x00002112                matrix_print
 .text.matrix_io_delay
                0x00002114        0x8 .build/obj_custom_parallel_65_default/quantum/matrix_common.o
                0x00002114                matrix_io_delay
 .text.matrix_output_select_delay
                0x0000211c        0x4 .build/obj_custom_parallel_65_default/quantum/matrix_common.o
                0x0000211c                matrix_output_select_delay
 .text.matrix_output_unselect_delay
                0x00002120        0x6 .build/obj_custom_parallel_65_default/quantum/matrix_common.o
                0x00002120                matrix_output_unselect_delay
 .text.gpio_atomic_set_pin_input_high
                0x00002126       0x32 .build/obj_custom_parallel_65_default/quantum/matrix.o
 .text.matrix_init_pins
                0x00002158       0x40 .build/obj_custom_parallel_65_default/quantum/matrix.o
                0x00002158                matrix_init_pins
 .text.matrix_read_cols_on_row
                0x00002198       0xce .build/obj_custom_parallel_65_default/quantum/matrix.o
                0x00002198                matrix_read_cols_on_row
 .text.matrix_init
                0x00002266       0x2c .build/obj_custom_parallel_65_default/quantum/matrix.o
                0x00002266                matrix_init
 .text.matrix_scan
                0x00002292       0x7a .build/obj_custom_parallel_65_default/quantum/matrix.o
                0x00002292                matrix_scan
 .text.debounce_init
                0x0000230c        0x2 .build/obj_custom_parallel_65_default/quantum/debounce/sym_defer_g.o
                0x0000230c                debounce_init
 .text.debounce
                0x0000230e       0x82 .build/obj_custom_parallel_65_default/quantum/debounce/sym_defer_g.o
                0x0000230e                debounce
 .text.protocol_keyboard_task
                0x00002390        0x6 .build/obj_custom_parallel_65_default/quantum/main.o
                0x00002390                protocol_keyboard_task
 .text.startup.main
                0x00002396       0x2a .build/obj_custom_parallel_65_default/quantum/main.o
                0x00002396                main
 .text.print_set_sendchar
                0x000023c0        0xa .build/obj_custom_parallel_65_default/platforms/avr/printf.o
                0x000023c0                print_set_sendchar
 .text.hsv_to_rgb_impl
                0x000023ca      0x12a .build/obj_custom_parallel_65_default/quantum/color.o
                0x000023ca                hsv_to_rgb_impl
 .text.hsv_to_rgb
                0x000024f4        0x8 .build/obj_custom_parallel_65_default/quantum/color.o
                0x000024f4                hsv_to_rgb
 .text.scale16by8
                0x000024fc       0x14 .build/obj_custom_parallel_65_default/quantum/rgb_matrix/rgb_matrix.o
 .text.sqrt16   0x00002510       0x60 .build/obj_custom_parallel_65_default/quantum/rgb_matrix/rgb_matrix.o
 .text.random8  0x00002570       0x2a .build/obj_custom_parallel_65_default/quantum/rgb_matrix/rgb_matrix.o
 .text.sin8_avr
                0x0000259a       0x3e .build/obj_custom_parallel_65_default/quantum/rgb_matrix/rgb_matrix.o
 .text.BAND_SAT_math
                0x000025d8       0x58 .build/obj_custom_parallel_65_default/quantum/rgb_matrix/rgb_matrix.o
 .text.BAND_VAL_math
                0x00002630       0x5c .build/obj_custom_parallel_65_default/quantum/rgb_matrix/rgb_matrix.o
 .text.CYCLE_ALL_math
                0x0000268c        0x4 .build/obj_custom_parallel_65_default/quantum/rgb_matrix/rgb_matrix.o
 .text.CYCLE_LEFT_RIGHT_math
                0x00002690       0x12 .build/obj_custom_parallel_65_default/quantum/rgb_matrix/rgb_matrix.o
 .text.CYCLE_UP_DOWN_math
                0x000026a2       0x12 .build/obj_custom_parallel_65_default/quantum/rgb_matrix/rgb_matrix.o
 .text.RAINBOW_MOVING_CHEVRON_math
                0x000026b4       0x32 .build/obj_custom_parallel_65_default/quantum/rgb_matrix/rgb_matrix.o
 .text.CYCLE_OUT_IN_math
                0x000026e6       0x22 .build/obj_custom_parallel_65_default/quantum/rgb_matrix/rgb_matrix.o
 .text.CYCLE_OUT_IN_DUAL_math
                0x00002708       0x52 .build/obj_custom_parallel_65_default/quantum/rgb_matrix/rgb_matrix.o
 .text.DUAL_BEACON_math
                0x0000275a       0x5c .build/obj_custom_parallel_65_default/quantum/rgb_matrix/rgb_matrix.o
 .text.RAINBOW_BEACON_math
                0x000027b6       0x5e .build/obj_custom_parallel_65_default/quantum/rgb_matrix/rgb_matrix.o
 .text.RAINBOW_PINWHEELS_math
                0x00002814       0x72 .build/obj_custom_parallel_65_default/quantum/rgb_matrix/rgb_matrix.o
 .text.HUE_PENDULUM_math
                0x00002886       0x4c .build/obj_custom_parallel_65_default/quantum/rgb_matrix/rgb_matrix.o
 .text.HUE_WAVE_math
                0x000028d2       0x22 .build/obj_custom_parallel_65_default/quantum/rgb_matrix/rgb_matrix.o
 .text.SOLID_REACTIVE_SIMPLE_math
                0x000028f4        0xe .build/obj_custom_parallel_65_default/quantum/rgb_matrix/rgb_matrix.o
 .text.SOLID_REACTIVE_math
                0x00002902        0xe .build/obj_custom_parallel_65_default/quantum/rgb_matrix/rgb_matrix.o
 .text.SOLID_REACTIVE_WIDE_math
                0x00002910       0x32 .build/obj_custom_parallel_65_default/quantum/rgb_matrix/rgb_matrix.o
 .text.SOLID_REACTIVE_CROSS_math
                0x00002942       0x70 .build/obj_custom_parallel_65_default/quantum/rgb_matrix/rgb_matrix.o
 .text.SOLID_REACTIVE_NEXUS_math
                0x000029b2       0x64 .build/obj_custom_parallel_65_default/quantum/rgb_matrix/rgb_matrix.o
 .text.SPLASH_math
                0x00002a16       0x30 .build/obj_custom_parallel_65_default/quantum/rgb_matrix/rgb_matrix.o
                0x00002a16                SPLASH_math
 .text.SOLID_SPLASH_math
                0x00002a46       0x2c .build/obj_custom_parallel_65_default/quantum/rgb_matrix/rgb_matrix.o
                0x00002a46                SOLID_SPLASH_math
 .text.eeconfig_flag_rgb_matrix
                0x00002a72        0xc .build/obj_custom_parallel_65_default/quantum/rgb_matrix/rgb_matrix.o
 .text.atan2_8  0x00002a7e       0x5e .build/obj_custom_parallel_65_default/quantum/rgb_matrix/rgb_matrix.o
 .text.BAND_PINWHEEL_SAT_math
                0x00002adc       0x3c .build/obj_custom_parallel_65_default/quantum/rgb_matrix/rgb_matrix.o
 .text.BAND_PINWHEEL_VAL_math
                0x00002b18       0x3e .build/obj_custom_parallel_65_default/quantum/rgb_matrix/rgb_matrix.o
 .text.BAND_SPIRAL_SAT_math
                0x00002b56       0x36 .build/obj_custom_parallel_65_default/quantum/rgb_matrix/rgb_matrix.o
 .text.BAND_SPIRAL_VAL_math
                0x00002b8c       0x36 .build/obj_custom_parallel_65_default/quantum/rgb_matrix/rgb_matrix.o
 .text.CYCLE_PINWHEEL_math
                0x00002bc2       0x22 .build/obj_custom_parallel_65_default/quantum/rgb_matrix/rgb_matrix.o
 .text.CYCLE_SPIRAL_math
                0x00002be4       0x28 .build/obj_custom_parallel_65_default/quantum/rgb_matrix/rgb_matrix.o
 .text.eeconfig_flush_rgb_matrix.part.0
                0x00002c0c       0x16 .build/obj_custom_parallel_65_default/quantum/rgb_matrix/rgb_matrix.o
 .text.rgb_matrix_hsv_to_rgb
                0x00002c22        0x6 .build/obj_custom_parallel_65_default/quantum/rgb_matrix/rgb_matrix.o
                0x00002c22                rgb_matrix_hsv_to_rgb
 .text.process_rgb_matrix_typing_heatmap
                0x00002c28      0x116 .build/obj_custom_parallel_65_default/quantum/rgb_matrix/rgb_matrix.o
                0x00002c28                process_rgb_matrix_typing_heatmap
 .text.eeconfig_update_rgb_matrix_default
                0x00002d3e       0x28 .build/obj_custom_parallel_65_default/quantum/rgb_matrix/rgb_matrix.o
                0x00002d3e                eeconfig_update_rgb_matrix_default
 .text.rgb_matrix_map_row_column_to_led_kb
                0x00002d66        0x4 .build/obj_custom_parallel_65_default/quantum/rgb_matrix/rgb_matrix.o
                0x00002d66                rgb_matrix_map_row_column_to_led_kb
 .text.rgb_matrix_map_row_column_to_led
                0x00002d6a       0x3e .build/obj_custom_parallel_65_default/quantum/rgb_matrix/rgb_matrix.o
                0x00002d6a                rgb_matrix_map_row_column_to_led
 .text.rgb_matrix_update_pwm_buffers
                0x00002da8        0xc .build/obj_custom_parallel_65_default/quantum/rgb_matrix/rgb_matrix.o
                0x00002da8                rgb_matrix_update_pwm_buffers
 .text.rgb_matrix_set_color
                0x00002db4        0xc .build/obj_custom_parallel_65_default/quantum/rgb_matrix/rgb_matrix.o
                0x00002db4                rgb_matrix_set_color
 .text.jellybean_raindrops_set_color.isra.0
                0x00002dc0       0x4a .build/obj_custom_parallel_65_default/quantum/rgb_matrix/rgb_matrix.o
 .text.raindrops_set_color.isra.0
                0x00002e0a       0x78 .build/obj_custom_parallel_65_default/quantum/rgb_matrix/rgb_matrix.o
 .text.rgb_matrix_set_color_all
                0x00002e82        0xc .build/obj_custom_parallel_65_default/quantum/rgb_matrix/rgb_matrix.o
                0x00002e82                rgb_matrix_set_color_all
 .text.DIGITAL_RAIN
                0x00002e8e      0x18c .build/obj_custom_parallel_65_default/quantum/rgb_matrix/rgb_matrix.o
                0x00002e8e                DIGITAL_RAIN
 .text.rgb_matrix_handle_key_event
                0x0000301a      0x114 .build/obj_custom_parallel_65_default/quantum/rgb_matrix/rgb_matrix.o
                0x0000301a                rgb_matrix_handle_key_event
 .text.rgb_matrix_indicators_user
                0x0000312e        0x4 .build/obj_custom_parallel_65_default/quantum/rgb_matrix/rgb_matrix.o
                0x0000312e                rgb_matrix_indicators_user
 .text.rgb_matrix_indicators_kb
                0x00003132        0x6 .build/obj_custom_parallel_65_default/quantum/rgb_matrix/rgb_matrix.o
                0x00003132                rgb_matrix_indicators_kb
 .text.rgb_matrix_get_limits
                0x00003138       0x12 .build/obj_custom_parallel_65_default/quantum/rgb_matrix/rgb_matrix.o
                0x00003138                rgb_matrix_get_limits
 .text.effect_runner_dx_dy_dist
                0x0000314a       0xd0 .build/obj_custom_parallel_65_default/quantum/rgb_matrix/rgb_matrix.o
                0x0000314a                effect_runner_dx_dy_dist
 .text.BAND_SPIRAL_SAT
                0x0000321a        0xa .build/obj_custom_parallel_65_default/quantum/rgb_matrix/rgb_matrix.o
                0x0000321a                BAND_SPIRAL_SAT
 .text.BAND_SPIRAL_VAL
                0x00003224        0xa .build/obj_custom_parallel_65_default/quantum/rgb_matrix/rgb_matrix.o
                0x00003224                BAND_SPIRAL_VAL
 .text.CYCLE_OUT_IN
                0x0000322e        0xa .build/obj_custom_parallel_65_default/quantum/rgb_matrix/rgb_matrix.o
                0x0000322e                CYCLE_OUT_IN
 .text.CYCLE_SPIRAL
                0x00003238        0xa .build/obj_custom_parallel_65_default/quantum/rgb_matrix/rgb_matrix.o
                0x00003238                CYCLE_SPIRAL
 .text.effect_runner_dx_dy
                0x00003242       0xba .build/obj_custom_parallel_65_default/quantum/rgb_matrix/rgb_matrix.o
                0x00003242                effect_runner_dx_dy
 .text.BAND_PINWHEEL_SAT
                0x000032fc        0xa .build/obj_custom_parallel_65_default/quantum/rgb_matrix/rgb_matrix.o
                0x000032fc                BAND_PINWHEEL_SAT
 .text.BAND_PINWHEEL_VAL
                0x00003306        0xa .build/obj_custom_parallel_65_default/quantum/rgb_matrix/rgb_matrix.o
                0x00003306                BAND_PINWHEEL_VAL
 .text.CYCLE_OUT_IN_DUAL
                0x00003310        0xa .build/obj_custom_parallel_65_default/quantum/rgb_matrix/rgb_matrix.o
                0x00003310                CYCLE_OUT_IN_DUAL
 .text.CYCLE_PINWHEEL
                0x0000331a        0xa .build/obj_custom_parallel_65_default/quantum/rgb_matrix/rgb_matrix.o
                0x0000331a                CYCLE_PINWHEEL
 .text.effect_runner_i
                0x00003324       0x8c .build/obj_custom_parallel_65_default/quantum/rgb_matrix/rgb_matrix.o
                0x00003324                effect_runner_i
 .text.BAND_SAT
                0x000033b0        0xa .build/obj_custom_parallel_65_default/quantum/rgb_matrix/rgb_matrix.o
                0x000033b0                BAND_SAT
 .text.BAND_VAL
                0x000033ba        0xa .build/obj_custom_parallel_65_default/quantum/rgb_matrix/rgb_matrix.o
                0x000033ba                BAND_VAL
 .text.CYCLE_ALL
                0x000033c4        0xa .build/obj_custom_parallel_65_default/quantum/rgb_matrix/rgb_matrix.o
                0x000033c4                CYCLE_ALL
 .text.CYCLE_LEFT_RIGHT
                0x000033ce        0xa .build/obj_custom_parallel_65_default/quantum/rgb_matrix/rgb_matrix.o
                0x000033ce                CYCLE_LEFT_RIGHT
 .text.CYCLE_UP_DOWN
                0x000033d8        0xa .build/obj_custom_parallel_65_default/quantum/rgb_matrix/rgb_matrix.o
                0x000033d8                CYCLE_UP_DOWN
 .text.RAINBOW_MOVING_CHEVRON
                0x000033e2        0xa .build/obj_custom_parallel_65_default/quantum/rgb_matrix/rgb_matrix.o
                0x000033e2                RAINBOW_MOVING_CHEVRON
 .text.HUE_PENDULUM
                0x000033ec        0xa .build/obj_custom_parallel_65_default/quantum/rgb_matrix/rgb_matrix.o
                0x000033ec                HUE_PENDULUM
 .text.HUE_WAVE
                0x000033f6        0xa .build/obj_custom_parallel_65_default/quantum/rgb_matrix/rgb_matrix.o
                0x000033f6                HUE_WAVE
 .text.effect_runner_sin_cos_i
                0x00003400       0xb0 .build/obj_custom_parallel_65_default/quantum/rgb_matrix/rgb_matrix.o
                0x00003400                effect_runner_sin_cos_i
 .text.DUAL_BEACON
                0x000034b0        0xa .build/obj_custom_parallel_65_default/quantum/rgb_matrix/rgb_matrix.o
                0x000034b0                DUAL_BEACON
 .text.RAINBOW_BEACON
                0x000034ba        0xa .build/obj_custom_parallel_65_default/quantum/rgb_matrix/rgb_matrix.o
                0x000034ba                RAINBOW_BEACON
 .text.RAINBOW_PINWHEELS
                0x000034c4        0xa .build/obj_custom_parallel_65_default/quantum/rgb_matrix/rgb_matrix.o
                0x000034c4                RAINBOW_PINWHEELS
 .text.effect_runner_reactive
                0x000034ce       0xde .build/obj_custom_parallel_65_default/quantum/rgb_matrix/rgb_matrix.o
                0x000034ce                effect_runner_reactive
 .text.SOLID_REACTIVE_SIMPLE
                0x000035ac        0xa .build/obj_custom_parallel_65_default/quantum/rgb_matrix/rgb_matrix.o
                0x000035ac                SOLID_REACTIVE_SIMPLE
 .text.SOLID_REACTIVE
                0x000035b6        0xa .build/obj_custom_parallel_65_default/quantum/rgb_matrix/rgb_matrix.o
                0x000035b6                SOLID_REACTIVE
 .text.effect_runner_reactive_splash
                0x000035c0      0x140 .build/obj_custom_parallel_65_default/quantum/rgb_matrix/rgb_matrix.o
                0x000035c0                effect_runner_reactive_splash
 .text.SOLID_REACTIVE_WIDE
                0x00003700       0x1a .build/obj_custom_parallel_65_default/quantum/rgb_matrix/rgb_matrix.o
                0x00003700                SOLID_REACTIVE_WIDE
 .text.SOLID_REACTIVE_MULTIWIDE
                0x0000371a        0xe .build/obj_custom_parallel_65_default/quantum/rgb_matrix/rgb_matrix.o
                0x0000371a                SOLID_REACTIVE_MULTIWIDE
 .text.SOLID_REACTIVE_CROSS
                0x00003728       0x1a .build/obj_custom_parallel_65_default/quantum/rgb_matrix/rgb_matrix.o
                0x00003728                SOLID_REACTIVE_CROSS
 .text.SOLID_REACTIVE_MULTICROSS
                0x00003742        0xe .build/obj_custom_parallel_65_default/quantum/rgb_matrix/rgb_matrix.o
                0x00003742                SOLID_REACTIVE_MULTICROSS
 .text.SOLID_REACTIVE_NEXUS
                0x00003750       0x1a .build/obj_custom_parallel_65_default/quantum/rgb_matrix/rgb_matrix.o
                0x00003750                SOLID_REACTIVE_NEXUS
 .text.SOLID_REACTIVE_MULTINEXUS
                0x0000376a        0xe .build/obj_custom_parallel_65_default/quantum/rgb_matrix/rgb_matrix.o
                0x0000376a                SOLID_REACTIVE_MULTINEXUS
 .text.SPLASH   0x00003778       0x1a .build/obj_custom_parallel_65_default/quantum/rgb_matrix/rgb_matrix.o
                0x00003778                SPLASH
 .text.MULTISPLASH
                0x00003792        0xe .build/obj_custom_parallel_65_default/quantum/rgb_matrix/rgb_matrix.o
                0x00003792                MULTISPLASH
 .text.SOLID_SPLASH
                0x000037a0       0x1a .build/obj_custom_parallel_65_default/quantum/rgb_matrix/rgb_matrix.o
                0x000037a0                SOLID_SPLASH
 .text.SOLID_MULTISPLASH
                0x000037ba        0xe .build/obj_custom_parallel_65_default/quantum/rgb_matrix/rgb_matrix.o
                0x000037ba                SOLID_MULTISPLASH
 .text.SOLID_COLOR
                0x000037c8       0x6a .build/obj_custom_parallel_65_default/quantum/rgb_matrix/rgb_matrix.o
                0x000037c8                SOLID_COLOR
 .text.ALPHAS_MODS
                0x00003832       0x90 .build/obj_custom_parallel_65_default/quantum/rgb_matrix/rgb_matrix.o
                0x00003832                ALPHAS_MODS
 .text.GRADIENT_UP_DOWN
                0x000038c2       0x8a .build/obj_custom_parallel_65_default/quantum/rgb_matrix/rgb_matrix.o
                0x000038c2                GRADIENT_UP_DOWN
 .text.GRADIENT_LEFT_RIGHT
                0x0000394c       0x9a .build/obj_custom_parallel_65_default/quantum/rgb_matrix/rgb_matrix.o
                0x0000394c                GRADIENT_LEFT_RIGHT
 .text.BREATHING
                0x000039e6       0x9c .build/obj_custom_parallel_65_default/quantum/rgb_matrix/rgb_matrix.o
                0x000039e6                BREATHING
 .text.RAINDROPS
                0x00003a82       0x98 .build/obj_custom_parallel_65_default/quantum/rgb_matrix/rgb_matrix.o
                0x00003a82                RAINDROPS
 .text.JELLYBEAN_RAINDROPS
                0x00003b1a       0x98 .build/obj_custom_parallel_65_default/quantum/rgb_matrix/rgb_matrix.o
                0x00003b1a                JELLYBEAN_RAINDROPS
 .text.HUE_BREATHING
                0x00003bb2       0xa0 .build/obj_custom_parallel_65_default/quantum/rgb_matrix/rgb_matrix.o
                0x00003bb2                HUE_BREATHING
 .text.TYPING_HEATMAP
                0x00003c52      0x13e .build/obj_custom_parallel_65_default/quantum/rgb_matrix/rgb_matrix.o
                0x00003c52                TYPING_HEATMAP
 .text.rgb_task_render
                0x00003d90      0x506 .build/obj_custom_parallel_65_default/quantum/rgb_matrix/rgb_matrix.o
 .text.rgb_matrix_indicators_advanced_user
                0x00004296        0x4 .build/obj_custom_parallel_65_default/quantum/rgb_matrix/rgb_matrix.o
                0x00004296                rgb_matrix_indicators_advanced_user
 .text.rgb_matrix_indicators_advanced_kb
                0x0000429a        0x6 .build/obj_custom_parallel_65_default/quantum/rgb_matrix/rgb_matrix.o
                0x0000429a                rgb_matrix_indicators_advanced_kb
 .text.rgb_matrix_indicators_advanced
                0x000042a0       0x12 .build/obj_custom_parallel_65_default/quantum/rgb_matrix/rgb_matrix.o
                0x000042a0                rgb_matrix_indicators_advanced
 .text.rgb_matrix_task
                0x000042b2      0x1a6 .build/obj_custom_parallel_65_default/quantum/rgb_matrix/rgb_matrix.o
                0x000042b2                rgb_matrix_task
 .text.rgb_matrix_init
                0x00004458       0x5a .build/obj_custom_parallel_65_default/quantum/rgb_matrix/rgb_matrix.o
                0x00004458                rgb_matrix_init
 .text.rgb_matrix_set_suspend_state
                0x000044b2       0x34 .build/obj_custom_parallel_65_default/quantum/rgb_matrix/rgb_matrix.o
                0x000044b2                rgb_matrix_set_suspend_state
 .text.rgb_matrix_toggle_eeprom_helper
                0x000044e6       0x16 .build/obj_custom_parallel_65_default/quantum/rgb_matrix/rgb_matrix.o
                0x000044e6                rgb_matrix_toggle_eeprom_helper
 .text.rgb_matrix_toggle
                0x000044fc        0x8 .build/obj_custom_parallel_65_default/quantum/rgb_matrix/rgb_matrix.o
                0x000044fc                rgb_matrix_toggle
 .text.rgb_matrix_mode_eeprom_helper
                0x00004504       0x3a .build/obj_custom_parallel_65_default/quantum/rgb_matrix/rgb_matrix.o
                0x00004504                rgb_matrix_mode_eeprom_helper
 .text.rgb_matrix_mode
                0x0000453e        0x8 .build/obj_custom_parallel_65_default/quantum/rgb_matrix/rgb_matrix.o
                0x0000453e                rgb_matrix_mode
 .text.rgb_matrix_step_helper
                0x00004546       0x18 .build/obj_custom_parallel_65_default/quantum/rgb_matrix/rgb_matrix.o
                0x00004546                rgb_matrix_step_helper
 .text.rgb_matrix_step
                0x0000455e        0x8 .build/obj_custom_parallel_65_default/quantum/rgb_matrix/rgb_matrix.o
                0x0000455e                rgb_matrix_step
 .text.rgb_matrix_step_reverse_helper
                0x00004566       0x1a .build/obj_custom_parallel_65_default/quantum/rgb_matrix/rgb_matrix.o
                0x00004566                rgb_matrix_step_reverse_helper
 .text.rgb_matrix_step_reverse
                0x00004580        0x8 .build/obj_custom_parallel_65_default/quantum/rgb_matrix/rgb_matrix.o
                0x00004580                rgb_matrix_step_reverse
 .text.rgb_matrix_sethsv_eeprom_helper
                0x00004588       0x26 .build/obj_custom_parallel_65_default/quantum/rgb_matrix/rgb_matrix.o
                0x00004588                rgb_matrix_sethsv_eeprom_helper
 .text.rgb_matrix_increase_hue_helper
                0x000045ae       0x18 .build/obj_custom_parallel_65_default/quantum/rgb_matrix/rgb_matrix.o
                0x000045ae                rgb_matrix_increase_hue_helper
 .text.rgb_matrix_increase_hue
                0x000045c6        0x8 .build/obj_custom_parallel_65_default/quantum/rgb_matrix/rgb_matrix.o
                0x000045c6                rgb_matrix_increase_hue
 .text.rgb_matrix_decrease_hue_helper
                0x000045ce       0x16 .build/obj_custom_parallel_65_default/quantum/rgb_matrix/rgb_matrix.o
                0x000045ce                rgb_matrix_decrease_hue_helper
 .text.rgb_matrix_decrease_hue
                0x000045e4        0x8 .build/obj_custom_parallel_65_default/quantum/rgb_matrix/rgb_matrix.o
                0x000045e4                rgb_matrix_decrease_hue
 .text.rgb_matrix_increase_sat_helper
                0x000045ec       0x1c .build/obj_custom_parallel_65_default/quantum/rgb_matrix/rgb_matrix.o
                0x000045ec                rgb_matrix_increase_sat_helper
 .text.rgb_matrix_increase_sat
                0x00004608        0x8 .build/obj_custom_parallel_65_default/quantum/rgb_matrix/rgb_matrix.o
                0x00004608                rgb_matrix_increase_sat
 .text.rgb_matrix_decrease_sat_helper
                0x00004610       0x1c .build/obj_custom_parallel_65_default/quantum/rgb_matrix/rgb_matrix.o
                0x00004610                rgb_matrix_decrease_sat_helper
 .text.rgb_matrix_decrease_sat
                0x0000462c        0x8 .build/obj_custom_parallel_65_default/quantum/rgb_matrix/rgb_matrix.o
                0x0000462c                rgb_matrix_decrease_sat
 .text.rgb_matrix_increase_val_helper
                0x00004634       0x1c .build/obj_custom_parallel_65_default/quantum/rgb_matrix/rgb_matrix.o
                0x00004634                rgb_matrix_increase_val_helper
 .text.rgb_matrix_increase_val
                0x00004650        0x8 .build/obj_custom_parallel_65_default/quantum/rgb_matrix/rgb_matrix.o
                0x00004650                rgb_matrix_increase_val
 .text.rgb_matrix_decrease_val_helper
                0x00004658       0x1c .build/obj_custom_parallel_65_default/quantum/rgb_matrix/rgb_matrix.o
                0x00004658                rgb_matrix_decrease_val_helper
 .text.rgb_matrix_decrease_val
                0x00004674        0x8 .build/obj_custom_parallel_65_default/quantum/rgb_matrix/rgb_matrix.o
                0x00004674                rgb_matrix_decrease_val
 .text.rgb_matrix_increase_speed_helper
                0x0000467c       0x16 .build/obj_custom_parallel_65_default/quantum/rgb_matrix/rgb_matrix.o
                0x0000467c                rgb_matrix_increase_speed_helper
 .text.rgb_matrix_increase_speed
                0x00004692        0x8 .build/obj_custom_parallel_65_default/quantum/rgb_matrix/rgb_matrix.o
                0x00004692                rgb_matrix_increase_speed
 .text.rgb_matrix_decrease_speed_helper
                0x0000469a       0x16 .build/obj_custom_parallel_65_default/quantum/rgb_matrix/rgb_matrix.o
                0x0000469a                rgb_matrix_decrease_speed_helper
 .text.rgb_matrix_decrease_speed
                0x000046b0        0x8 .build/obj_custom_parallel_65_default/quantum/rgb_matrix/rgb_matrix.o
                0x000046b0                rgb_matrix_decrease_speed
 .text.setled   0x000046b8       0x42 .build/obj_custom_parallel_65_default/quantum/rgb_matrix/rgb_matrix_drivers.o
 .text.setled_all
                0x000046fa       0x32 .build/obj_custom_parallel_65_default/quantum/rgb_matrix/rgb_matrix_drivers.o
 .text.flush    0x0000472c       0x1a .build/obj_custom_parallel_65_default/quantum/rgb_matrix/rgb_matrix_drivers.o
 .text.init     0x00004746        0xa .build/obj_custom_parallel_65_default/quantum/rgb_matrix/rgb_matrix_drivers.o
 .text.handleKeycodeRGB
                0x00004750        0xe .build/obj_custom_parallel_65_default/quantum/process_keycode/process_rgb.o
 .text.process_rgb
                0x0000475e       0xba .build/obj_custom_parallel_65_default/quantum/process_keycode/process_rgb.o
                0x0000475e                process_rgb
 .text.ws2812_init
                0x00004818        0x4 .build/obj_custom_parallel_65_default/ws2812_bitbang.o
                0x00004818                ws2812_init
 .text.ws2812_setleds
                0x0000481c       0x5a .build/obj_custom_parallel_65_default/ws2812_bitbang.o
                0x0000481c                ws2812_setleds
 .text.bootmagic_reset_eeprom
                0x00004876        0x6 .build/obj_custom_parallel_65_default/quantum/bootmagic/bootmagic.o
                0x00004876                bootmagic_reset_eeprom
 .text.bootmagic_should_reset
                0x0000487c        0xa .build/obj_custom_parallel_65_default/quantum/bootmagic/bootmagic.o
                0x0000487c                bootmagic_should_reset
 .text.bootmagic_scan
                0x00004886       0x2c .build/obj_custom_parallel_65_default/quantum/bootmagic/bootmagic.o
                0x00004886                bootmagic_scan
 .text.bootmagic
                0x000048b2        0x6 .build/obj_custom_parallel_65_default/quantum/bootmagic/bootmagic.o
                0x000048b2                bootmagic
 .text.process_grave_esc
                0x000048b8       0x56 .build/obj_custom_parallel_65_default/quantum/process_keycode/process_grave_esc.o
                0x000048b8                process_grave_esc
 .text.process_magic
                0x0000490e      0x1b8 .build/obj_custom_parallel_65_default/quantum/process_keycode/process_magic.o
                0x0000490e                process_magic
 .text.times_inv_sqrt2
                0x00004ac6       0x1c .build/obj_custom_parallel_65_default/quantum/mousekey.o
 .text.move_unit
                0x00004ae2       0x90 .build/obj_custom_parallel_65_default/quantum/mousekey.o
 .text.wheel_unit
                0x00004b72       0x78 .build/obj_custom_parallel_65_default/quantum/mousekey.o
 .text.mousekey_on
                0x00004bea       0x92 .build/obj_custom_parallel_65_default/quantum/mousekey.o
                0x00004bea                mousekey_on
 .text.mousekey_off
                0x00004c7c       0xf0 .build/obj_custom_parallel_65_default/quantum/mousekey.o
                0x00004c7c                mousekey_off
 .text.mousekey_send
                0x00004d6c       0x3a .build/obj_custom_parallel_65_default/quantum/mousekey.o
                0x00004d6c                mousekey_send
 .text.mousekey_clear
                0x00004da6       0x1c .build/obj_custom_parallel_65_default/quantum/mousekey.o
                0x00004da6                mousekey_clear
 .text.should_mousekey_report_send
                0x00004dc2       0x26 .build/obj_custom_parallel_65_default/quantum/mousekey.o
                0x00004dc2                should_mousekey_report_send
 .text.mousekey_task
                0x00004de8      0x1e0 .build/obj_custom_parallel_65_default/quantum/mousekey.o
                0x00004de8                mousekey_task
 .text.perform_space_cadet
                0x00004fc8       0xde .build/obj_custom_parallel_65_default/quantum/process_keycode/process_space_cadet.o
                0x00004fc8                perform_space_cadet
 .text.process_space_cadet
                0x000050a6       0x82 .build/obj_custom_parallel_65_default/quantum/process_keycode/process_space_cadet.o
                0x000050a6                process_space_cadet
 .text.host_set_driver
                0x00005128        0xa .build/obj_custom_parallel_65_default/protocol/host.o
                0x00005128                host_set_driver
 .text.host_keyboard_leds
                0x00005132       0x1a .build/obj_custom_parallel_65_default/protocol/host.o
                0x00005132                host_keyboard_leds
 .text.host_keyboard_led_state
                0x0000514c        0x6 .build/obj_custom_parallel_65_default/protocol/host.o
                0x0000514c                host_keyboard_led_state
 .text.host_keyboard_send
                0x00005152       0x16 .build/obj_custom_parallel_65_default/protocol/host.o
                0x00005152                host_keyboard_send
 .text.host_mouse_send
                0x00005168       0x1e .build/obj_custom_parallel_65_default/protocol/host.o
                0x00005168                host_mouse_send
 .text.host_system_send
                0x00005186       0x4c .build/obj_custom_parallel_65_default/protocol/host.o
                0x00005186                host_system_send
 .text.host_consumer_send
                0x000051d2       0x4c .build/obj_custom_parallel_65_default/protocol/host.o
                0x000051d2                host_consumer_send
 .text.has_anykey
                0x0000521e       0x28 .build/obj_custom_parallel_65_default/protocol/report.o
                0x0000521e                has_anykey
 .text.is_key_pressed
                0x00005246       0x28 .build/obj_custom_parallel_65_default/protocol/report.o
                0x00005246                is_key_pressed
 .text.add_key_byte
                0x0000526e       0x34 .build/obj_custom_parallel_65_default/protocol/report.o
                0x0000526e                add_key_byte
 .text.del_key_byte
                0x000052a2       0x1e .build/obj_custom_parallel_65_default/protocol/report.o
                0x000052a2                del_key_byte
 .text.add_key_to_report
                0x000052c0       0x10 .build/obj_custom_parallel_65_default/protocol/report.o
                0x000052c0                add_key_to_report
 .text.del_key_from_report
                0x000052d0       0x10 .build/obj_custom_parallel_65_default/protocol/report.o
                0x000052d0                del_key_from_report
 .text.clear_keys_from_report
                0x000052e0       0x16 .build/obj_custom_parallel_65_default/protocol/report.o
                0x000052e0                clear_keys_from_report
 .text.has_mouse_report_changed
                0x000052f6       0x5a .build/obj_custom_parallel_65_default/protocol/report.o
                0x000052f6                has_mouse_report_changed
 .text.notify_usb_device_state_change_user
                0x00005350        0x2 .build/obj_custom_parallel_65_default/protocol/usb_device_state.o
                0x00005350                notify_usb_device_state_change_user
 .text.notify_usb_device_state_change_kb
                0x00005352        0x6 .build/obj_custom_parallel_65_default/protocol/usb_device_state.o
                0x00005352                notify_usb_device_state_change_kb
 .text.usb_device_state_set_configuration
                0x00005358        0xc .build/obj_custom_parallel_65_default/protocol/usb_device_state.o
                0x00005358                usb_device_state_set_configuration
 .text.usb_device_state_set_suspend
                0x00005364        0xc .build/obj_custom_parallel_65_default/protocol/usb_device_state.o
                0x00005364                usb_device_state_set_suspend
 .text.usb_device_state_set_resume
                0x00005370        0x6 .build/obj_custom_parallel_65_default/protocol/usb_device_state.o
                0x00005370                usb_device_state_set_resume
 .text.usb_device_state_set_reset
                0x00005376        0xc .build/obj_custom_parallel_65_default/protocol/usb_device_state.o
                0x00005376                usb_device_state_set_reset
 .text.usb_device_state_init
                0x00005382        0x6 .build/obj_custom_parallel_65_default/protocol/usb_device_state.o
                0x00005382                usb_device_state_init
 .text.suspend_wakeup_init_user
                0x00005388        0x2 .build/obj_custom_parallel_65_default/platforms/suspend.o
                0x00005388                suspend_wakeup_init_user
 .text.suspend_power_down_user
                0x0000538a        0x2 .build/obj_custom_parallel_65_default/platforms/suspend.o
                0x0000538a                suspend_power_down_user
 .text.suspend_power_down_kb
                0x0000538c        0x6 .build/obj_custom_parallel_65_default/platforms/suspend.o
                0x0000538c                suspend_power_down_kb
 .text.matrix_power_up
                0x00005392        0x2 .build/obj_custom_parallel_65_default/platforms/suspend.o
                0x00005392                matrix_power_up
 .text.matrix_power_down
                0x00005394        0x2 .build/obj_custom_parallel_65_default/platforms/suspend.o
                0x00005394                matrix_power_down
 .text.suspend_wakeup_init_kb
                0x00005396        0x6 .build/obj_custom_parallel_65_default/platforms/suspend.o
                0x00005396                suspend_wakeup_init_kb
 .text.suspend_wakeup_condition
                0x0000539c       0x2a .build/obj_custom_parallel_65_default/platforms/suspend.o
                0x0000539c                suspend_wakeup_condition
 .text.platform_setup
                0x000053c6        0xe .build/obj_custom_parallel_65_default/platforms/avr/platform.o
                0x000053c6                platform_setup
 .text.__vector_12
                0x000053d4       0x4e .build/obj_custom_parallel_65_default/platforms/avr/suspend.o
                0x000053d4                __vector_12
 .text.suspend_power_down
                0x00005422       0x56 .build/obj_custom_parallel_65_default/platforms/avr/suspend.o
                0x00005422                suspend_power_down
 .text.suspend_wakeup_init
                0x00005478        0xa .build/obj_custom_parallel_65_default/platforms/avr/suspend.o
                0x00005478                suspend_wakeup_init
 .text.timer_init
                0x00005482       0x12 .build/obj_custom_parallel_65_default/platforms/avr/timer.o
                0x00005482                timer_init
 .text.timer_read
                0x00005494       0x18 .build/obj_custom_parallel_65_default/platforms/avr/timer.o
                0x00005494                timer_read
 .text.timer_read32
                0x000054ac       0x3a .build/obj_custom_parallel_65_default/platforms/avr/timer.o
                0x000054ac                timer_read32
 .text.timer_elapsed
                0x000054e6       0x1e .build/obj_custom_parallel_65_default/platforms/avr/timer.o
                0x000054e6                timer_elapsed
 .text.timer_elapsed32
                0x00005504       0x40 .build/obj_custom_parallel_65_default/platforms/avr/timer.o
                0x00005504                timer_elapsed32
 .text.__vector_21
                0x00005544       0x48 .build/obj_custom_parallel_65_default/platforms/avr/timer.o
                0x00005544                __vector_21
 .text.bootloader_jump
                0x0000558c       0x48 .build/obj_custom_parallel_65_default/platforms/avr/bootloaders/dfu.o
                0x0000558c                bootloader_jump
 .text.mcu_reset
                0x000055d4       0x16 .build/obj_custom_parallel_65_default/platforms/avr/bootloaders/dfu.o
                0x000055d4                mcu_reset
 .text.keyboard_leds
                0x000055ea        0x6 .build/obj_custom_parallel_65_default/lufa.o
 .text.send_nkro
                0x000055f0        0x2 .build/obj_custom_parallel_65_default/lufa.o
 .text.send_report
                0x000055f2       0x48 .build/obj_custom_parallel_65_default/lufa.o
                0x000055f2                send_report
 .text.send_extra
                0x0000563a        0xe .build/obj_custom_parallel_65_default/lufa.o
 .text.send_mouse
                0x00005648        0xe .build/obj_custom_parallel_65_default/lufa.o
 .text.send_keyboard
                0x00005656       0x2e .build/obj_custom_parallel_65_default/lufa.o
 .text.EVENT_USB_Device_Connect
                0x00005684       0x1c .build/obj_custom_parallel_65_default/lufa.o
                0x00005684                EVENT_USB_Device_Connect
 .text.EVENT_USB_Device_Disconnect
                0x000056a0        0x6 .build/obj_custom_parallel_65_default/lufa.o
                0x000056a0                EVENT_USB_Device_Disconnect
 .text.EVENT_USB_Device_Reset
                0x000056a6        0x6 .build/obj_custom_parallel_65_default/lufa.o
                0x000056a6                EVENT_USB_Device_Reset
 .text.EVENT_USB_Device_Suspend
                0x000056ac       0x12 .build/obj_custom_parallel_65_default/lufa.o
                0x000056ac                EVENT_USB_Device_Suspend
 .text.EVENT_USB_Device_WakeUp
                0x000056be       0x16 .build/obj_custom_parallel_65_default/lufa.o
                0x000056be                EVENT_USB_Device_WakeUp
 .text.EVENT_USB_Device_ConfigurationChanged
                0x000056d4       0x2a .build/obj_custom_parallel_65_default/lufa.o
                0x000056d4                EVENT_USB_Device_ConfigurationChanged
 .text.EVENT_USB_Device_ControlRequest
                0x000056fe      0x172 .build/obj_custom_parallel_65_default/lufa.o
                0x000056fe                EVENT_USB_Device_ControlRequest
 .text.protocol_setup
                0x00005870       0x34 .build/obj_custom_parallel_65_default/lufa.o
                0x00005870                protocol_setup
 .text.protocol_pre_init
                0x000058a4       0x1a .build/obj_custom_parallel_65_default/lufa.o
                0x000058a4                protocol_pre_init
 .text.protocol_post_init
                0x000058be        0xa .build/obj_custom_parallel_65_default/lufa.o
                0x000058be                protocol_post_init
 .text.protocol_pre_task
                0x000058c8       0x34 .build/obj_custom_parallel_65_default/lufa.o
                0x000058c8                protocol_pre_task
 .text.protocol_post_task
                0x000058fc        0x2 .build/obj_custom_parallel_65_default/lufa.o
                0x000058fc                protocol_post_task
 .text.CALLBACK_USB_GetDescriptor
                0x000058fe       0x10 .build/obj_custom_parallel_65_default/lufa.o
                0x000058fe                CALLBACK_USB_GetDescriptor
 .text.get_usb_descriptor
                0x0000590e       0xb2 .build/obj_custom_parallel_65_default/usb_descriptor.o
                0x0000590e                get_usb_descriptor
 .text.USB_Device_SendRemoteWakeup
                0x000059c0       0x2c .build/obj_custom_parallel_65_default/lib/lufa/LUFA/Drivers/USB/Core/AVR8/Device_AVR8.o
                0x000059c0                USB_Device_SendRemoteWakeup
 .text.Endpoint_Write_Stream_LE
                0x000059ec       0x9e .build/obj_custom_parallel_65_default/lib/lufa/LUFA/Drivers/USB/Core/AVR8/EndpointStream_AVR8.o
                0x000059ec                Endpoint_Write_Stream_LE
 .text.Endpoint_Write_Control_Stream_LE
                0x00005a8a       0xb4 .build/obj_custom_parallel_65_default/lib/lufa/LUFA/Drivers/USB/Core/AVR8/EndpointStream_AVR8.o
                0x00005a8a                Endpoint_Write_Control_Stream_LE
 .text.Endpoint_Write_Control_PStream_LE
                0x00005b3e       0xb6 .build/obj_custom_parallel_65_default/lib/lufa/LUFA/Drivers/USB/Core/AVR8/EndpointStream_AVR8.o
                0x00005b3e                Endpoint_Write_Control_PStream_LE
 .text.Endpoint_ConfigureEndpoint_Prv
                0x00005bf4       0x68 .build/obj_custom_parallel_65_default/lib/lufa/LUFA/Drivers/USB/Core/AVR8/Endpoint_AVR8.o
                0x00005bf4                Endpoint_ConfigureEndpoint_Prv
 .text.Endpoint_ClearStatusStage
                0x00005c5c       0x3e .build/obj_custom_parallel_65_default/lib/lufa/LUFA/Drivers/USB/Core/AVR8/Endpoint_AVR8.o
                0x00005c5c                Endpoint_ClearStatusStage
 .text.Endpoint_WaitUntilReady
                0x00005c9a       0x62 .build/obj_custom_parallel_65_default/lib/lufa/LUFA/Drivers/USB/Core/AVR8/Endpoint_AVR8.o
                0x00005c9a                Endpoint_WaitUntilReady
 .text.USB_Disable
                0x00005cfc       0x34 .build/obj_custom_parallel_65_default/lib/lufa/LUFA/Drivers/USB/Core/AVR8/USBController_AVR8.o
                0x00005cfc                USB_Disable
 .text.USB_ResetInterface
                0x00005d30       0x86 .build/obj_custom_parallel_65_default/lib/lufa/LUFA/Drivers/USB/Core/AVR8/USBController_AVR8.o
                0x00005d30                USB_ResetInterface
 .text.USB_Init
                0x00005db6       0x24 .build/obj_custom_parallel_65_default/lib/lufa/LUFA/Drivers/USB/Core/AVR8/USBController_AVR8.o
                0x00005db6                USB_Init
 .text.USB_INT_DisableAllInterrupts
                0x00005dda       0x10 .build/obj_custom_parallel_65_default/lib/lufa/LUFA/Drivers/USB/Core/AVR8/USBInterrupt_AVR8.o
                0x00005dda                USB_INT_DisableAllInterrupts
 .text.USB_INT_ClearAllInterrupts
                0x00005dea        0xa .build/obj_custom_parallel_65_default/lib/lufa/LUFA/Drivers/USB/Core/AVR8/USBInterrupt_AVR8.o
                0x00005dea                USB_INT_ClearAllInterrupts
 .text.__vector_10
                0x00005df4      0x1a6 .build/obj_custom_parallel_65_default/lib/lufa/LUFA/Drivers/USB/Core/AVR8/USBInterrupt_AVR8.o
                0x00005df4                __vector_10
 .text.__vector_11
                0x00005f9a       0x92 .build/obj_custom_parallel_65_default/lib/lufa/LUFA/Drivers/USB/Core/AVR8/USBInterrupt_AVR8.o
                0x00005f9a                __vector_11
 .text.USB_Device_ProcessControlRequest
                0x0000602c      0x28e .build/obj_custom_parallel_65_default/lib/lufa/LUFA/Drivers/USB/Core/DeviceStandardReq.o
                0x0000602c                USB_Device_ProcessControlRequest
 .text.USB_Event_Stub
                0x000062ba        0x2 .build/obj_custom_parallel_65_default/lib/lufa/LUFA/Drivers/USB/Core/Events.o
                0x000062ba                EVENT_USB_Device_StartOfFrame
                0x000062ba                USB_Event_Stub
 .text.USB_USBTask
                0x000062bc       0x34 .build/obj_custom_parallel_65_default/lib/lufa/LUFA/Drivers/USB/Core/USBTask.o
                0x000062bc                USB_USBTask
 .text.libgcc.div
                0x000062f0       0x28 c:/qmk_msys/mingw64/bin/../lib/gcc/avr/12.2.0/avr5\libgcc.a(_udivmodhi4.o)
                0x000062f0                __udivmodhi4
 .text.libgcc.div
                0x00006318       0x28 c:/qmk_msys/mingw64/bin/../lib/gcc/avr/12.2.0/avr5\libgcc.a(_divmodhi4.o)
                0x00006318                _div
                0x00006318                __divmodhi4
 .text.libgcc.div
                0x00006340       0x44 c:/qmk_msys/mingw64/bin/../lib/gcc/avr/12.2.0/avr5\libgcc.a(_udivmodsi4.o)
                0x00006340                __udivmodsi4
 .text.libgcc.div
                0x00006384       0x2e c:/qmk_msys/mingw64/bin/../lib/gcc/avr/12.2.0/avr5\libgcc.a(_divmodsi4.o)
                0x00006384                __divmodsi4
 .text.libgcc.div
                0x000063b2       0x10 c:/qmk_msys/mingw64/bin/../lib/gcc/avr/12.2.0/avr5\libgcc.a(_negsi2.o)
                0x000063b2                __negsi2
 .text.libgcc   0x000063c2        0xc c:/qmk_msys/mingw64/bin/../lib/gcc/avr/12.2.0/avr5\libgcc.a(_tablejump2.o)
                0x000063c2                __tablejump2__
 .text.libgcc.prologue
                0x000063ce       0x38 c:/qmk_msys/mingw64/bin/../lib/gcc/avr/12.2.0/avr5\libgcc.a(_prologue.o)
                0x000063ce                __prologue_saves__
 .text.libgcc.prologue
                0x00006406       0x36 c:/qmk_msys/mingw64/bin/../lib/gcc/avr/12.2.0/avr5\libgcc.a(_epilogue.o)
                0x00006406                __epilogue_restores__
 .text.avr-libc
                0x0000643c       0xb8 c:/qmk_msys/mingw64/bin/../lib/gcc/avr/12.2.0/../../../../avr/lib/avr5\libc.a(rand.o)
                0x000064ce                rand_r
                0x000064d4                rand
                0x000064de                srand
 .text.avr-libc
                0x000064f4       0x1a c:/qmk_msys/mingw64/bin/../lib/gcc/avr/12.2.0/../../../../avr/lib/avr5\libc.a(memcmp.o)
                0x000064f4                memcmp
 .text.avr-libc
                0x0000650e       0x12 c:/qmk_msys/mingw64/bin/../lib/gcc/avr/12.2.0/../../../../avr/lib/avr5\libc.a(memcpy.o)
                0x0000650e                memcpy
 .text.avr-libc
                0x00006520       0x24 c:/qmk_msys/mingw64/bin/../lib/gcc/avr/12.2.0/../../../../avr/lib/avr5\libc.a(memmove.o)
                0x00006520                memmove
 .text.avr-libc
                0x00006544        0xe c:/qmk_msys/mingw64/bin/../lib/gcc/avr/12.2.0/../../../../avr/lib/avr5\libc.a(memset.o)
                0x00006544                memset
 .text.avr-libc
                0x00006552       0x20 c:/qmk_msys/mingw64/bin/../lib/gcc/avr/12.2.0/../../../../avr/lib/avr5\libatmega32u4.a(eerd_block.o)
                0x00006552                eeprom_read_block
                0x00006556                eeprom_read_blraw
 .text.avr-libc
                0x00006572       0x10 c:/qmk_msys/mingw64/bin/../lib/gcc/avr/12.2.0/../../../../avr/lib/avr5\libatmega32u4.a(eerd_byte.o)
                0x00006572                eeprom_read_byte
 .text.avr-libc
                0x00006582        0xc c:/qmk_msys/mingw64/bin/../lib/gcc/avr/12.2.0/../../../../avr/lib/avr5\libatmega32u4.a(eerd_word.o)
                0x00006582                eeprom_read_word
 .text.avr-libc
                0x0000658e       0x20 c:/qmk_msys/mingw64/bin/../lib/gcc/avr/12.2.0/../../../../avr/lib/avr5\libatmega32u4.a(eeupd_block.o)
                0x0000658e                eeprom_update_block
 .text.avr-libc
                0x000065ae       0x24 c:/qmk_msys/mingw64/bin/../lib/gcc/avr/12.2.0/../../../../avr/lib/avr5\libatmega32u4.a(eeupd_byte.o)
                0x000065ae                eeprom_update_byte
                0x000065b0                eeprom_update_r18
 .text.avr-libc
                0x000065d2       0x18 c:/qmk_msys/mingw64/bin/../lib/gcc/avr/12.2.0/../../../../avr/lib/avr5\libatmega32u4.a(eeupd_dword.o)
                0x000065d2                eeprom_update_float
                0x000065d2                eeprom_update_dword
 .text.avr-libc
                0x000065ea        0xc c:/qmk_msys/mingw64/bin/../lib/gcc/avr/12.2.0/../../../../avr/lib/avr5\libatmega32u4.a(eeupd_word.o)
                0x000065ea                eeprom_update_word
 .text.libgcc.mul
                0x000065f6       0x16 c:/qmk_msys/mingw64/bin/../lib/gcc/avr/12.2.0/avr5\libgcc.a(_muluhisi3.o)
                0x000065f6                __muluhisi3
 .text.libgcc.mul
                0x0000660c       0x10 c:/qmk_msys/mingw64/bin/../lib/gcc/avr/12.2.0/avr5\libgcc.a(_mulshisi3.o)
                0x0000660c                __mulshisi3
                0x00006612                __mulohisi3
 .text.libgcc.mul
                0x0000661c       0x1e c:/qmk_msys/mingw64/bin/../lib/gcc/avr/12.2.0/avr5\libgcc.a(_umulhisi3.o)
                0x0000661c                __umulhisi3
                0x0000663a                        . = ALIGN (0x2)
 *(.fini9)
 .fini9         0x0000663a        0x0 c:/qmk_msys/mingw64/bin/../lib/gcc/avr/12.2.0/avr5\libgcc.a(_exit.o)
                0x0000663a                _exit
                0x0000663a                exit
 *(.fini9)
 *(.fini8)
 *(.fini8)
 *(.fini7)
 *(.fini7)
 *(.fini6)
 *(.fini6)
 *(.fini5)
 *(.fini5)
 *(.fini4)
 *(.fini4)
 *(.fini3)
 *(.fini3)
 *(.fini2)
 *(.fini2)
 *(.fini1)
 *(.fini1)
 *(.fini0)
 .fini0         0x0000663a        0x4 c:/qmk_msys/mingw64/bin/../lib/gcc/avr/12.2.0/avr5\libgcc.a(_exit.o)
 *(.fini0)
 *(.hightext)
 *(.hightext*)
 *(.progmemx.*)
                0x0000663e                        . = ALIGN (0x2)
 *(.jumptables)
 *(.jumptables*)
 .jumptables.gcc.process_action
                0x0000663e       0x18 .build/obj_custom_parallel_65_default/quantum/action.o
 .jumptables.gcc.rgb_task_render
                0x00006656       0x58 .build/obj_custom_parallel_65_default/quantum/rgb_matrix/rgb_matrix.o
 .jumptables.gcc.process_rgb
                0x000066ae       0x2a .build/obj_custom_parallel_65_default/quantum/process_keycode/process_rgb.o
 .jumptables.gcc.process_magic
                0x000066d8       0x44 .build/obj_custom_parallel_65_default/quantum/process_keycode/process_magic.o
 .jumptables.gcc.mousekey_on
                0x0000671c       0x26 .build/obj_custom_parallel_65_default/quantum/mousekey.o
 .jumptables.gcc.process_space_cadet
                0x00006742        0xe .build/obj_custom_parallel_65_default/quantum/process_keycode/process_space_cadet.o
 .jumptables.gcc.USB_Device_ProcessControlRequest
                0x00006750       0x14 .build/obj_custom_parallel_65_default/lib/lufa/LUFA/Drivers/USB/Core/DeviceStandardReq.o
                0x00006764                        _etext = .

.data           0x00800100      0x1fc load address 0x00006764
                0x00800100                        PROVIDE (__data_start = .)
 *(.data)
 .data          0x00800100        0x4 c:/qmk_msys/mingw64/bin/../lib/gcc/avr/12.2.0/../../../../avr/lib/avr5\libc.a(rand.o)
 *(.data*)
 .data.g_led_config
                0x00800104      0x146 .build/obj_custom_parallel_65_default/.build/obj_custom_parallel_65_default/src/default_keyboard.o
                0x00800104                g_led_config
 .data.keyboard_report
                0x0080024a        0x2 .build/obj_custom_parallel_65_default/quantum/action_util.o
                0x0080024a                keyboard_report
 .data.rgb_task_state
                0x0080024c        0x1 .build/obj_custom_parallel_65_default/quantum/rgb_matrix/rgb_matrix.o
 .data.rgb_effect_params
                0x0080024d        0x3 .build/obj_custom_parallel_65_default/quantum/rgb_matrix/rgb_matrix.o
 .data.rgb_last_effect
                0x00800250        0x1 .build/obj_custom_parallel_65_default/quantum/rgb_matrix/rgb_matrix.o
 .data.rgb_last_enable
                0x00800251        0x1 .build/obj_custom_parallel_65_default/quantum/rgb_matrix/rgb_matrix.o
 .data.rand16seed
                0x00800252        0x2 .build/obj_custom_parallel_65_default/lib/lib8tion/lib8tion.o
                0x00800252                rand16seed
 .data.mk_wheel_time_to_max
                0x00800254        0x1 .build/obj_custom_parallel_65_default/quantum/mousekey.o
                0x00800254                mk_wheel_time_to_max
 .data.mk_wheel_max_speed
                0x00800255        0x1 .build/obj_custom_parallel_65_default/quantum/mousekey.o
                0x00800255                mk_wheel_max_speed
 .data.mk_wheel_interval
                0x00800256        0x1 .build/obj_custom_parallel_65_default/quantum/mousekey.o
                0x00800256                mk_wheel_interval
 .data.mk_wheel_delay
                0x00800257        0x1 .build/obj_custom_parallel_65_default/quantum/mousekey.o
                0x00800257                mk_wheel_delay
 .data.mk_time_to_max
                0x00800258        0x1 .build/obj_custom_parallel_65_default/quantum/mousekey.o
                0x00800258                mk_time_to_max
 .data.mk_max_speed
                0x00800259        0x1 .build/obj_custom_parallel_65_default/quantum/mousekey.o