Archive member included to satisfy reference by file (symbol)

c:/qmk_msys/mingw64/bin/../lib/gcc/arm-none-eabi/12.2.0/thumb/v6-m/nofp\libgcc.a(_thumb1_case_sqi.o)
                              .build/obj_idyllic_tinny50_rgb_default/quantum/keycode_config.o (__gnu_thumb1_case_sqi)
c:/qmk_msys/mingw64/bin/../lib/gcc/arm-none-eabi/12.2.0/thumb/v6-m/nofp\libgcc.a(_thumb1_case_uqi.o)
                              .build/obj_idyllic_tinny50_rgb_default/quantum/action.o (__gnu_thumb1_case_uqi)
c:/qmk_msys/mingw64/bin/../lib/gcc/arm-none-eabi/12.2.0/thumb/v6-m/nofp\libgcc.a(_thumb1_case_shi.o)
                              .build/obj_idyllic_tinny50_rgb_default/lib/chibios/os/hal/lib/streams/chprintf.o (__gnu_thumb1_case_shi)
c:/qmk_msys/mingw64/bin/../lib/gcc/arm-none-eabi/12.2.0/thumb/v6-m/nofp\libgcc.a(_thumb1_case_uhi.o)
                              .build/obj_idyllic_tinny50_rgb_default/quantum/action.o (__gnu_thumb1_case_uhi)
c:/qmk_msys/mingw64/bin/../lib/gcc/arm-none-eabi/12.2.0/thumb/v6-m/nofp\libgcc.a(_dvmd_tls.o)
                              .build/obj_idyllic_tinny50_rgb_default/./lib/pico-sdk/src/rp2_common/pico_divider/divider.o (__aeabi_idiv0)
c:/qmk_msys/mingw64/bin/../lib/gcc/arm-none-eabi/12.2.0/thumb/v6-m/nofp\libgcc.a(_ctzsi2.o)
                              .build/obj_idyllic_tinny50_rgb_default/./lib/pico-sdk/src/rp2_common/hardware_pio/pio.o (__ctzsi2)
c:/qmk_msys/mingw64/bin/../lib/gcc/arm-none-eabi/12.2.0/thumb/v6-m/nofp\libgcc.a(_fixunssfsi.o)
                              .build/obj_idyllic_tinny50_rgb_default/ws2812_vendor.o (__aeabi_f2uiz)
c:/qmk_msys/mingw64/bin/../lib/gcc/arm-none-eabi/12.2.0/thumb/v6-m/nofp\libgcc.a(divsf3.o)
                              .build/obj_idyllic_tinny50_rgb_default/ws2812_vendor.o (__aeabi_fdiv)
c:/qmk_msys/mingw64/bin/../lib/gcc/arm-none-eabi/12.2.0/thumb/v6-m/nofp\libgcc.a(mulsf3.o)
                              .build/obj_idyllic_tinny50_rgb_default/ws2812_vendor.o (__aeabi_fmul)
c:/qmk_msys/mingw64/bin/../lib/gcc/arm-none-eabi/12.2.0/thumb/v6-m/nofp\libgcc.a(subsf3.o)
                              .build/obj_idyllic_tinny50_rgb_default/ws2812_vendor.o (__aeabi_fsub)
c:/qmk_msys/mingw64/bin/../lib/gcc/arm-none-eabi/12.2.0/thumb/v6-m/nofp\libgcc.a(fixsfsi.o)
                              c:/qmk_msys/mingw64/bin/../lib/gcc/arm-none-eabi/12.2.0/thumb/v6-m/nofp\libgcc.a(_fixunssfsi.o) (__aeabi_f2iz)
c:/qmk_msys/mingw64/bin/../lib/gcc/arm-none-eabi/12.2.0/thumb/v6-m/nofp\libgcc.a(floatunsisf.o)
                              .build/obj_idyllic_tinny50_rgb_default/ws2812_vendor.o (__aeabi_ui2f)
c:/qmk_msys/mingw64/bin/../lib/gcc/arm-none-eabi/12.2.0/thumb/v6-m/nofp\libgcc.a(_arm_cmpsf2.o)
                              c:/qmk_msys/mingw64/bin/../lib/gcc/arm-none-eabi/12.2.0/thumb/v6-m/nofp\libgcc.a(_fixunssfsi.o) (__aeabi_fcmpge)
c:/qmk_msys/mingw64/bin/../lib/gcc/arm-none-eabi/12.2.0/thumb/v6-m/nofp\libgcc.a(_clzsi2.o)
                              c:/qmk_msys/mingw64/bin/../lib/gcc/arm-none-eabi/12.2.0/thumb/v6-m/nofp\libgcc.a(divsf3.o) (__clzsi2)
c:/qmk_msys/mingw64/bin/../lib/gcc/arm-none-eabi/12.2.0/thumb/v6-m/nofp\libgcc.a(eqsf2.o)
                              c:/qmk_msys/mingw64/bin/../lib/gcc/arm-none-eabi/12.2.0/thumb/v6-m/nofp\libgcc.a(_arm_cmpsf2.o) (__eqsf2)
c:/qmk_msys/mingw64/bin/../lib/gcc/arm-none-eabi/12.2.0/thumb/v6-m/nofp\libgcc.a(gesf2.o)
                              c:/qmk_msys/mingw64/bin/../lib/gcc/arm-none-eabi/12.2.0/thumb/v6-m/nofp\libgcc.a(_arm_cmpsf2.o) (__gesf2)
c:/qmk_msys/mingw64/bin/../lib/gcc/arm-none-eabi/12.2.0/thumb/v6-m/nofp\libgcc.a(lesf2.o)
                              c:/qmk_msys/mingw64/bin/../lib/gcc/arm-none-eabi/12.2.0/thumb/v6-m/nofp\libgcc.a(_arm_cmpsf2.o) (__lesf2)
c:/qmk_msys/mingw64/bin/../lib/gcc/arm-none-eabi/12.2.0/../../../../arm-none-eabi/lib/thumb/v6-m/nofp\libg_nano.a(libc_a-abort.o)
                              .build/obj_idyllic_tinny50_rgb_default/lib/chibios/os/various/syscalls.o (abort)
c:/qmk_msys/mingw64/bin/../lib/gcc/arm-none-eabi/12.2.0/../../../../arm-none-eabi/lib/thumb/v6-m/nofp\libg_nano.a(libc_a-rand.o)
                              .build/obj_idyllic_tinny50_rgb_default/quantum/send_string/send_string.o (rand)
c:/qmk_msys/mingw64/bin/../lib/gcc/arm-none-eabi/12.2.0/../../../../arm-none-eabi/lib/thumb/v6-m/nofp\libg_nano.a(libc_a-ctype_.o)
                              .build/obj_idyllic_tinny50_rgb_default/quantum/send_string/send_string.o (_ctype_)
c:/qmk_msys/mingw64/bin/../lib/gcc/arm-none-eabi/12.2.0/../../../../arm-none-eabi/lib/thumb/v6-m/nofp\libg_nano.a(libc_a-memcmp.o)
                              .build/obj_idyllic_tinny50_rgb_default/quantum/action_util.o (memcmp)
c:/qmk_msys/mingw64/bin/../lib/gcc/arm-none-eabi/12.2.0/../../../../arm-none-eabi/lib/thumb/v6-m/nofp\libg_nano.a(libc_a-memmove.o)
                              .build/obj_idyllic_tinny50_rgb_default/quantum/rgb_matrix/rgb_matrix.o (memmove)
[...]
Memory Configuration

Name             Origin             Length             Attributes
flash0           0x00000000         0x00004000         xr
flash1           0x10000000         0x00200000         xr
flash2           0x00000000         0x00000000         xr
flash3           0x00000000         0x00000000         xr
flash4           0x00000000         0x00000000         xr
flash5           0x00000000         0x00000000         xr
flash6           0x00000000         0x00000000         xr
flash7           0x00000000         0x00000000         xr
ram0             0x20000000         0x00040000         xw
ram1             0x00000000         0x00040000         xw
ram2             0x00000000         0x00000000         xw
ram3             0x00000000         0x00000000         xw
ram4             0x20040000         0x00001000         xw
ram5             0x20041000         0x00001000         xw
ram6             0x00000000         0x00000000         xw
ram7             0x20041f00         0x00000100         xw
*default*        0x00000000         0xffffffff

Linker script and memory map

LOAD .build/obj_idyllic_tinny50_rgb_default/keyboards/idyllic/tinny50_rgb/tinny50_rgb.o
LOAD .build/obj_idyllic_tinny50_rgb_default/.build/obj_idyllic_tinny50_rgb_default/src/default_keyboard.o
LOAD .build/obj_idyllic_tinny50_rgb_default/quantum/keymap_introspection.o
LOAD .build/obj_idyllic_tinny50_rgb_default/quantum/quantum.o
LOAD .build/obj_idyllic_tinny50_rgb_default/quantum/bitwise.o
LOAD .build/obj_idyllic_tinny50_rgb_default/quantum/led.o
LOAD .build/obj_idyllic_tinny50_rgb_default/quantum/action.o
LOAD .build/obj_idyllic_tinny50_rgb_default/quantum/action_layer.o
LOAD .build/obj_idyllic_tinny50_rgb_default/quantum/action_tapping.o
LOAD .build/obj_idyllic_tinny50_rgb_default/quantum/action_util.o
LOAD .build/obj_idyllic_tinny50_rgb_default/quantum/eeconfig.o
LOAD .build/obj_idyllic_tinny50_rgb_default/quantum/keyboard.o
LOAD .build/obj_idyllic_tinny50_rgb_default/quantum/keymap_common.o
LOAD .build/obj_idyllic_tinny50_rgb_default/quantum/keycode_config.o
LOAD .build/obj_idyllic_tinny50_rgb_default/quantum/sync_timer.o
LOAD .build/obj_idyllic_tinny50_rgb_default/quantum/logging/debug.o
LOAD .build/obj_idyllic_tinny50_rgb_default/quantum/logging/sendchar.o
LOAD .build/obj_idyllic_tinny50_rgb_default/quantum/logging/print.o
LOAD .build/obj_idyllic_tinny50_rgb_default/quantum/matrix_common.o
LOAD .build/obj_idyllic_tinny50_rgb_default/quantum/matrix.o
LOAD .build/obj_idyllic_tinny50_rgb_default/quantum/debounce/sym_defer_g.o
LOAD .build/obj_idyllic_tinny50_rgb_default/quantum/main.o
LOAD .build/obj_idyllic_tinny50_rgb_default/printf.o
LOAD .build/obj_idyllic_tinny50_rgb_default/eeprom_driver.o
LOAD .build/obj_idyllic_tinny50_rgb_default/eeprom_wear_leveling.o
LOAD .build/obj_idyllic_tinny50_rgb_default/wear_leveling.o
LOAD .build/obj_idyllic_tinny50_rgb_default/wear_leveling_rp2040_flash.o
LOAD .build/obj_idyllic_tinny50_rgb_default/quantum/color.o
LOAD .build/obj_idyllic_tinny50_rgb_default/quantum/rgb_matrix/rgb_matrix.o
LOAD .build/obj_idyllic_tinny50_rgb_default/quantum/rgb_matrix/rgb_matrix_drivers.o
LOAD .build/obj_idyllic_tinny50_rgb_default/quantum/process_keycode/process_rgb.o
LOAD .build/obj_idyllic_tinny50_rgb_default/quantum/led_tables.o
LOAD .build/obj_idyllic_tinny50_rgb_default/qmk_fnv_type_validation.o
LOAD .build/obj_idyllic_tinny50_rgb_default/hash_32a.o
LOAD .build/obj_idyllic_tinny50_rgb_default/hash_64a.o
LOAD .build/obj_idyllic_tinny50_rgb_default/lib/lib8tion/lib8tion.o
LOAD .build/obj_idyllic_tinny50_rgb_default/ws2812_vendor.o
LOAD .build/obj_idyllic_tinny50_rgb_default/quantum/bootmagic/bootmagic.o
LOAD .build/obj_idyllic_tinny50_rgb_default/quantum/process_keycode/process_grave_esc.o
LOAD .build/obj_idyllic_tinny50_rgb_default/quantum/process_keycode/process_magic.o
LOAD .build/obj_idyllic_tinny50_rgb_default/quantum/mousekey.o
LOAD .build/obj_idyllic_tinny50_rgb_default/quantum/send_string/send_string.o
LOAD .build/obj_idyllic_tinny50_rgb_default/quantum/process_keycode/process_space_cadet.o
LOAD .build/obj_idyllic_tinny50_rgb_default/protocol/host.o
LOAD .build/obj_idyllic_tinny50_rgb_default/protocol/report.o
LOAD .build/obj_idyllic_tinny50_rgb_default/protocol/usb_device_state.o
LOAD .build/obj_idyllic_tinny50_rgb_default/protocol/usb_util.o
LOAD .build/obj_idyllic_tinny50_rgb_default/platforms/suspend.o
LOAD .build/obj_idyllic_tinny50_rgb_default/platforms/synchronization_util.o
LOAD .build/obj_idyllic_tinny50_rgb_default/platforms/timer.o
LOAD .build/obj_idyllic_tinny50_rgb_default/platforms/chibios/hardware_id.o
LOAD .build/obj_idyllic_tinny50_rgb_default/platforms/chibios/platform.o
LOAD .build/obj_idyllic_tinny50_rgb_default/platforms/chibios/suspend.o
LOAD .build/obj_idyllic_tinny50_rgb_default/platforms/chibios/timer.o
LOAD .build/obj_idyllic_tinny50_rgb_default/platforms/chibios/bootloaders/rp2040.o
LOAD .build/obj_idyllic_tinny50_rgb_default/./lib/chibios/os/common/startup/ARMCMx/compilers/GCC/crt0_v6m.o
LOAD .build/obj_idyllic_tinny50_rgb_default/./lib/chibios/os/common/startup/ARMCMx/compilers/GCC/vectors.o
LOAD .build/obj_idyllic_tinny50_rgb_default/./lib/chibios/os/common/ports/ARMv6-M-RP2/compilers/GCC/chcoreasm.o
LOAD .build/obj_idyllic_tinny50_rgb_default/protocol/chibios/usb_main.o
LOAD .build/obj_idyllic_tinny50_rgb_default/protocol/chibios/chibios.o
LOAD .build/obj_idyllic_tinny50_rgb_default/usb_descriptor.o
LOAD .build/obj_idyllic_tinny50_rgb_default/protocol/chibios/usb_driver.o
LOAD .build/obj_idyllic_tinny50_rgb_default/protocol/chibios/usb_endpoints.o
LOAD .build/obj_idyllic_tinny50_rgb_default/protocol/chibios/usb_report_handling.o
LOAD .build/obj_idyllic_tinny50_rgb_default/protocol/chibios/usb_util.o
LOAD .build/obj_idyllic_tinny50_rgb_default/lib/chibios/os/common/startup/ARMCMx/compilers/GCC/crt1.o
LOAD .build/obj_idyllic_tinny50_rgb_default/lib/chibios/os/rt/src/chsys.o
LOAD .build/obj_idyllic_tinny50_rgb_default/lib/chibios/os/rt/src/chrfcu.o
LOAD .build/obj_idyllic_tinny50_rgb_default/lib/chibios/os/rt/src/chdebug.o
LOAD .build/obj_idyllic_tinny50_rgb_default/lib/chibios/os/rt/src/chtrace.o
LOAD .build/obj_idyllic_tinny50_rgb_default/lib/chibios/os/rt/src/chvt.o
LOAD .build/obj_idyllic_tinny50_rgb_default/lib/chibios/os/rt/src/chschd.o
LOAD .build/obj_idyllic_tinny50_rgb_default/lib/chibios/os/rt/src/chinstances.o
LOAD .build/obj_idyllic_tinny50_rgb_default/lib/chibios/os/rt/src/chthreads.o
LOAD .build/obj_idyllic_tinny50_rgb_default/lib/chibios/os/rt/src/chtm.o
LOAD .build/obj_idyllic_tinny50_rgb_default/lib/chibios/os/rt/src/chstats.o
LOAD .build/obj_idyllic_tinny50_rgb_default/lib/chibios/os/rt/src/chregistry.o
LOAD .build/obj_idyllic_tinny50_rgb_default/lib/chibios/os/rt/src/chsem.o
LOAD .build/obj_idyllic_tinny50_rgb_default/lib/chibios/os/rt/src/chmtx.o
LOAD .build/obj_idyllic_tinny50_rgb_default/lib/chibios/os/rt/src/chcond.o
LOAD .build/obj_idyllic_tinny50_rgb_default/lib/chibios/os/rt/src/chevents.o
LOAD .build/obj_idyllic_tinny50_rgb_default/lib/chibios/os/rt/src/chmsg.o
LOAD .build/obj_idyllic_tinny50_rgb_default/lib/chibios/os/rt/src/chdynamic.o
LOAD .build/obj_idyllic_tinny50_rgb_default/lib/chibios/os/common/ports/ARMv6-M-RP2/chcore.o
LOAD .build/obj_idyllic_tinny50_rgb_default/lib/chibios/os/hal/osal/rt-nil/osal.o
LOAD .build/obj_idyllic_tinny50_rgb_default/lib/chibios/os/oslib/src/chmboxes.o
LOAD .build/obj_idyllic_tinny50_rgb_default/lib/chibios/os/oslib/src/chmemcore.o
LOAD .build/obj_idyllic_tinny50_rgb_default/lib/chibios/os/oslib/src/chmemheaps.o
LOAD .build/obj_idyllic_tinny50_rgb_default/lib/chibios/os/oslib/src/chmempools.o
LOAD .build/obj_idyllic_tinny50_rgb_default/lib/chibios/os/oslib/src/chpipes.o
LOAD .build/obj_idyllic_tinny50_rgb_default/lib/chibios/os/oslib/src/chobjcaches.o
LOAD .build/obj_idyllic_tinny50_rgb_default/lib/chibios/os/oslib/src/chdelegates.o
LOAD .build/obj_idyllic_tinny50_rgb_default/lib/chibios/os/oslib/src/chfactory.o
LOAD .build/obj_idyllic_tinny50_rgb_default/lib/chibios/os/hal/src/hal.o
LOAD .build/obj_idyllic_tinny50_rgb_default/lib/chibios/os/hal/src/hal_st.o
LOAD .build/obj_idyllic_tinny50_rgb_default/lib/chibios/os/hal/src/hal_buffers.o
LOAD .build/obj_idyllic_tinny50_rgb_default/lib/chibios/os/hal/src/hal_queues.o
LOAD .build/obj_idyllic_tinny50_rgb_default/lib/chibios/os/hal/src/hal_flash.o
LOAD .build/obj_idyllic_tinny50_rgb_default/lib/chibios/os/hal/src/hal_mmcsd.o
LOAD .build/obj_idyllic_tinny50_rgb_default/lib/chibios/os/hal/src/hal_adc.o
LOAD .build/obj_idyllic_tinny50_rgb_default/lib/chibios/os/hal/src/hal_can.o
LOAD .build/obj_idyllic_tinny50_rgb_default/lib/chibios/os/hal/src/hal_crypto.o
LOAD .build/obj_idyllic_tinny50_rgb_default/lib/chibios/os/hal/src/hal_dac.o
LOAD .build/obj_idyllic_tinny50_rgb_default/lib/chibios/os/hal/src/hal_efl.o
LOAD .build/obj_idyllic_tinny50_rgb_default/lib/chibios/os/hal/src/hal_gpt.o
LOAD .build/obj_idyllic_tinny50_rgb_default/lib/chibios/os/hal/src/hal_i2c.o
LOAD .build/obj_idyllic_tinny50_rgb_default/lib/chibios/os/hal/src/hal_i2s.o
LOAD .build/obj_idyllic_tinny50_rgb_default/lib/chibios/os/hal/src/hal_icu.o
LOAD .build/obj_idyllic_tinny50_rgb_default/lib/chibios/os/hal/src/hal_mac.o
LOAD .build/obj_idyllic_tinny50_rgb_default/lib/chibios/os/hal/src/hal_mmc_spi.o
LOAD .build/obj_idyllic_tinny50_rgb_default/lib/chibios/os/hal/src/hal_pal.o
LOAD .build/obj_idyllic_tinny50_rgb_default/lib/chibios/os/hal/src/hal_pwm.o
LOAD .build/obj_idyllic_tinny50_rgb_default/lib/chibios/os/hal/src/hal_rtc.o
LOAD .build/obj_idyllic_tinny50_rgb_default/lib/chibios/os/hal/src/hal_sdc.o
LOAD .build/obj_idyllic_tinny50_rgb_default/lib/chibios/os/hal/src/hal_serial.o
LOAD .build/obj_idyllic_tinny50_rgb_default/lib/chibios/os/hal/src/hal_serial_usb.o
LOAD .build/obj_idyllic_tinny50_rgb_default/lib/chibios/os/hal/src/hal_sio.o
LOAD .build/obj_idyllic_tinny50_rgb_default/lib/chibios/os/hal/src/hal_spi.o
LOAD .build/obj_idyllic_tinny50_rgb_default/lib/chibios/os/hal/src/hal_trng.o
LOAD .build/obj_idyllic_tinny50_rgb_default/lib/chibios/os/hal/src/hal_uart.o
LOAD .build/obj_idyllic_tinny50_rgb_default/lib/chibios/os/hal/src/hal_usb.o
LOAD .build/obj_idyllic_tinny50_rgb_default/lib/chibios/os/hal/src/hal_wdg.o
LOAD .build/obj_idyllic_tinny50_rgb_default/lib/chibios/os/hal/src/hal_wspi.o
LOAD .build/obj_idyllic_tinny50_rgb_default/lib/chibios/os/hal/ports/common/ARMCMx/nvic.o
LOAD .build/obj_idyllic_tinny50_rgb_default/lib/chibios/os/hal/ports/RP/RP2040/rp_isr.o
LOAD .build/obj_idyllic_tinny50_rgb_default/lib/chibios/os/hal/ports/RP/RP2040/hal_lld.o
LOAD .build/obj_idyllic_tinny50_rgb_default/lib/chibios/os/hal/ports/RP/LLD/DMAv1/rp_dma.o
LOAD .build/obj_idyllic_tinny50_rgb_default/lib/chibios/os/hal/ports/RP/LLD/GPIOv1/hal_pal_lld.o
LOAD .build/obj_idyllic_tinny50_rgb_default/lib/chibios/os/hal/ports/RP/LLD/SPIv1/hal_spi_lld.o
LOAD .build/obj_idyllic_tinny50_rgb_default/lib/chibios/os/hal/ports/RP/LLD/TIMERv1/hal_st_lld.o
LOAD .build/obj_idyllic_tinny50_rgb_default/lib/chibios/os/hal/ports/RP/LLD/UARTv1/hal_sio_lld.o
LOAD .build/obj_idyllic_tinny50_rgb_default/lib/chibios/os/hal/ports/RP/LLD/RTCv1/hal_rtc_lld.o
LOAD .build/obj_idyllic_tinny50_rgb_default/lib/chibios/os/hal/ports/RP/LLD/WDGv1/hal_wdg_lld.o
LOAD .build/obj_idyllic_tinny50_rgb_default/lib/chibios-contrib/os/hal/ports/RP/LLD/I2Cv1/hal_i2c_lld.o
LOAD .build/obj_idyllic_tinny50_rgb_default/lib/chibios-contrib/os/hal/ports/RP/LLD/PWMv1/hal_pwm_lld.o
LOAD .build/obj_idyllic_tinny50_rgb_default/lib/chibios-contrib/os/hal/ports/RP/LLD/ADCv1/hal_adc_lld.o
LOAD .build/obj_idyllic_tinny50_rgb_default/lib/chibios-contrib/os/hal/ports/RP/LLD/USBDv1/hal_usb_lld.o
LOAD .build/obj_idyllic_tinny50_rgb_default/lib/chibios/os/hal/boards/RP_PICO_RP2040/board.o
LOAD .build/obj_idyllic_tinny50_rgb_default/lib/chibios/os/hal/lib/streams/chprintf.o
LOAD .build/obj_idyllic_tinny50_rgb_default/lib/chibios/os/hal/lib/streams/chscanf.o
LOAD .build/obj_idyllic_tinny50_rgb_default/lib/chibios/os/hal/lib/streams/memstreams.o
LOAD .build/obj_idyllic_tinny50_rgb_default/lib/chibios/os/hal/lib/streams/nullstreams.o
LOAD .build/obj_idyllic_tinny50_rgb_default/lib/chibios/os/hal/lib/streams/bufstreams.o
LOAD .build/obj_idyllic_tinny50_rgb_default/lib/chibios/os/various/syscalls.o
LOAD .build/obj_idyllic_tinny50_rgb_default/platforms/chibios/syscall-fallbacks.o
LOAD .build/obj_idyllic_tinny50_rgb_default/platforms/chibios/wait.o
LOAD .build/obj_idyllic_tinny50_rgb_default/platforms/chibios/synchronization_util.o
LOAD .build/obj_idyllic_tinny50_rgb_default/platforms/chibios/interrupt_handlers.o
LOAD .build/obj_idyllic_tinny50_rgb_default/./lib/pico-sdk/src/rp2_common/hardware_clocks/clocks.o
LOAD .build/obj_idyllic_tinny50_rgb_default/./lib/pico-sdk/src/rp2_common/hardware_pll/pll.o
LOAD .build/obj_idyllic_tinny50_rgb_default/./lib/pico-sdk/src/rp2_common/hardware_pio/pio.o
LOAD .build/obj_idyllic_tinny50_rgb_default/./lib/pico-sdk/src/rp2_common/hardware_timer/timer.o
LOAD .build/obj_idyllic_tinny50_rgb_default/./lib/pico-sdk/src/rp2_common/hardware_flash/flash.o
LOAD .build/obj_idyllic_tinny50_rgb_default/./lib/pico-sdk/src/rp2_common/hardware_gpio/gpio.o
LOAD .build/obj_idyllic_tinny50_rgb_default/./lib/pico-sdk/src/rp2_common/hardware_claim/claim.o
LOAD .build/obj_idyllic_tinny50_rgb_default/./lib/pico-sdk/src/rp2_common/hardware_watchdog/watchdog.o
LOAD .build/obj_idyllic_tinny50_rgb_default/./lib/pico-sdk/src/rp2_common/hardware_xosc/xosc.o
LOAD .build/obj_idyllic_tinny50_rgb_default/./lib/pico-sdk/src/rp2_common/pico_bootrom/bootrom.o
LOAD .build/obj_idyllic_tinny50_rgb_default/platforms/chibios/vendors/RP/stage2_bootloaders.o
LOAD .build/obj_idyllic_tinny50_rgb_default/platforms/chibios/vendors/RP/pico_sdk_shims.o
LOAD .build/obj_idyllic_tinny50_rgb_default/./lib/pico-sdk/src/rp2_common/pico_divider/divider.o
LOAD .build/obj_idyllic_tinny50_rgb_default/./lib/pico-sdk/src/rp2_common/pico_int64_ops/pico_int64_ops_aeabi.o
                0x00000800                        __process_stack_size__ = 0x800
                0x00000400                        __main_stack_size__ = 0x400
LOAD c:/qmk_msys/mingw64/bin/../lib/gcc/arm-none-eabi/12.2.0/../../../../arm-none-eabi/lib/thumb/v6-m/nofp\libm.a
START GROUP
LOAD c:/qmk_msys/mingw64/bin/../lib/gcc/arm-none-eabi/12.2.0/thumb/v6-m/nofp\libgcc.a
LOAD c:/qmk_msys/mingw64/bin/../lib/gcc/arm-none-eabi/12.2.0/../../../../arm-none-eabi/lib/thumb/v6-m/nofp\libg_nano.a
LOAD c:/qmk_msys/mingw64/bin/../lib/gcc/arm-none-eabi/12.2.0/../../../../arm-none-eabi/lib/thumb/v6-m/nofp\libc_nano.a
END GROUP
START GROUP
LOAD c:/qmk_msys/mingw64/bin/../lib/gcc/arm-none-eabi/12.2.0/thumb/v6-m/nofp\libgcc.a
LOAD c:/qmk_msys/mingw64/bin/../lib/gcc/arm-none-eabi/12.2.0/../../../../arm-none-eabi/lib/thumb/v6-m/nofp\libc_nano.a
END GROUP

.flash_begin    0x10000000        0x0
                0x10000000                        __flash_binary_start = .

.boot2          0x10000000      0x100
                0x10000000                        __boot2_start__ = .
 *(.boot2)
 .boot2         0x10000000      0x100 .build/obj_idyllic_tinny50_rgb_default/platforms/chibios/vendors/RP/stage2_bootloaders.o
                0x10000000                BOOT2_ROM
                0x10000100                        __boot2_end__ = .

.mstack         0x20040000      0x400
                0x20040000                        . = ALIGN (0x8)
                0x20040000                        __main_stack_base__ = .
                0x20040400                        . = (. + __main_stack_size__)
 *fill*         0x20040000      0x400 
                0x20040400                        . = ALIGN (0x8)
                0x20040400                        __main_stack_end__ = .

.pstack         0x20040400      0x800
                0x20040400                        . = ALIGN (0x8)
                0x20040400                        __process_stack_base__ = .
                0x20040400                        __main_thread_stack_base__ = .
                0x20040c00                        . = (. + __process_stack_size__)
 *fill*         0x20040400      0x800 
                0x20040c00                        . = ALIGN (0x8)
                0x20040c00                        __process_stack_end__ = .
                0x20040c00                        __main_thread_stack_end__ = .
                0x00000400                        __c1_main_stack_size__ = __main_stack_size__
                0x00000800                        __c1_process_stack_size__ = __process_stack_size__

.c1_mstack      0x20041000      0x400
                0x20041000                        . = ALIGN (0x8)
                0x20041000                        __c1_main_stack_base__ = .
                0x20041400                        . = (. + __c1_main_stack_size__)
 *fill*         0x20041000      0x400 
                0x20041400                        . = ALIGN (0x8)
                0x20041400                        __c1_main_stack_end__ = .

.c1_pstack      0x20041400      0x800
                0x20041400                        . = ALIGN (0x8)
                0x20041400                        __c1_process_stack_base__ = .
                0x20041400                        __c1_main_thread_stack_base__ = .
                0x20041c00                        . = (. + __c1_process_stack_size__)
 *fill*         0x20041400      0x800 
                0x20041c00                        . = ALIGN (0x8)
                0x20041c00                        __c1_process_stack_end__ = .
                0x20041c00                        __c1_main_thread_stack_end__ = .

.vectors        0x10000100       0xc0
                0x10000100                        __textvectors_base__ = LOADADDR (.vectors)
                0x10000100                        __vectors_base__ = .
 *(.vectors)
 .vectors       0x10000100       0xc0 .build/obj_idyllic_tinny50_rgb_default/./lib/chibios/os/common/startup/ARMCMx/compilers/GCC/vectors.o
                0x10000100                _vectors
                0x100001c0                        __vectors_end__ = .

.xtors          0x100001c0        0x0
                0x100001c0                        __init_array_base__ = .
 *(SORT_BY_NAME(.init_array.*))
 *(.init_array)
                0x100001c0                        __init_array_end__ = .
                0x100001c0                        __fini_array_base__ = .
 *(.fini_array)
 *(SORT_BY_NAME(.fini_array.*))
                0x100001c0                        __fini_array_end__ = .

.text           0x100001c0     0x8da8
                0x100001c0                        __text_base__ = .
 *(.text)
 .text          0x100001c0      0x104 .build/obj_idyllic_tinny50_rgb_default/./lib/chibios/os/common/startup/ARMCMx/compilers/GCC/crt0_v6m.o
                0x100001c0                _crt0_entry
 .text          0x100002c4        0x8 .build/obj_idyllic_tinny50_rgb_default/./lib/chibios/os/common/startup/ARMCMx/compilers/GCC/vectors.o
                0x100002c4                Reset_Handler
                0x100002c6                Vector9C
                0x100002c6                VectorAC
                0x100002c6                DebugMon_Handler
                0x100002c6                Vector5C
                0x100002c6                HardFault_Handler
                0x100002c6                Vector8C
                0x100002c6                SysTick_Handler
                0x100002c6                PendSV_Handler
                0x100002c6                Vector94
                0x100002c6                VectorA8
                0x100002c6                VectorB4
                0x100002c6                Vector74
                0x100002c6                UsageFault_Handler
                0x100002c6                VectorBC
                0x100002c6                Vector64
                0x100002c6                Vector58
                0x100002c6                Vector98
                0x100002c6                Vector24
                0x100002c6                Vector84
                0x100002c6                SecureFault_Handler
                0x100002c6                MemManage_Handler
                0x100002c6                VectorA0
                0x100002c6                SVC_Handler
                0x100002c6                VectorB0
                0x100002c6                Vector90
                0x100002c6                Vector60
                0x100002c6                Vector68
                0x100002c6                Vector78
                0x100002c6                VectorA4
                0x100002c6                Vector88
                0x100002c6                BusFault_Handler
                0x100002c6                Vector50
                0x100002c6                Vector28
                0x100002c6                VectorB8
                0x100002c6                Vector34
                0x100002c6                Vector20
                0x100002ca                _unhandled_exception
 .text          0x100002cc       0x48 .build/obj_idyllic_tinny50_rgb_default/./lib/chibios/os/common/ports/ARMv6-M-RP2/compilers/GCC/chcoreasm.o
                0x100002cc                __port_switch
                0x100002ec                __port_thread_start
                0x100002fe                __port_switch_from_isr
                0x10000302                __port_exit_from_isr
 .text          0x10000314       0x14 c:/qmk_msys/mingw64/bin/../lib/gcc/arm-none-eabi/12.2.0/thumb/v6-m/nofp\libgcc.a(_thumb1_case_sqi.o)
                0x10000314                __gnu_thumb1_case_sqi
 .text          0x10000328       0x14 c:/qmk_msys/mingw64/bin/../lib/gcc/arm-none-eabi/12.2.0/thumb/v6-m/nofp\libgcc.a(_thumb1_case_uqi.o)
                0x10000328                __gnu_thumb1_case_uqi
 .text          0x1000033c       0x14 c:/qmk_msys/mingw64/bin/../lib/gcc/arm-none-eabi/12.2.0/thumb/v6-m/nofp\libgcc.a(_thumb1_case_uhi.o)
                0x1000033c                __gnu_thumb1_case_uhi
 .text          0x10000350        0x4 c:/qmk_msys/mingw64/bin/../lib/gcc/arm-none-eabi/12.2.0/thumb/v6-m/nofp\libgcc.a(_dvmd_tls.o)
                0x10000350                __aeabi_idiv0
                0x10000350                __aeabi_ldiv0
 .text          0x10000354       0x74 c:/qmk_msys/mingw64/bin/../lib/gcc/arm-none-eabi/12.2.0/thumb/v6-m/nofp\libgcc.a(_arm_cmpsf2.o)
                0x10000354                __aeabi_cfrcmple
                0x1000035c                __aeabi_cfcmpeq
                0x1000035c                __aeabi_cfcmple
                0x1000036c                __aeabi_fcmpeq
                0x10000378                __aeabi_fcmplt
                0x1000038c                __aeabi_fcmple
                0x100003a0                __aeabi_fcmpgt
                0x100003b4                __aeabi_fcmpge
 .text          0x100003c8       0x3c c:/qmk_msys/mingw64/bin/../lib/gcc/arm-none-eabi/12.2.0/thumb/v6-m/nofp\libgcc.a(_clzsi2.o)
                0x100003c8                __clzsi2
 .text          0x10000404       0x44 c:/qmk_msys/mingw64/bin/../lib/gcc/arm-none-eabi/12.2.0/../../../../arm-none-eabi/lib/thumb/v6-m/nofp\libg_nano.a(libc_a-memcmp.o)
                0x10000404                memcmp
 .text          0x10000448       0xb0 c:/qmk_msys/mingw64/bin/../lib/gcc/arm-none-eabi/12.2.0/../../../../arm-none-eabi/lib/thumb/v6-m/nofp\libg_nano.a(libc_a-memmove.o)
                0x10000448                memmove
 .text          0x100004f8       0xa8 c:/qmk_msys/mingw64/bin/../lib/gcc/arm-none-eabi/12.2.0/../../../../arm-none-eabi/lib/thumb/v6-m/nofp\libg_nano.a(libc_a-memset.o)
                0x100004f8                memset
 .text          0x100005a0       0x90 c:/qmk_msys/mingw64/bin/../lib/gcc/arm-none-eabi/12.2.0/../../../../arm-none-eabi/lib/thumb/v6-m/nofp\libg_nano.a(libc_a-memcpy-stub.o)
                0x100005a0                memcpy
 *(.text.*)
 .text.keycode_at_keymap_location_raw
                0x10000630       0x2c .build/obj_idyllic_tinny50_rgb_default/quantum/keymap_introspection.o
                0x10000630                keycode_at_keymap_location_raw
 .text.keycode_at_keymap_location
                0x1000065c        0x8 .build/obj_idyllic_tinny50_rgb_default/quantum/keymap_introspection.o
                0x1000065c                keycode_at_keymap_location
 .text.pre_process_record_user
                0x10000664        0x4 .build/obj_idyllic_tinny50_rgb_default/quantum/quantum.o
                0x10000664                pre_process_record_user
 .text.pre_process_record_kb
                0x10000668        0x8 .build/obj_idyllic_tinny50_rgb_default/quantum/quantum.o
                0x10000668                pre_process_record_kb
 .text.process_action_kb
                0x10000670        0x4 .build/obj_idyllic_tinny50_rgb_default/quantum/quantum.o
                0x10000670                process_action_kb
 .text.process_record_user
                0x10000674        0x4 .build/obj_idyllic_tinny50_rgb_default/quantum/quantum.o
                0x10000674                process_record_user
 .text.process_record_kb
                0x10000678        0x8 .build/obj_idyllic_tinny50_rgb_default/quantum/quantum.o
                0x10000678                process_record_kb
 .text.post_process_record_user
                0x10000680        0x2 .build/obj_idyllic_tinny50_rgb_default/quantum/quantum.o
                0x10000680                post_process_record_user
 .text.post_process_record_kb
                0x10000682        0x8 .build/obj_idyllic_tinny50_rgb_default/quantum/quantum.o
                0x10000682                post_process_record_kb
 *fill*         0x1000068a        0x2 
 .text.get_event_keycode
                0x1000068c       0x4c .build/obj_idyllic_tinny50_rgb_default/quantum/quantum.o
                0x1000068c                get_event_keycode
 .text.get_record_keycode
                0x100006d8       0x16 .build/obj_idyllic_tinny50_rgb_default/quantum/quantum.o
                0x100006d8                get_record_keycode
 .text.pre_process_record_quantum
                0x100006ee       0x12 .build/obj_idyllic_tinny50_rgb_default/quantum/quantum.o
                0x100006ee                pre_process_record_quantum
 .text.post_process_record_quantum
                0x10000700       0x12 .build/obj_idyllic_tinny50_rgb_default/quantum/quantum.o
                0x10000700                post_process_record_quantum
 .text.shutdown_user
                0x10000712        0x4 .build/obj_idyllic_tinny50_rgb_default/quantum/quantum.o
                0x10000712                shutdown_user
 .text.shutdown_kb
                0x10000716        0x8 .build/obj_idyllic_tinny50_rgb_default/quantum/quantum.o
                0x10000716                shutdown_kb
 *fill*         0x1000071e        0x2 
 .text.shutdown_quantum
                0x10000720       0x1c .build/obj_idyllic_tinny50_rgb_default/quantum/quantum.o
                0x10000720                shutdown_quantum
 .text.reset_keyboard
                0x1000073c        0xe .build/obj_idyllic_tinny50_rgb_default/quantum/quantum.o
                0x1000073c                reset_keyboard
 .text.soft_reset_keyboard
                0x1000074a        0xe .build/obj_idyllic_tinny50_rgb_default/quantum/quantum.o
                0x1000074a                soft_reset_keyboard
 .text.process_record_quantum
                0x10000758       0xb4 .build/obj_idyllic_tinny50_rgb_default/quantum/quantum.o
                0x10000758                process_record_quantum
 .text.suspend_power_down_quantum
                0x1000080c       0x16 .build/obj_idyllic_tinny50_rgb_default/quantum/quantum.o
                0x1000080c                suspend_power_down_quantum
 .text.suspend_wakeup_init_quantum
                0x10000822       0x12 .build/obj_idyllic_tinny50_rgb_default/quantum/quantum.o
                0x10000822                suspend_wakeup_init_quantum
 .text.led_update_user
                0x10000834        0x4 .build/obj_idyllic_tinny50_rgb_default/quantum/led.o
                0x10000834                led_update_user
 .text.led_update_ports
                0x10000838        0x2 .build/obj_idyllic_tinny50_rgb_default/quantum/led.o
                0x10000838                led_update_ports
 .text.led_update_kb
                0x1000083a       0x16 .build/obj_idyllic_tinny50_rgb_default/quantum/led.o
                0x1000083a                led_update_kb
 .text.led_init_ports
                0x10000850        0x2 .build/obj_idyllic_tinny50_rgb_default/quantum/led.o
                0x10000850                led_init_ports
 .text.led_set  0x10000852        0x8 .build/obj_idyllic_tinny50_rgb_default/quantum/led.o
                0x10000852                led_set
 .text.led_suspend
                0x1000085a        0xa .build/obj_idyllic_tinny50_rgb_default/quantum/led.o
                0x1000085a                led_suspend
 .text.led_wakeup
                0x10000864        0xc .build/obj_idyllic_tinny50_rgb_default/quantum/led.o
                0x10000864                led_wakeup
 .text.led_task
                0x10000870       0x2c .build/obj_idyllic_tinny50_rgb_default/quantum/led.o
                0x10000870                led_task
 .text.action_exec
                0x1000089c       0x42 .build/obj_idyllic_tinny50_rgb_default/quantum/action.o
                0x1000089c                action_exec
 .text.process_record_tap_hint
                0x100008de       0x10 .build/obj_idyllic_tinny50_rgb_default/quantum/action.o
                0x100008de                process_record_tap_hint
 .text.register_mouse
                0x100008ee       0x16 .build/obj_idyllic_tinny50_rgb_default/quantum/action.o
                0x100008ee                register_mouse
 .text.register_code
                0x10000904       0x88 .build/obj_idyllic_tinny50_rgb_default/quantum/action.o
                0x10000904                register_code
 .text.unregister_code
                0x1000098c       0x6a .build/obj_idyllic_tinny50_rgb_default/quantum/action.o
                0x1000098c                unregister_code
 *fill*         0x100009f6        0x2 
 .text.tap_code_delay
                0x100009f8       0x44 .build/obj_idyllic_tinny50_rgb_default/quantum/action.o
                0x100009f8                tap_code_delay
 .text.tap_code
                0x10000a3c       0x10 .build/obj_idyllic_tinny50_rgb_default/quantum/action.o
                0x10000a3c                tap_code
 .text.register_mods
                0x10000a4c       0x10 .build/obj_idyllic_tinny50_rgb_default/quantum/action.o
                0x10000a4c                register_mods
 .text.unregister_mods
                0x10000a5c       0x10 .build/obj_idyllic_tinny50_rgb_default/quantum/action.o
                0x10000a5c                unregister_mods
 .text.process_action
                0x10000a6c      0x3b8 .build/obj_idyllic_tinny50_rgb_default/quantum/action.o
                0x10000a6c                process_action
 .text.process_record_handler
                0x10000e24       0x20 .build/obj_idyllic_tinny50_rgb_default/quantum/action.o
                0x10000e24                process_record_handler
 .text.process_record
                0x10000e44       0x44 .build/obj_idyllic_tinny50_rgb_default/quantum/action.o
                0x10000e44                process_record
 .text.clear_keyboard_but_mods_and_keys
                0x10000e88       0x20 .build/obj_idyllic_tinny50_rgb_default/quantum/action.o
                0x10000e88                clear_keyboard_but_mods_and_keys
 .text.clear_keyboard_but_mods
                0x10000ea8        0xc .build/obj_idyllic_tinny50_rgb_default/quantum/action.o
                0x10000ea8                clear_keyboard_but_mods
 .text.clear_keyboard
                0x10000eb4        0xc .build/obj_idyllic_tinny50_rgb_default/quantum/action.o
                0x10000eb4                clear_keyboard
 .text.is_tap_action
                0x10000ec0       0x4c .build/obj_idyllic_tinny50_rgb_default/quantum/action.o
                0x10000ec0                is_tap_action
 .text.is_tap_record
                0x10000f0c       0x18 .build/obj_idyllic_tinny50_rgb_default/quantum/action.o
                0x10000f0c                is_tap_record
 .text.debug_event
                0x10000f24        0x6 .build/obj_idyllic_tinny50_rgb_default/quantum/action.o
                0x10000f24                debug_event
 .text.debug_record
                0x10000f2a        0x6 .build/obj_idyllic_tinny50_rgb_default/quantum/action.o
                0x10000f2a                debug_record
 .text.default_layer_state_set_user
                0x10000f30        0x2 .build/obj_idyllic_tinny50_rgb_default/quantum/action_layer.o
                0x10000f30                default_layer_state_set_user
 .text.default_layer_state_set_kb
                0x10000f32        0x8 .build/obj_idyllic_tinny50_rgb_default/quantum/action_layer.o
                0x10000f32                default_layer_state_set_kb
 *fill*         0x10000f3a        0x2 
 .text.default_layer_state_set
                0x10000f3c       0x10 .build/obj_idyllic_tinny50_rgb_default/quantum/action_layer.o
 .text.default_layer_debug
                0x10000f4c        0x2 .build/obj_idyllic_tinny50_rgb_default/quantum/action_layer.o
                0x10000f4c                default_layer_debug
 .text.default_layer_set
                0x10000f4e        0x8 .build/obj_idyllic_tinny50_rgb_default/quantum/action_layer.o
                0x10000f4e                default_layer_set
 *fill*         0x10000f56        0x2 
 .text.default_layer_or
                0x10000f58       0x14 .build/obj_idyllic_tinny50_rgb_default/quantum/action_layer.o
                0x10000f58                default_layer_or
 .text.default_layer_and
                0x10000f6c       0x14 .build/obj_idyllic_tinny50_rgb_default/quantum/action_layer.o
                0x10000f6c                default_layer_and
 .text.default_layer_xor
                0x10000f80       0x14 .build/obj_idyllic_tinny50_rgb_default/quantum/action_layer.o
                0x10000f80                default_layer_xor
 .text.layer_state_set_user
                0x10000f94        0x2 .build/obj_idyllic_tinny50_rgb_default/quantum/action_layer.o
                0x10000f94                layer_state_set_user
 .text.layer_state_set_kb
                0x10000f96        0x8 .build/obj_idyllic_tinny50_rgb_default/quantum/action_layer.o
                0x10000f96                layer_state_set_kb
 *fill*         0x10000f9e        0x2 
 .text.layer_state_set
                0x10000fa0       0x10 .build/obj_idyllic_tinny50_rgb_default/quantum/action_layer.o
                0x10000fa0                layer_state_set
 .text.layer_clear
                0x10000fb0        0xa .build/obj_idyllic_tinny50_rgb_default/quantum/action_layer.o
                0x10000fb0                layer_clear
 .text.layer_move
                0x10000fba        0xe .build/obj_idyllic_tinny50_rgb_default/quantum/action_layer.o
                0x10000fba                layer_move
 .text.layer_on
                0x10000fc8       0x18 .build/obj_idyllic_tinny50_rgb_default/quantum/action_layer.o
                0x10000fc8                layer_on
 .text.layer_off
                0x10000fe0       0x18 .build/obj_idyllic_tinny50_rgb_default/quantum/action_layer.o
                0x10000fe0                layer_off
 .text.layer_invert
                0x10000ff8       0x18 .build/obj_idyllic_tinny50_rgb_default/quantum/action_layer.o
                0x10000ff8                layer_invert
 .text.layer_or
                0x10001010       0x14 .build/obj_idyllic_tinny50_rgb_default/quantum/action_layer.o
                0x10001010                layer_or
 .text.layer_and
                0x10001024       0x14 .build/obj_idyllic_tinny50_rgb_default/quantum/action_layer.o
                0x10001024                layer_and
 .text.layer_xor
                0x10001038       0x14 .build/obj_idyllic_tinny50_rgb_default/quantum/action_layer.o
                0x10001038                layer_xor
 .text.layer_debug
                0x1000104c        0x2 .build/obj_idyllic_tinny50_rgb_default/quantum/action_layer.o
                0x1000104c                layer_debug
 .text.update_source_layers_cache_impl
                0x1000104e       0x30 .build/obj_idyllic_tinny50_rgb_default/quantum/action_layer.o
                0x1000104e                update_source_layers_cache_impl
 .text.read_source_layers_cache_impl
                0x1000107e       0x26 .build/obj_idyllic_tinny50_rgb_default/quantum/action_layer.o
                0x1000107e                read_source_layers_cache_impl
 .text.update_source_layers_cache
                0x100010a4       0x28 .build/obj_idyllic_tinny50_rgb_default/quantum/action_layer.o
                0x100010a4                update_source_layers_cache
 .text.read_source_layers_cache
                0x100010cc       0x28 .build/obj_idyllic_tinny50_rgb_default/quantum/action_layer.o
                0x100010cc                read_source_layers_cache
 .text.layer_switch_get_layer
                0x100010f4       0x44 .build/obj_idyllic_tinny50_rgb_default/quantum/action_layer.o
                0x100010f4                layer_switch_get_layer
 .text.layer_switch_get_action
                0x10001138       0x14 .build/obj_idyllic_tinny50_rgb_default/quantum/action_layer.o
                0x10001138                layer_switch_get_action
 .text.store_or_get_action
                0x1000114c       0x44 .build/obj_idyllic_tinny50_rgb_default/quantum/action_layer.o
                0x1000114c                store_or_get_action
 .text.debug_waiting_buffer
                0x10001190       0x40 .build/obj_idyllic_tinny50_rgb_default/quantum/action_tapping.o
 .text.debug_tapping_key
                0x100011d0       0x20 .build/obj_idyllic_tinny50_rgb_default/quantum/action_tapping.o
 .text.waiting_buffer_scan_tap
                0x100011f0       0x7c .build/obj_idyllic_tinny50_rgb_default/quantum/action_tapping.o
 .text.waiting_buffer_typed.isra.0
                0x1000126c       0x48 .build/obj_idyllic_tinny50_rgb_default/quantum/action_tapping.o
 .text.process_tapping
                0x100012b4      0x258 .build/obj_idyllic_tinny50_rgb_default/quantum/action_tapping.o
 .text.action_tapping_process
                0x1000150c       0xc0 .build/obj_idyllic_tinny50_rgb_default/quantum/action_tapping.o
                0x1000150c                action_tapping_process
 .text.get_oneshot_layer
                0x100015cc        0xc .build/obj_idyllic_tinny50_rgb_default/quantum/action_util.o
                0x100015cc                get_oneshot_layer
 .text.get_oneshot_layer_state
                0x100015d8       0x10 .build/obj_idyllic_tinny50_rgb_default/quantum/action_util.o
                0x100015d8                get_oneshot_layer_state
 .text.is_oneshot_layer_active
                0x100015e8       0x14 .build/obj_idyllic_tinny50_rgb_default/quantum/action_util.o
                0x100015e8                is_oneshot_layer_active
 .text.get_mods
                0x100015fc        0xc .build/obj_idyllic_tinny50_rgb_default/quantum/action_util.o
                0x100015fc                get_mods
 .text.add_mods
                0x10001608       0x10 .build/obj_idyllic_tinny50_rgb_default/quantum/action_util.o
                0x10001608                add_mods
 .text.del_mods
                0x10001618       0x10 .build/obj_idyllic_tinny50_rgb_default/quantum/action_util.o
                0x10001618                del_mods
 .text.clear_mods
                0x10001628        0xc .build/obj_idyllic_tinny50_rgb_default/quantum/action_util.o
                0x10001628                clear_mods
 .text.add_weak_mods
                0x10001634       0x10 .build/obj_idyllic_tinny50_rgb_default/quantum/action_util.o
                0x10001634                add_weak_mods
 .text.del_weak_mods
                0x10001644       0x10 .build/obj_idyllic_tinny50_rgb_default/quantum/action_util.o
                0x10001644                del_weak_mods
 .text.clear_weak_mods
                0x10001654        0xc .build/obj_idyllic_tinny50_rgb_default/quantum/action_util.o
                0x10001654                clear_weak_mods
 .text.oneshot_locked_mods_changed_user
                0x10001660        0x2 .build/obj_idyllic_tinny50_rgb_default/quantum/action_util.o
                0x10001660                oneshot_locked_mods_changed_user
 .text.oneshot_locked_mods_changed_kb
                0x10001662        0x8 .build/obj_idyllic_tinny50_rgb_default/quantum/action_util.o
                0x10001662                oneshot_locked_mods_changed_kb
 *fill*         0x1000166a        0x2 
 .text.del_oneshot_locked_mods
                0x1000166c       0x1c .build/obj_idyllic_tinny50_rgb_default/quantum/action_util.o
                0x1000166c                del_oneshot_locked_mods
 .text.oneshot_mods_changed_user
                0x10001688        0x2 .build/obj_idyllic_tinny50_rgb_default/quantum/action_util.o
                0x10001688                oneshot_mods_changed_user
 .text.oneshot_mods_changed_kb
                0x1000168a        0x8 .build/obj_idyllic_tinny50_rgb_default/quantum/action_util.o
                0x1000168a                oneshot_mods_changed_kb
 *fill*         0x10001692        0x2 
 .text.add_oneshot_mods
                0x10001694       0x1c .build/obj_idyllic_tinny50_rgb_default/quantum/action_util.o
                0x10001694                add_oneshot_mods
 .text.del_oneshot_mods
                0x100016b0       0x1c .build/obj_idyllic_tinny50_rgb_default/quantum/action_util.o
                0x100016b0                del_oneshot_mods
 .text.clear_oneshot_mods
                0x100016cc       0x18 .build/obj_idyllic_tinny50_rgb_default/quantum/action_util.o
                0x100016cc                clear_oneshot_mods
 .text.get_mods_for_report
                0x100016e4       0x34 .build/obj_idyllic_tinny50_rgb_default/quantum/action_util.o
 .text.send_6kro_report
                0x10001718       0x38 .build/obj_idyllic_tinny50_rgb_default/quantum/action_util.o
                0x10001718                send_6kro_report
 .text.send_nkro_report
                0x10001750       0x38 .build/obj_idyllic_tinny50_rgb_default/quantum/action_util.o
                0x10001750                send_nkro_report
 .text.send_keyboard_report
                0x10001788       0x28 .build/obj_idyllic_tinny50_rgb_default/quantum/action_util.o
                0x10001788                send_keyboard_report
 .text.oneshot_layer_changed_user
                0x100017b0        0x2 .build/obj_idyllic_tinny50_rgb_default/quantum/action_util.o
                0x100017b0                oneshot_layer_changed_user
 .text.oneshot_layer_changed_kb
                0x100017b2        0x8 .build/obj_idyllic_tinny50_rgb_default/quantum/action_util.o
                0x100017b2                oneshot_layer_changed_kb
 *fill*         0x100017ba        0x2 
 .text.set_oneshot_layer
                0x100017bc       0x30 .build/obj_idyllic_tinny50_rgb_default/quantum/action_util.o
                0x100017bc                set_oneshot_layer
 .text.reset_oneshot_layer
                0x100017ec       0x14 .build/obj_idyllic_tinny50_rgb_default/quantum/action_util.o
                0x100017ec                reset_oneshot_layer
 .text.clear_oneshot_layer_state
                0x10001800       0x30 .build/obj_idyllic_tinny50_rgb_default/quantum/action_util.o
                0x10001800                clear_oneshot_layer_state
 .text.oneshot_set
                0x10001830       0x30 .build/obj_idyllic_tinny50_rgb_default/quantum/action_util.o
                0x10001830                oneshot_set
 .text.oneshot_toggle
                0x10001860       0x18 .build/obj_idyllic_tinny50_rgb_default/quantum/action_util.o
                0x10001860                oneshot_toggle
 .text.oneshot_enable
                0x10001878        0xa .build/obj_idyllic_tinny50_rgb_default/quantum/action_util.o
                0x10001878                oneshot_enable
 .text.oneshot_disable
                0x10001882        0xa .build/obj_idyllic_tinny50_rgb_default/quantum/action_util.o
                0x10001882                oneshot_disable
 .text.eeconfig_disable
                0x1000188c       0x18 .build/obj_idyllic_tinny50_rgb_default/quantum/eeconfig.o
                0x1000188c                eeconfig_disable
 .text.eeconfig_is_enabled
                0x100018a4       0x18 .build/obj_idyllic_tinny50_rgb_default/quantum/eeconfig.o
                0x100018a4                eeconfig_is_enabled
 .text.eeconfig_read_debug
                0x100018bc        0xa .build/obj_idyllic_tinny50_rgb_default/quantum/eeconfig.o
                0x100018bc                eeconfig_read_debug
 .text.eeconfig_read_default_layer
                0x100018c6        0xa .build/obj_idyllic_tinny50_rgb_default/quantum/eeconfig.o
                0x100018c6                eeconfig_read_default_layer
 .text.eeconfig_read_keymap
                0x100018d0        0xa .build/obj_idyllic_tinny50_rgb_default/quantum/eeconfig.o
                0x100018d0                eeconfig_read_keymap
 .text.eeconfig_update_keymap
                0x100018da        0xc .build/obj_idyllic_tinny50_rgb_default/quantum/eeconfig.o
                0x100018da                eeconfig_update_keymap
 .text.eeconfig_update_kb
                0x100018e6        0xc .build/obj_idyllic_tinny50_rgb_default/quantum/eeconfig.o
                0x100018e6                eeconfig_update_kb
 .text.eeconfig_update_user
                0x100018f2        0xc .build/obj_idyllic_tinny50_rgb_default/quantum/eeconfig.o
                0x100018f2                eeconfig_update_user
 .text.eeconfig_init_user
                0x100018fe        0xa .build/obj_idyllic_tinny50_rgb_default/quantum/eeconfig.o
                0x100018fe                eeconfig_init_user
 .text.eeconfig_init_kb
                0x10001908        0xe .build/obj_idyllic_tinny50_rgb_default/quantum/eeconfig.o
                0x10001908                eeconfig_init_kb
 *fill*         0x10001916        0x2 
 .text.eeconfig_init_quantum
                0x10001918       0x88 .build/obj_idyllic_tinny50_rgb_default/quantum/eeconfig.o
                0x10001918                eeconfig_init_quantum
 .text.eeconfig_init
                0x100019a0        0x8 .build/obj_idyllic_tinny50_rgb_default/quantum/eeconfig.o
                0x100019a0                eeconfig_init
 .text.eeconfig_update_handedness
                0x100019a8        0xc .build/obj_idyllic_tinny50_rgb_default/quantum/eeconfig.o
                0x100019a8                eeconfig_update_handedness
 .text.generate_tick_event
                0x100019b4       0x30 .build/obj_idyllic_tinny50_rgb_default/quantum/keyboard.o
 .text.last_matrix_activity_trigger
                0x100019e4       0x18 .build/obj_idyllic_tinny50_rgb_default/quantum/keyboard.o
                0x100019e4                last_matrix_activity_trigger
 .text.matrix_setup
                0x100019fc        0x2 .build/obj_idyllic_tinny50_rgb_default/quantum/keyboard.o
                0x100019fc                matrix_setup
 .text.keyboard_pre_init_user
                0x100019fe        0x2 .build/obj_idyllic_tinny50_rgb_default/quantum/keyboard.o
                0x100019fe                keyboard_pre_init_user
 .text.keyboard_pre_init_kb
                0x10001a00        0x8 .build/obj_idyllic_tinny50_rgb_default/quantum/keyboard.o
                0x10001a00                keyboard_pre_init_kb
 .text.keyboard_post_init_user
                0x10001a08        0x2 .build/obj_idyllic_tinny50_rgb_default/quantum/keyboard.o
                0x10001a08                keyboard_post_init_user
 .text.keyboard_post_init_kb
                0x10001a0a        0x8 .build/obj_idyllic_tinny50_rgb_default/quantum/keyboard.o
                0x10001a0a                keyboard_post_init_kb
 .text.matrix_can_read
                0x10001a12        0x4 .build/obj_idyllic_tinny50_rgb_default/quantum/keyboard.o
                0x10001a12                matrix_can_read
 *fill*         0x10001a16        0x2 
 .text.keyboard_setup
                0x10001a18       0x1c .build/obj_idyllic_tinny50_rgb_default/quantum/keyboard.o
                0x10001a18                keyboard_setup
 .text.is_keyboard_master
                0x10001a34        0x4 .build/obj_idyllic_tinny50_rgb_default/quantum/keyboard.o
                0x10001a34                is_keyboard_master
 .text.should_process_keypress
                0x10001a38        0x8 .build/obj_idyllic_tinny50_rgb_default/quantum/keyboard.o
                0x10001a38                should_process_keypress
 .text.housekeeping_task_kb
                0x10001a40        0x2 .build/obj_idyllic_tinny50_rgb_default/quantum/keyboard.o
                0x10001a40                housekeeping_task_kb
 .text.housekeeping_task_user
                0x10001a42        0x2 .build/obj_idyllic_tinny50_rgb_default/quantum/keyboard.o
                0x10001a42                housekeeping_task_user
 .text.housekeeping_task
                0x10001a44        0xc .build/obj_idyllic_tinny50_rgb_default/quantum/keyboard.o
                0x10001a44                housekeeping_task
 .text.quantum_init
                0x10001a50       0x40 .build/obj_idyllic_tinny50_rgb_default/quantum/keyboard.o
                0x10001a50                quantum_init
 .text.keyboard_init
                0x10001a90       0x1c .build/obj_idyllic_tinny50_rgb_default/quantum/keyboard.o
                0x10001a90                keyboard_init
 .text.keyboard_task
                0x10001aac       0xe0 .build/obj_idyllic_tinny50_rgb_default/quantum/keyboard.o
                0x10001aac                keyboard_task
 .text.action_for_keycode
                0x10001b8c      0x1d0 .build/obj_idyllic_tinny50_rgb_default/quantum/keymap_common.o
                0x10001b8c                action_for_keycode
 .text.keymap_key_to_keycode
                0x10001d5c       0x20 .build/obj_idyllic_tinny50_rgb_default/quantum/keymap_common.o
                0x10001d5c                keymap_key_to_keycode
 .text.action_for_key
                0x10001d7c       0x12 .build/obj_idyllic_tinny50_rgb_default/quantum/keymap_common.o
                0x10001d7c                action_for_key
 *fill*         0x10001d8e        0x2 
 .text.keycode_config
                0x10001d90      0x100 .build/obj_idyllic_tinny50_rgb_default/quantum/keycode_config.o
                0x10001d90                keycode_config
 .text.mod_config
                0x10001e90       0x98 .build/obj_idyllic_tinny50_rgb_default/quantum/keycode_config.o
                0x10001e90                mod_config
 .text.sendchar
                0x10001f28        0x4 .build/obj_idyllic_tinny50_rgb_default/quantum/logging/sendchar.o
                0x10001f28                sendchar
 .text.null_sendchar_func
                0x10001f2c        0x4 .build/obj_idyllic_tinny50_rgb_default/quantum/logging/print.o
 .text.print_set_sendchar
                0x10001f30        0xc .build/obj_idyllic_tinny50_rgb_default/quantum/logging/print.o
                0x10001f30                print_set_sendchar
 .text.matrix_init_user
                0x10001f3c        0x2 .build/obj_idyllic_tinny50_rgb_default/quantum/matrix_common.o
                0x10001f3c                matrix_init_user
 .text.matrix_init_kb
                0x10001f3e        0x8 .build/obj_idyllic_tinny50_rgb_default/quantum/matrix_common.o
                0x10001f3e                matrix_init_kb
 .text.matrix_scan_user
                0x10001f46        0x2 .build/obj_idyllic_tinny50_rgb_default/quantum/matrix_common.o
                0x10001f46                matrix_scan_user
 .text.matrix_scan_kb
                0x10001f48        0x8 .build/obj_idyllic_tinny50_rgb_default/quantum/matrix_common.o
                0x10001f48                matrix_scan_kb
 .text.matrix_get_row
                0x10001f50        0xc .build/obj_idyllic_tinny50_rgb_default/quantum/matrix_common.o
                0x10001f50                matrix_get_row
 .text.matrix_print
                0x10001f5c        0x2 .build/obj_idyllic_tinny50_rgb_default/quantum/matrix_common.o
                0x10001f5c                matrix_print
 .text.matrix_io_delay
                0x10001f5e        0xa .build/obj_idyllic_tinny50_rgb_default/quantum/matrix_common.o
                0x10001f5e                matrix_io_delay
 .text.matrix_output_select_delay
                0x10001f68      0x184 .build/obj_idyllic_tinny50_rgb_default/quantum/matrix_common.o
                0x10001f68                matrix_output_select_delay
 .text.matrix_output_unselect_delay
                0x100020ec        0x8 .build/obj_idyllic_tinny50_rgb_default/quantum/matrix_common.o
                0x100020ec                matrix_output_unselect_delay
 .text.gpio_atomic_set_pin_input_high
                0x100020f4       0x44 .build/obj_idyllic_tinny50_rgb_default/quantum/matrix.o
 .text.matrix_init_pins
                0x10002138       0x3c .build/obj_idyllic_tinny50_rgb_default/quantum/matrix.o
                0x10002138                matrix_init_pins
 .text.matrix_read_cols_on_row
                0x10002174       0xbc .build/obj_idyllic_tinny50_rgb_default/quantum/matrix.o
                0x10002174                matrix_read_cols_on_row
 .text.matrix_init
                0x10002230       0x30 .build/obj_idyllic_tinny50_rgb_default/quantum/matrix.o
                0x10002230                matrix_init
 .text.matrix_scan
                0x10002260       0x64 .build/obj_idyllic_tinny50_rgb_default/quantum/matrix.o
                0x10002260                matrix_scan
 .text.debounce_init
                0x100022c4        0x2 .build/obj_idyllic_tinny50_rgb_default/quantum/debounce/sym_defer_g.o
                0x100022c4                debounce_init
 *fill*         0x100022c6        0x2 
 .text.debounce
                0x100022c8       0x5c .build/obj_idyllic_tinny50_rgb_default/quantum/debounce/sym_defer_g.o
                0x100022c8                debounce
 .text.protocol_keyboard_task
                0x10002324        0x8 .build/obj_idyllic_tinny50_rgb_default/quantum/main.o
                0x10002324                protocol_keyboard_task
 .text.startup.main
                0x1000232c       0x2c .build/obj_idyllic_tinny50_rgb_default/quantum/main.o
                0x1000232c                main
 .text.eeprom_read_byte
                0x10002358       0x1a .build/obj_idyllic_tinny50_rgb_default/eeprom_driver.o
                0x10002358                eeprom_read_byte
 .text.eeprom_read_word
                0x10002372       0x1a .build/obj_idyllic_tinny50_rgb_default/eeprom_driver.o
                0x10002372                eeprom_read_word
 .text.eeprom_read_dword
                0x1000238c       0x14 .build/obj_idyllic_tinny50_rgb_default/eeprom_driver.o
                0x1000238c                eeprom_read_dword
 .text.eeprom_write_byte
                0x100023a0       0x14 .build/obj_idyllic_tinny50_rgb_default/eeprom_driver.o
                0x100023a0                eeprom_write_byte
 .text.eeprom_write_word
                0x100023b4       0x14 .build/obj_idyllic_tinny50_rgb_default/eeprom_driver.o
                0x100023b4                eeprom_write_word
 .text.eeprom_write_dword
                0x100023c8       0x10 .build/obj_idyllic_tinny50_rgb_default/eeprom_driver.o
                0x100023c8                eeprom_write_dword
 .text.eeprom_update_block
                0x100023d8       0x3a .build/obj_idyllic_tinny50_rgb_default/eeprom_driver.o
                0x100023d8                eeprom_update_block
 .text.eeprom_update_byte
                0x10002412       0x18 .build/obj_idyllic_tinny50_rgb_default/eeprom_driver.o
                0x10002412                eeprom_update_byte
 .text.eeprom_update_word
                0x1000242a       0x18 .build/obj_idyllic_tinny50_rgb_default/eeprom_driver.o
                0x1000242a                eeprom_update_word
 .text.eeprom_update_dword
                0x10002442       0x18 .build/obj_idyllic_tinny50_rgb_default/eeprom_driver.o
                0x10002442                eeprom_update_dword
 .text.eeprom_driver_init
                0x1000245a        0x8 .build/obj_idyllic_tinny50_rgb_default/eeprom_wear_leveling.o
                0x1000245a                eeprom_driver_init
 .text.eeprom_driver_format
                0x10002462        0x8 .build/obj_idyllic_tinny50_rgb_default/eeprom_wear_leveling.o
                0x10002462                eeprom_driver_format
 .text.eeprom_read_block
                0x1000246a        0xe .build/obj_idyllic_tinny50_rgb_default/eeprom_wear_leveling.o
                0x1000246a                eeprom_read_block
 .text.eeprom_write_block
                0x10002478        0xe .build/obj_idyllic_tinny50_rgb_default/eeprom_wear_leveling.o
                0x10002478                eeprom_write_block
 *fill*         0x10002486        0x2 
 .text.wear_leveling_clear_cache
                0x10002488       0x20 .build/obj_idyllic_tinny50_rgb_default/wear_leveling.o
 .text.wear_leveling_unlock
                0x100024a8       0x24 .build/obj_idyllic_tinny50_rgb_default/wear_leveling.o
 .text.wear_leveling_lock
                0x100024cc       0x28 .build/obj_idyllic_tinny50_rgb_default/wear_leveling.o
 .text.wear_leveling_erase
                0x100024f4       0x2e .build/obj_idyllic_tinny50_rgb_default/wear_leveling.o
                0x100024f4                wear_leveling_erase
 *fill*         0x10002522        0x2 
 .text.wear_leveling_read
                0x10002524       0x24 .build/obj_idyllic_tinny50_rgb_default/wear_leveling.o
                0x10002524                wear_leveling_read
 .text.wear_leveling_consolidate_force
                0x10002548       0x6c .build/obj_idyllic_tinny50_rgb_default/wear_leveling.o
 .text.wear_leveling_consolidate_if_needed
                0x100025b4       0x20 .build/obj_idyllic_tinny50_rgb_default/wear_leveling.o
 .text.wear_leveling_append_raw
                0x100025d4       0x28 .build/obj_idyllic_tinny50_rgb_default/wear_leveling.o
 .text.wear_leveling_write
                0x100025fc      0x160 .build/obj_idyllic_tinny50_rgb_default/wear_leveling.o
                0x100025fc                wear_leveling_write
 .text.wear_leveling_init
                0x1000275c      0x194 .build/obj_idyllic_tinny50_rgb_default/wear_leveling.o
                0x1000275c                wear_leveling_init
 .text.backing_store_init
                0x100028f0       0x1c .build/obj_idyllic_tinny50_rgb_default/wear_leveling_rp2040_flash.o
                0x100028f0                backing_store_init
 .text.backing_store_unlock
                0x1000290c        0x4 .build/obj_idyllic_tinny50_rgb_default/wear_leveling_rp2040_flash.o
                0x1000290c                backing_store_unlock
 .text.backing_store_erase
                0x10002910       0x28 .build/obj_idyllic_tinny50_rgb_default/wear_leveling_rp2040_flash.o
                0x10002910                backing_store_erase
 .text.backing_store_write_bulk
                0x10002938       0x24 .build/obj_idyllic_tinny50_rgb_default/wear_leveling_rp2040_flash.o
                0x10002938                backing_store_write_bulk
 .text.backing_store_write
                0x1000295c       0x12 .build/obj_idyllic_tinny50_rgb_default/wear_leveling_rp2040_flash.o
                0x1000295c                backing_store_write
 .text.backing_store_lock
                0x1000296e        0x4 .build/obj_idyllic_tinny50_rgb_default/wear_leveling_rp2040_flash.o
                0x1000296e                backing_store_lock
 *fill*         0x10002972        0x2 
 .text.backing_store_read_bulk
                0x10002974       0x20 .build/obj_idyllic_tinny50_rgb_default/wear_leveling_rp2040_flash.o
                0x10002974                backing_store_read_bulk
 .text.backing_store_read
                0x10002994        0xa .build/obj_idyllic_tinny50_rgb_default/wear_leveling_rp2040_flash.o
                0x10002994                backing_store_read
 *fill*         0x1000299e        0x2 
 .text.hsv_to_rgb_impl
                0x100029a0       0xbc .build/obj_idyllic_tinny50_rgb_default/quantum/color.o
                0x100029a0                hsv_to_rgb_impl
 .text.hsv_to_rgb
                0x10002a5c       0x2c .build/obj_idyllic_tinny50_rgb_default/quantum/color.o
                0x10002a5c                hsv_to_rgb
 .text.sqrt16   0x10002a88       0x44 .build/obj_idyllic_tinny50_rgb_default/quantum/rgb_matrix/rgb_matrix.o
 .text.random8  0x10002acc       0x24 .build/obj_idyllic_tinny50_rgb_default/quantum/rgb_matrix/rgb_matrix.o
 .text.sin8_C   0x10002af0       0x40 .build/obj_idyllic_tinny50_rgb_default/quantum/rgb_matrix/rgb_matrix.o
 .text.BAND_SAT_math
                0x10002b30       0x58 .build/obj_idyllic_tinny50_rgb_default/quantum/rgb_matrix/rgb_matrix.o
 .text.BAND_VAL_math
                0x10002b88       0x54 .build/obj_idyllic_tinny50_rgb_default/quantum/rgb_matrix/rgb_matrix.o
 .text.CYCLE_ALL_math
                0x10002bdc       0x22 .build/obj_idyllic_tinny50_rgb_default/quantum/rgb_matrix/rgb_matrix.o
 *fill*         0x10002bfe        0x2 
 .text.CYCLE_LEFT_RIGHT_math
                0x10002c00       0x34 .build/obj_idyllic_tinny50_rgb_default/quantum/rgb_matrix/rgb_matrix.o
 .text.CYCLE_UP_DOWN_math
                0x10002c34       0x34 .build/obj_idyllic_tinny50_rgb_default/quantum/rgb_matrix/rgb_matrix.o
 .text.RAINBOW_MOVING_CHEVRON_math
                0x10002c68       0x54 .build/obj_idyllic_tinny50_rgb_default/quantum/rgb_matrix/rgb_matrix.o
 .text.CYCLE_OUT_IN_math
                0x10002cbc       0x2e .build/obj_idyllic_tinny50_rgb_default/quantum/rgb_matrix/rgb_matrix.o
 .text.CYCLE_OUT_IN_DUAL_math
                0x10002cea       0x48 .build/obj_idyllic_tinny50_rgb_default/quantum/rgb_matrix/rgb_matrix.o
 *fill*         0x10002d32        0x2 
 .text.DUAL_BEACON_math
                0x10002d34       0x4c .build/obj_idyllic_tinny50_rgb_default/quantum/rgb_matrix/rgb_matrix.o
 .text.RAINBOW_BEACON_math
                0x10002d80       0x4c .build/obj_idyllic_tinny50_rgb_default/quantum/rgb_matrix/rgb_matrix.o
 .text.RAINBOW_PINWHEELS_math
                0x10002dcc       0x60 .build/obj_idyllic_tinny50_rgb_default/quantum/rgb_matrix/rgb_matrix.o
 .text.HUE_PENDULUM_math
                0x10002e2c       0x60 .build/obj_idyllic_tinny50_rgb_default/quantum/rgb_matrix/rgb_matrix.o
 .text.HUE_WAVE_math
                0x10002e8c       0x4c .build/obj_idyllic_tinny50_rgb_default/quantum/rgb_matrix/rgb_matrix.o
 .text.eeconfig_flag_rgb_matrix
                0x10002ed8       0x10 .build/obj_idyllic_tinny50_rgb_default/quantum/rgb_matrix/rgb_matrix.o
 .text.eeconfig_init_rgb_matrix
                0x10002ee8       0x20 .build/obj_idyllic_tinny50_rgb_default/quantum/rgb_matrix/rgb_matrix.o
 .text.atan2_8  0x10002f08       0x42 .build/obj_idyllic_tinny50_rgb_default/quantum/rgb_matrix/rgb_matrix.o
 .text.BAND_PINWHEEL_SAT_math
                0x10002f4a       0x3c .build/obj_idyllic_tinny50_rgb_default/quantum/rgb_matrix/rgb_matrix.o
 *fill*         0x10002f86        0x2 
 .text.BAND_PINWHEEL_VAL_math
                0x10002f88       0x40 .build/obj_idyllic_tinny50_rgb_default/quantum/rgb_matrix/rgb_matrix.o
 .text.BAND_SPIRAL_SAT_math
                0x10002fc8       0x3e .build/obj_idyllic_tinny50_rgb_default/quantum/rgb_matrix/rgb_matrix.o
 *fill*         0x10003006        0x2 
 .text.BAND_SPIRAL_VAL_math
                0x10003008       0x40 .build/obj_idyllic_tinny50_rgb_default/quantum/rgb_matrix/rgb_matrix.o
 .text.CYCLE_PINWHEEL_math
                0x10003048       0x2e .build/obj_idyllic_tinny50_rgb_default/quantum/rgb_matrix/rgb_matrix.o
 .text.CYCLE_SPIRAL_math
                0x10003076       0x34 .build/obj_idyllic_tinny50_rgb_default/quantum/rgb_matrix/rgb_matrix.o
 *fill*         0x100030aa        0x2 
 .text.eeconfig_flush_rgb_matrix.part.0
                0x100030ac       0x1c .build/obj_idyllic_tinny50_rgb_default/quantum/rgb_matrix/rgb_matrix.o
 .text.rgb_matrix_hsv_to_rgb
                0x100030c8       0x28 .build/obj_idyllic_tinny50_rgb_default/quantum/rgb_matrix/rgb_matrix.o
                0x100030c8                rgb_matrix_hsv_to_rgb
 .text.eeconfig_update_rgb_matrix_default
                0x100030f0       0x28 .build/obj_idyllic_tinny50_rgb_default/quantum/rgb_matrix/rgb_matrix.o
                0x100030f0                eeconfig_update_rgb_matrix_default
 .text.rgb_matrix_update_pwm_buffers
                0x10003118       0x10 .build/obj_idyllic_tinny50_rgb_default/quantum/rgb_matrix/rgb_matrix.o
                0x10003118                rgb_matrix_update_pwm_buffers
 .text.rgb_matrix_set_color
                0x10003128       0x10 .build/obj_idyllic_tinny50_rgb_default/quantum/rgb_matrix/rgb_matrix.o
                0x10003128                rgb_matrix_set_color
 .text.raindrops_set_color.isra.0
                0x10003138       0x64 .build/obj_idyllic_tinny50_rgb_default/quantum/rgb_matrix/rgb_matrix.o
 .text.jellybean_raindrops_set_color.isra.0
                0x1000319c       0x4c .build/obj_idyllic_tinny50_rgb_default/quantum/rgb_matrix/rgb_matrix.o
 .text.rgb_matrix_set_color_all
                0x100031e8       0x10 .build/obj_idyllic_tinny50_rgb_default/quantum/rgb_matrix/rgb_matrix.o
                0x100031e8                rgb_matrix_set_color_all
 .text.rgb_matrix_handle_key_event
                0x100031f8        0x8 .build/obj_idyllic_tinny50_rgb_default/quantum/rgb_matrix/rgb_matrix.o
                0x100031f8                rgb_matrix_handle_key_event
 .text.rgb_matrix_indicators_user
                0x10003200        0x4 .build/obj_idyllic_tinny50_rgb_default/quantum/rgb_matrix/rgb_matrix.o
                0x10003200                rgb_matrix_indicators_user
 .text.rgb_matrix_indicators_kb
                0x10003204        0x8 .build/obj_idyllic_tinny50_rgb_default/quantum/rgb_matrix/rgb_matrix.o
                0x10003204                rgb_matrix_indicators_kb
 .text.rgb_matrix_get_limits
                0x1000320c       0x24 .build/obj_idyllic_tinny50_rgb_default/quantum/rgb_matrix/rgb_matrix.o
                0x1000320c                rgb_matrix_get_limits
 .text.effect_runner_dx_dy_dist
                0x10003230       0xe4 .build/obj_idyllic_tinny50_rgb_default/quantum/rgb_matrix/rgb_matrix.o
                0x10003230                effect_runner_dx_dy_dist
 .text.BAND_SPIRAL_SAT
                0x10003314       0x10 .build/obj_idyllic_tinny50_rgb_default/quantum/rgb_matrix/rgb_matrix.o
                0x10003314                BAND_SPIRAL_SAT
 .text.BAND_SPIRAL_VAL
                0x10003324       0x10 .build/obj_idyllic_tinny50_rgb_default/quantum/rgb_matrix/rgb_matrix.o
                0x10003324                BAND_SPIRAL_VAL
 .text.CYCLE_OUT_IN
                0x10003334       0x10 .build/obj_idyllic_tinny50_rgb_default/quantum/rgb_matrix/rgb_matrix.o
                0x10003334                CYCLE_OUT_IN
 .text.CYCLE_SPIRAL
                0x10003344       0x10 .build/obj_idyllic_tinny50_rgb_default/quantum/rgb_matrix/rgb_matrix.o
                0x10003344                CYCLE_SPIRAL
 .text.effect_runner_dx_dy
                0x10003354       0xcc .build/obj_idyllic_tinny50_rgb_default/quantum/rgb_matrix/rgb_matrix.o
                0x10003354                effect_runner_dx_dy
 .text.BAND_PINWHEEL_SAT
                0x10003420       0x10 .build/obj_idyllic_tinny50_rgb_default/quantum/rgb_matrix/rgb_matrix.o
                0x10003420                BAND_PINWHEEL_SAT
 .text.BAND_PINWHEEL_VAL
                0x10003430       0x10 .build/obj_idyllic_tinny50_rgb_default/quantum/rgb_matrix/rgb_matrix.o
                0x10003430                BAND_PINWHEEL_VAL
 .text.CYCLE_OUT_IN_DUAL
                0x10003440       0x10 .build/obj_idyllic_tinny50_rgb_default/quantum/rgb_matrix/rgb_matrix.o
                0x10003440                CYCLE_OUT_IN_DUAL
 .text.CYCLE_PINWHEEL
                0x10003450       0x10 .build/obj_idyllic_tinny50_rgb_default/quantum/rgb_matrix/rgb_matrix.o
                0x10003450                CYCLE_PINWHEEL
 .text.effect_runner_i
                0x10003460       0xa8 .build/obj_idyllic_tinny50_rgb_default/quantum/rgb_matrix/rgb_matrix.o
                0x10003460                effect_runner_i
 .text.BAND_SAT
                0x10003508       0x10 .build/obj_idyllic_tinny50_rgb_default/quantum/rgb_matrix/rgb_matrix.o
                0x10003508                BAND_SAT
 .text.BAND_VAL
                0x10003518       0x10 .build/obj_idyllic_tinny50_rgb_default/quantum/rgb_matrix/rgb_matrix.o
                0x10003518                BAND_VAL
 .text.CYCLE_ALL
                0x10003528       0x10 .build/obj_idyllic_tinny50_rgb_default/quantum/rgb_matrix/rgb_matrix.o
                0x10003528                CYCLE_ALL
 .text.CYCLE_LEFT_RIGHT
                0x10003538       0x10 .build/obj_idyllic_tinny50_rgb_default/quantum/rgb_matrix/rgb_matrix.o
                0x10003538                CYCLE_LEFT_RIGHT
 .text.CYCLE_UP_DOWN
                0x10003548       0x10 .build/obj_idyllic_tinny50_rgb_default/quantum/rgb_matrix/rgb_matrix.o
                0x10003548                CYCLE_UP_DOWN
 .text.RAINBOW_MOVING_CHEVRON
                0x10003558       0x10 .build/obj_idyllic_tinny50_rgb_default/quantum/rgb_matrix/rgb_matrix.o
                0x10003558                RAINBOW_MOVING_CHEVRON
 .text.HUE_PENDULUM
                0x10003568       0x10 .build/obj_idyllic_tinny50_rgb_default/quantum/rgb_matrix/rgb_matrix.o
                0x10003568                HUE_PENDULUM
 .text.HUE_WAVE
                0x10003578       0x10 .build/obj_idyllic_tinny50_rgb_default/quantum/rgb_matrix/rgb_matrix.o
                0x10003578                HUE_WAVE
 .text.effect_runner_sin_cos_i
                0x10003588       0xcc .build/obj_idyllic_tinny50_rgb_default/quantum/rgb_matrix/rgb_matrix.o
                0x10003588                effect_runner_sin_cos_i
 .text.DUAL_BEACON
                0x10003654       0x10 .build/obj_idyllic_tinny50_rgb_default/quantum/rgb_matrix/rgb_matrix.o
                0x10003654                DUAL_BEACON
 .text.RAINBOW_BEACON
                0x10003664       0x10 .build/obj_idyllic_tinny50_rgb_default/quantum/rgb_matrix/rgb_matrix.o
                0x10003664                RAINBOW_BEACON
 .text.RAINBOW_PINWHEELS
                0x10003674       0x10 .build/obj_idyllic_tinny50_rgb_default/quantum/rgb_matrix/rgb_matrix.o
                0x10003674                RAINBOW_PINWHEELS
 .text.SOLID_COLOR
                0x10003684       0x74 .build/obj_idyllic_tinny50_rgb_default/quantum/rgb_matrix/rgb_matrix.o
                0x10003684                SOLID_COLOR
 .text.ALPHAS_MODS
                0x100036f8       0xac .build/obj_idyllic_tinny50_rgb_default/quantum/rgb_matrix/rgb_matrix.o
                0x100036f8                ALPHAS_MODS
 .text.GRADIENT_UP_DOWN
                0x100037a4       0x94 .build/obj_idyllic_tinny50_rgb_default/quantum/rgb_matrix/rgb_matrix.o
                0x100037a4                GRADIENT_UP_DOWN
 .text.GRADIENT_LEFT_RIGHT
                0x10003838       0x94 .build/obj_idyllic_tinny50_rgb_default/quantum/rgb_matrix/rgb_matrix.o
                0x10003838                GRADIENT_LEFT_RIGHT
 .text.BREATHING
                0x100038cc       0xb0 .build/obj_idyllic_tinny50_rgb_default/quantum/rgb_matrix/rgb_matrix.o
                0x100038cc                BREATHING
 .text.RAINDROPS
                0x1000397c       0x74 .build/obj_idyllic_tinny50_rgb_default/quantum/rgb_matrix/rgb_matrix.o
                0x1000397c                RAINDROPS
 .text.JELLYBEAN_RAINDROPS
                0x100039f0       0x78 .build/obj_idyllic_tinny50_rgb_default/quantum/rgb_matrix/rgb_matrix.o
                0x100039f0                JELLYBEAN_RAINDROPS
 .text.HUE_BREATHING
                0x10003a68       0xb4 .build/obj_idyllic_tinny50_rgb_default/quantum/rgb_matrix/rgb_matrix.o
                0x10003a68                HUE_BREATHING
 .text.rgb_matrix_indicators_advanced_user
                0x10003b1c        0x4 .build/obj_idyllic_tinny50_rgb_default/quantum/rgb_matrix/rgb_matrix.o
                0x10003b1c                rgb_matrix_indicators_advanced_user
 .text.rgb_matrix_indicators_advanced_kb
                0x10003b20        0x8 .build/obj_idyllic_tinny50_rgb_default/quantum/rgb_matrix/rgb_matrix.o
                0x10003b20                rgb_matrix_indicators_advanced_kb
 .text.rgb_matrix_indicators_advanced
                0x10003b28       0x18 .build/obj_idyllic_tinny50_rgb_default/quantum/rgb_matrix/rgb_matrix.o
                0x10003b28                rgb_matrix_indicators_advanced
 .text.rgb_matrix_task
                0x10003b40      0x5ec .build/obj_idyllic_tinny50_rgb_default/quantum/rgb_matrix/rgb_matrix.o
                0x10003b40                rgb_matrix_task
 .text.rgb_matrix_init
                0x1000412c       0x24 .build/obj_idyllic_tinny50_rgb_default/quantum/rgb_matrix/rgb_matrix.o
                0x1000412c                rgb_matrix_init
 .text.rgb_matrix_set_suspend_state
                0x10004150        0x2 .build/obj_idyllic_tinny50_rgb_default/quantum/rgb_matrix/rgb_matrix.o
                0x10004150                rgb_matrix_set_suspend_state
 *fill*         0x10004152        0x2 
 .text.rgb_matrix_toggle_eeprom_helper
                0x10004154       0x20 .build/obj_idyllic_tinny50_rgb_default/quantum/rgb_matrix/rgb_matrix.o
                0x10004154                rgb_matrix_toggle_eeprom_helper
 .text.rgb_matrix_toggle
                0x10004174        0xa .build/obj_idyllic_tinny50_rgb_default/quantum/rgb_matrix/rgb_matrix.o
                0x10004174                rgb_matrix_toggle
 *fill*         0x1000417e        0x2 
 .text.rgb_matrix_mode_eeprom_helper
                0x10004180       0x40 .build/obj_idyllic_tinny50_rgb_default/quantum/rgb_matrix/rgb_matrix.o
                0x10004180                rgb_matrix_mode_eeprom_helper
 .text.rgb_matrix_mode
                0x100041c0        0xa .build/obj_idyllic_tinny50_rgb_default/quantum/rgb_matrix/rgb_matrix.o
                0x100041c0                rgb_matrix_mode
 *fill*         0x100041ca        0x2 
 .text.rgb_matrix_step_helper
                0x100041cc       0x1c .build/obj_idyllic_tinny50_rgb_default/quantum/rgb_matrix/rgb_matrix.o
                0x100041cc                rgb_matrix_step_helper
 .text.rgb_matrix_step
                0x100041e8        0xa .build/obj_idyllic_tinny50_rgb_default/quantum/rgb_matrix/rgb_matrix.o
                0x100041e8                rgb_matrix_step
 *fill*         0x100041f2        0x2 
 .text.rgb_matrix_step_reverse_helper
                0x100041f4       0x20 .build/obj_idyllic_tinny50_rgb_default/quantum/rgb_matrix/rgb_matrix.o
                0x100041f4                rgb_matrix_step_reverse_helper
 .text.rgb_matrix_step_reverse
                0x10004214        0xa .build/obj_idyllic_tinny50_rgb_default/quantum/rgb_matrix/rgb_matrix.o
                0x10004214                rgb_matrix_step_reverse
 *fill*         0x1000421e        0x2 
 .text.rgb_matrix_sethsv_eeprom_helper
                0x10004220       0x20 .build/obj_idyllic_tinny50_rgb_default/quantum/rgb_matrix/rgb_matrix.o
                0x10004220                rgb_matrix_sethsv_eeprom_helper
 .text.rgb_matrix_increase_hue_helper
                0x10004240       0x18 .build/obj_idyllic_tinny50_rgb_default/quantum/rgb_matrix/rgb_matrix.o
                0x10004240                rgb_matrix_increase_hue_helper
 .text.rgb_matrix_increase_hue
                0x10004258        0xa .build/obj_idyllic_tinny50_rgb_default/quantum/rgb_matrix/rgb_matrix.o
                0x10004258                rgb_matrix_increase_hue
 *fill*         0x10004262        0x2 
 .text.rgb_matrix_decrease_hue_helper
                0x10004264       0x1c .build/obj_idyllic_tinny50_rgb_default/quantum/rgb_matrix/rgb_matrix.o
                0x10004264                rgb_matrix_decrease_hue_helper
 .text.rgb_matrix_decrease_hue
                0x10004280        0xa .build/obj_idyllic_tinny50_rgb_default/quantum/rgb_matrix/rgb_matrix.o
                0x10004280                rgb_matrix_decrease_hue
 *fill*         0x1000428a        0x2 
 .text.rgb_matrix_increase_sat_helper
                0x1000428c       0x24 .build/obj_idyllic_tinny50_rgb_default/quantum/rgb_matrix/rgb_matrix.o
                0x1000428c                rgb_matrix_increase_sat_helper
 .text.rgb_matrix_increase_sat
                0x100042b0        0xa .build/obj_idyllic_tinny50_rgb_default/quantum/rgb_matrix/rgb_matrix.o
                0x100042b0                rgb_matrix_increase_sat
 *fill*         0x100042ba        0x2 
 .text.rgb_matrix_decrease_sat_helper
                0x100042bc       0x24 .build/obj_idyllic_tinny50_rgb_default/quantum/rgb_matrix/rgb_matrix.o
                0x100042bc                rgb_matrix_decrease_sat_helper
 .text.rgb_matrix_decrease_sat
                0x100042e0        0xa .build/obj_idyllic_tinny50_rgb_default/quantum/rgb_matrix/rgb_matrix.o
                0x100042e0                rgb_matrix_decrease_sat
 *fill*         0x100042ea        0x2 
 .text.rgb_matrix_increase_val_helper
                0x100042ec       0x24 .build/obj_idyllic_tinny50_rgb_default/quantum/rgb_matrix/rgb_matrix.o
                0x100042ec                rgb_matrix_increase_val_helper
 .text.rgb_matrix_increase_val
                0x10004310        0xa .build/obj_idyllic_tinny50_rgb_default/quantum/rgb_matrix/rgb_matrix.o
                0x10004310                rgb_matrix_increase_val
 *fill*         0x1000431a        0x2 
 .text.rgb_matrix_decrease_val_helper
                0x1000431c       0x24 .build/obj_idyllic_tinny50_rgb_default/quantum/rgb_matrix/rgb_matrix.o
                0x1000431c                rgb_matrix_decrease_val_helper
 .text.rgb_matrix_decrease_val
                0x10004340        0xa .build/obj_idyllic_tinny50_rgb_default/quantum/rgb_matrix/rgb_matrix.o
                0x10004340                rgb_matrix_decrease_val
 *fill*         0x1000434a        0x2 
 .text.rgb_matrix_increase_speed_helper
                0x1000434c       0x1c .build/obj_idyllic_tinny50_rgb_default/quantum/rgb_matrix/rgb_matrix.o
                0x1000434c                rgb_matrix_increase_speed_helper
 .text.rgb_matrix_increase_speed
                0x10004368        0xa .build/obj_idyllic_tinny50_rgb_default/quantum/rgb_matrix/rgb_matrix.o
                0x10004368                rgb_matrix_increase_speed
 *fill*         0x10004372        0x2 
 .text.rgb_matrix_decrease_speed_helper
                0x10004374       0x1c .build/obj_idyllic_tinny50_rgb_default/quantum/rgb_matrix/rgb_matrix.o
                0x10004374                rgb_matrix_decrease_speed_helper
 .text.rgb_matrix_decrease_speed
                0x10004390        0xa .build/obj_idyllic_tinny50_rgb_default/quantum/rgb_matrix/rgb_matrix.o
                0x10004390                rgb_matrix_decrease_speed
 *fill*         0x1000439a        0x2 
 .text.setled   0x1000439c       0x3c .build/obj_idyllic_tinny50_rgb_default/quantum/rgb_matrix/rgb_matrix_drivers.o
 .text.setled_all
                0x100043d8       0x1e .build/obj_idyllic_tinny50_rgb_default/quantum/rgb_matrix/rgb_matrix_drivers.o
 *fill*         0x100043f6        0x2 
 .text.init     0x100043f8       0x14 .build/obj_idyllic_tinny50_rgb_default/quantum/rgb_matrix/rgb_matrix_drivers.o
 .text.flush    0x1000440c       0x20 .build/obj_idyllic_tinny50_rgb_default/quantum/rgb_matrix/rgb_matrix_drivers.o
 .text.handleKeycodeRGB
                0x1000442c        0xe .build/obj_idyllic_tinny50_rgb_default/quantum/process_keycode/process_rgb.o
 *fill*         0x1000443a        0x2 
 .text.process_rgb
                0x1000443c       0xc4 .build/obj_idyllic_tinny50_rgb_default/quantum/process_keycode/process_rgb.o
                0x1000443c                process_rgb
 .text.fnv_64a_buf
                0x10004500       0x7a .build/obj_idyllic_tinny50_rgb_default/hash_64a.o
                0x10004500                fnv_64a_buf
 *fill*         0x1000457a        0x2 
 .text.ws2812_dma_callback
                0x1000457c       0x74 .build/obj_idyllic_tinny50_rgb_default/ws2812_vendor.o
 .text.ws2812_init
                0x100045f0      0x168 .build/obj_idyllic_tinny50_rgb_default/ws2812_vendor.o
                0x100045f0                ws2812_init
 .text.ws2812_setleds
                0x10004758      0x100 .build/obj_idyllic_tinny50_rgb_default/ws2812_vendor.o
                0x10004758                ws2812_setleds
 .text.bootmagic_reset_eeprom
                0x10004858        0x8 .build/obj_idyllic_tinny50_rgb_default/quantum/bootmagic/bootmagic.o
                0x10004858                bootmagic_reset_eeprom
 .text.bootmagic_should_reset
                0x10004860        0xe .build/obj_idyllic_tinny50_rgb_default/quantum/bootmagic/bootmagic.o
                0x10004860                bootmagic_should_reset
 *fill*         0x1000486e        0x2 
 .text.bootmagic_scan
                0x10004870       0x28 .build/obj_idyllic_tinny50_rgb_default/quantum/bootmagic/bootmagic.o
                0x10004870                bootmagic_scan
 .text.bootmagic
                0x10004898        0x8 .build/obj_idyllic_tinny50_rgb_default/quantum/bootmagic/bootmagic.o
                0x10004898                bootmagic
 .text.process_grave_esc
                0x100048a0       0x54 .build/obj_idyllic_tinny50_rgb_default/quantum/process_keycode/process_grave_esc.o
                0x100048a0                process_grave_esc
 .text.process_magic
                0x100048f4      0x1b8 .build/obj_idyllic_tinny50_rgb_default/quantum/process_keycode/process_magic.o
                0x100048f4                process_magic
 .text.times_inv_sqrt2
                0x10004aac       0x22 .build/obj_idyllic_tinny50_rgb_default/quantum/mousekey.o
 *fill*         0x10004ace        0x2 
 .text.move_unit
                0x10004ad0       0x6c .build/obj_idyllic_tinny50_rgb_default/quantum/mousekey.o
 .text.wheel_unit
                0x10004b3c       0x68 .build/obj_idyllic_tinny50_rgb_default/quantum/mousekey.o
 .text.mousekey_on
                0x10004ba4       0xac .build/obj_idyllic_tinny50_rgb_default/quantum/mousekey.o
                0x10004ba4                mousekey_on
 .text.mousekey_off
                0x10004c50       0xe8 .build/obj_idyllic_tinny50_rgb_default/quantum/mousekey.o
                0x10004c50                mousekey_off
 .text.mousekey_send
                0x10004d38       0x34 .build/obj_idyllic_tinny50_rgb_default/quantum/mousekey.o
                0x10004d38                mousekey_send
 .text.mousekey_clear
                0x10004d6c       0x2c .build/obj_idyllic_tinny50_rgb_default/quantum/mousekey.o
                0x10004d6c                mousekey_clear
 .text.should_mousekey_report_send
                0x10004d98       0x26 .build/obj_idyllic_tinny50_rgb_default/quantum/mousekey.o
                0x10004d98                should_mousekey_report_send
 *fill*         0x10004dbe        0x2 
 .text.mousekey_task
                0x10004dc0      0x1a4 .build/obj_idyllic_tinny50_rgb_default/quantum/mousekey.o
                0x10004dc0                mousekey_task
 .text.perform_space_cadet
                0x10004f64       0xc4 .build/obj_idyllic_tinny50_rgb_default/quantum/process_keycode/process_space_cadet.o
                0x10004f64                perform_space_cadet
 .text.process_space_cadet
                0x10005028       0xa8 .build/obj_idyllic_tinny50_rgb_default/quantum/process_keycode/process_space_cadet.o
                0x10005028                process_space_cadet
 .text.host_set_driver
                0x100050d0        0xc .build/obj_idyllic_tinny50_rgb_default/protocol/host.o
                0x100050d0                host_set_driver
 .text.host_keyboard_leds
                0x100050dc       0x14 .build/obj_idyllic_tinny50_rgb_default/protocol/host.o
                0x100050dc                host_keyboard_leds
 .text.host_keyboard_send
                0x100050f0       0x14 .build/obj_idyllic_tinny50_rgb_default/protocol/host.o
                0x100050f0                host_keyboard_send
 .text.host_nkro_send
                0x10005104       0x18 .build/obj_idyllic_tinny50_rgb_default/protocol/host.o
                0x10005104                host_nkro_send
 .text.host_mouse_send
                0x1000511c       0x18 .build/obj_idyllic_tinny50_rgb_default/protocol/host.o
                0x1000511c                host_mouse_send
 .text.host_system_send
                0x10005134       0x34 .build/obj_idyllic_tinny50_rgb_default/protocol/host.o
                0x10005134                host_system_send
 .text.host_consumer_send
                0x10005168       0x34 .build/obj_idyllic_tinny50_rgb_default/protocol/host.o
                0x10005168                host_consumer_send
 .text.has_anykey
                0x1000519c       0x48 .build/obj_idyllic_tinny50_rgb_default/protocol/report.o
                0x1000519c                has_anykey
 .text.is_key_pressed
                0x100051e4       0x64 .build/obj_idyllic_tinny50_rgb_default/protocol/report.o
                0x100051e4                is_key_pressed
 .text.add_key_byte
                0x10005248       0x2a .build/obj_idyllic_tinny50_rgb_default/protocol/report.o
                0x10005248                add_key_byte
 .text.del_key_byte
                0x10005272       0x18 .build/obj_idyllic_tinny50_rgb_default/protocol/report.o
                0x10005272                del_key_byte
 .text.add_key_bit
                0x1000528a       0x18 .build/obj_idyllic_tinny50_rgb_default/protocol/report.o
                0x1000528a                add_key_bit
 .text.del_key_bit
                0x100052a2       0x18 .build/obj_idyllic_tinny50_rgb_default/protocol/report.o
                0x100052a2                del_key_bit
 *fill*         0x100052ba        0x2 
 .text.add_key_to_report
                0x100052bc       0x38 .build/obj_idyllic_tinny50_rgb_default/protocol/report.o
                0x100052bc                add_key_to_report
 .text.del_key_from_report
                0x100052f4       0x38 .build/obj_idyllic_tinny50_rgb_default/protocol/report.o
                0x100052f4                del_key_from_report
 .text.clear_keys_from_report
                0x1000532c       0x3c .build/obj_idyllic_tinny50_rgb_default/protocol/report.o
                0x1000532c                clear_keys_from_report
 .text.has_mouse_report_changed
                0x10005368       0x58 .build/obj_idyllic_tinny50_rgb_default/protocol/report.o
                0x10005368                has_mouse_report_changed
 .text.notify_usb_device_state_change_user
                0x100053c0        0x2 .build/obj_idyllic_tinny50_rgb_default/protocol/usb_device_state.o
                0x100053c0                notify_usb_device_state_change_user
 .text.notify_usb_device_state_change_kb
                0x100053c2        0x8 .build/obj_idyllic_tinny50_rgb_default/protocol/usb_device_state.o
                0x100053c2                notify_usb_device_state_change_kb
 *fill*         0x100053ca        0x2 
 .text.usb_device_state_set_configuration
                0x100053cc       0x14 .build/obj_idyllic_tinny50_rgb_default/protocol/usb_device_state.o
                0x100053cc                usb_device_state_set_configuration
 .text.usb_device_state_set_suspend
                0x100053e0       0x14 .build/obj_idyllic_tinny50_rgb_default/protocol/usb_device_state.o
                0x100053e0                usb_device_state_set_suspend
 .text.usb_device_state_set_resume
                0x100053f4        0x8 .build/obj_idyllic_tinny50_rgb_default/protocol/usb_device_state.o
                0x100053f4                usb_device_state_set_resume
 .text.usb_device_state_set_reset
                0x100053fc       0x14 .build/obj_idyllic_tinny50_rgb_default/protocol/usb_device_state.o
                0x100053fc                usb_device_state_set_reset
 .text.usb_device_state_init
                0x10005410        0x8 .build/obj_idyllic_tinny50_rgb_default/protocol/usb_device_state.o
                0x10005410                usb_device_state_init
 .text.matrix_power_up
                0x10005418        0x2 .build/obj_idyllic_tinny50_rgb_default/platforms/suspend.o
                0x10005418                matrix_power_up
 .text.matrix_power_down
                0x1000541a        0x2 .build/obj_idyllic_tinny50_rgb_default/platforms/suspend.o
                0x1000541a                matrix_power_down
 .text.suspend_power_down_user
                0x1000541c        0x2 .build/obj_idyllic_tinny50_rgb_default/platforms/suspend.o
                0x1000541c                suspend_power_down_user
 .text.suspend_power_down_kb
                0x1000541e        0x8 .build/obj_idyllic_tinny50_rgb_default/platforms/suspend.o
                0x1000541e                suspend_power_down_kb
 .text.suspend_wakeup_init_user
                0x10005426        0x2 .build/obj_idyllic_tinny50_rgb_default/platforms/suspend.o
                0x10005426                suspend_wakeup_init_user
 .text.suspend_wakeup_init_kb
                0x10005428        0x8 .build/obj_idyllic_tinny50_rgb_default/platforms/suspend.o
                0x10005428                suspend_wakeup_init_kb
 .text.suspend_wakeup_condition
                0x10005430       0x28 .build/obj_idyllic_tinny50_rgb_default/platforms/suspend.o
                0x10005430                suspend_wakeup_condition
 .text.platform_setup
                0x10005458        0xc .build/obj_idyllic_tinny50_rgb_default/platforms/chibios/platform.o
                0x10005458                platform_setup
 .text.suspend_power_down
                0x10005464       0x14 .build/obj_idyllic_tinny50_rgb_default/platforms/chibios/suspend.o
                0x10005464                suspend_power_down
 .text.suspend_wakeup_init
                0x10005478       0x24 .build/obj_idyllic_tinny50_rgb_default/platforms/chibios/suspend.o
                0x10005478                suspend_wakeup_init
 .text.timer_clear
                0x1000549c       0x40 .build/obj_idyllic_tinny50_rgb_default/platforms/chibios/timer.o
                0x1000549c                timer_clear
 .text.timer_init
                0x100054dc        0x8 .build/obj_idyllic_tinny50_rgb_default/platforms/chibios/timer.o
                0x100054dc                timer_init
 .text.timer_read32
                0x100054e4       0x90 .build/obj_idyllic_tinny50_rgb_default/platforms/chibios/timer.o
                0x100054e4                timer_read32
 .text.timer_read
                0x10005574        0xa .build/obj_idyllic_tinny50_rgb_default/platforms/chibios/timer.o
                0x10005574                timer_read
 .text.timer_elapsed
                0x1000557e        0xe .build/obj_idyllic_tinny50_rgb_default/platforms/chibios/timer.o
                0x1000557e                timer_elapsed
 .text.timer_elapsed32
                0x1000558c        0xc .build/obj_idyllic_tinny50_rgb_default/platforms/chibios/timer.o
                0x1000558c                timer_elapsed32
 .text.mcu_reset
                0x10005598       0x1c .build/obj_idyllic_tinny50_rgb_default/platforms/chibios/bootloaders/rp2040.o
                0x10005598                mcu_reset
 .text.bootloader_jump
                0x100055b4       0x14 .build/obj_idyllic_tinny50_rgb_default/platforms/chibios/bootloaders/rp2040.o
                0x100055b4                bootloader_jump
 .text.__late_init
                0x100055c8       0x40 .build/obj_idyllic_tinny50_rgb_default/platforms/chibios/bootloaders/rp2040.o
                0x100055c8                __late_init
 .text.port_lock
                0x10005608       0x16 .build/obj_idyllic_tinny50_rgb_default/protocol/chibios/usb_main.o
 *fill*         0x1000561e        0x2 
 .text.usb_requests_hook_cb
                0x10005620      0x11c .build/obj_idyllic_tinny50_rgb_default/protocol/chibios/usb_main.o
 .text.usb_get_descriptor_cb
                0x1000573c       0x3c .build/obj_idyllic_tinny50_rgb_default/protocol/chibios/usb_main.o
 .text.set_led_transfer_cb
                0x10005778       0x30 .build/obj_idyllic_tinny50_rgb_default/protocol/chibios/usb_main.o
 .text.usb_event_queue_enqueue.isra.0
                0x100057a8       0x28 .build/obj_idyllic_tinny50_rgb_default/protocol/chibios/usb_main.o
 .text.usb_event_cb
                0x100057d0       0xa0 .build/obj_idyllic_tinny50_rgb_default/protocol/chibios/usb_main.o
 .text.usb_event_queue_init
                0x10005870       0x24 .build/obj_idyllic_tinny50_rgb_default/protocol/chibios/usb_main.o
                0x10005870                usb_event_queue_init
 .text.usb_event_queue_task
                0x10005894       0xa4 .build/obj_idyllic_tinny50_rgb_default/protocol/chibios/usb_main.o
                0x10005894                usb_event_queue_task
 .text.init_usb_driver
                0x10005938       0x60 .build/obj_idyllic_tinny50_rgb_default/protocol/chibios/usb_main.o
                0x10005938                init_usb_driver
 .text.keyboard_leds
                0x10005998        0xc .build/obj_idyllic_tinny50_rgb_default/protocol/chibios/usb_main.o
                0x10005998                keyboard_leds
 .text.send_report
                0x100059a4       0x20 .build/obj_idyllic_tinny50_rgb_default/protocol/chibios/usb_main.o
                0x100059a4                send_report
 .text.send_keyboard
                0x100059c4        0xe .build/obj_idyllic_tinny50_rgb_default/protocol/chibios/usb_main.o
                0x100059c4                send_keyboard
 .text.send_nkro
                0x100059d2        0xe .build/obj_idyllic_tinny50_rgb_default/protocol/chibios/usb_main.o
                0x100059d2                send_nkro
 .text.send_mouse
                0x100059e0        0xe .build/obj_idyllic_tinny50_rgb_default/protocol/chibios/usb_main.o
                0x100059e0                send_mouse
 .text.send_extra
                0x100059ee        0xe .build/obj_idyllic_tinny50_rgb_default/protocol/chibios/usb_main.o
                0x100059ee                send_extra
 .text.early_hardware_init_pre
                0x100059fc        0x2 .build/obj_idyllic_tinny50_rgb_default/protocol/chibios/chibios.o
                0x100059fc                early_hardware_init_pre
 .text.early_hardware_init_post