Archive member included to satisfy reference by file (symbol)

.build/obj_punk_t_v1_via/i2c_master.a(i2c_master.o)
                              .build/obj_punk_t_v1_via/trackpad.o (i2c_init)
c:/qmk_msys/mingw64/bin/../lib/gcc/arm-none-eabi/12.2.0/thumb/v6-m/nofp\libgcc.a(_thumb1_case_sqi.o)
                              .build/obj_punk_t_v1_via/quantum/keycode_config.o (__gnu_thumb1_case_sqi)
c:/qmk_msys/mingw64/bin/../lib/gcc/arm-none-eabi/12.2.0/thumb/v6-m/nofp\libgcc.a(_thumb1_case_uqi.o)
                              .build/obj_punk_t_v1_via/quantum/action.o (__gnu_thumb1_case_uqi)
c:/qmk_msys/mingw64/bin/../lib/gcc/arm-none-eabi/12.2.0/thumb/v6-m/nofp\libgcc.a(_thumb1_case_shi.o)
                              .build/obj_punk_t_v1_via/lib/chibios/os/hal/lib/streams/chprintf.o (__gnu_thumb1_case_shi)
c:/qmk_msys/mingw64/bin/../lib/gcc/arm-none-eabi/12.2.0/thumb/v6-m/nofp\libgcc.a(_thumb1_case_uhi.o)
                              .build/obj_punk_t_v1_via/quantum/action.o (__gnu_thumb1_case_uhi)
c:/qmk_msys/mingw64/bin/../lib/gcc/arm-none-eabi/12.2.0/thumb/v6-m/nofp\libgcc.a(_dvmd_tls.o)
                              .build/obj_punk_t_v1_via/./lib/pico-sdk/src/rp2_common/pico_divider/divider.o (__aeabi_idiv0)
c:/qmk_msys/mingw64/bin/../lib/gcc/arm-none-eabi/12.2.0/thumb/v6-m/nofp\libgcc.a(_ctzsi2.o)
                              .build/obj_punk_t_v1_via/./lib/pico-sdk/src/rp2_common/hardware_pio/pio.o (__ctzsi2)
c:/qmk_msys/mingw64/bin/../lib/gcc/arm-none-eabi/12.2.0/thumb/v6-m/nofp\libgcc.a(adddf3.o)
                              .build/obj_punk_t_v1_via/trackpad.o (__aeabi_dadd)
c:/qmk_msys/mingw64/bin/../lib/gcc/arm-none-eabi/12.2.0/thumb/v6-m/nofp\libgcc.a(muldf3.o)
                              .build/obj_punk_t_v1_via/trackpad.o (__aeabi_dmul)
c:/qmk_msys/mingw64/bin/../lib/gcc/arm-none-eabi/12.2.0/thumb/v6-m/nofp\libgcc.a(fixdfsi.o)
                              .build/obj_punk_t_v1_via/trackpad.o (__aeabi_d2iz)
c:/qmk_msys/mingw64/bin/../lib/gcc/arm-none-eabi/12.2.0/thumb/v6-m/nofp\libgcc.a(floatsidf.o)
                              .build/obj_punk_t_v1_via/trackpad.o (__aeabi_i2d)
c:/qmk_msys/mingw64/bin/../lib/gcc/arm-none-eabi/12.2.0/thumb/v6-m/nofp\libgcc.a(_clzsi2.o)
                              c:/qmk_msys/mingw64/bin/../lib/gcc/arm-none-eabi/12.2.0/thumb/v6-m/nofp\libgcc.a(adddf3.o) (__clzsi2)
c:/qmk_msys/mingw64/bin/../lib/gcc/arm-none-eabi/12.2.0/../../../../arm-none-eabi/lib/thumb/v6-m/nofp\libg_nano.a(libc_a-abort.o)
                              .build/obj_punk_t_v1_via/lib/chibios/os/various/syscalls.o (abort)
c:/qmk_msys/mingw64/bin/../lib/gcc/arm-none-eabi/12.2.0/../../../../arm-none-eabi/lib/thumb/v6-m/nofp\libg_nano.a(libc_a-rand.o)
                              .build/obj_punk_t_v1_via/quantum/send_string/send_string.o (rand)
c:/qmk_msys/mingw64/bin/../lib/gcc/arm-none-eabi/12.2.0/../../../../arm-none-eabi/lib/thumb/v6-m/nofp\libg_nano.a(libc_a-ctype_.o)
                              .build/obj_punk_t_v1_via/quantum/send_string/send_string.o (_ctype_)
c:/qmk_msys/mingw64/bin/../lib/gcc/arm-none-eabi/12.2.0/../../../../arm-none-eabi/lib/thumb/v6-m/nofp\libg_nano.a(libc_a-memcmp.o)
                              .build/obj_punk_t_v1_via/quantum/action_util.o (memcmp)
c:/qmk_msys/mingw64/bin/../lib/gcc/arm-none-eabi/12.2.0/../../../../arm-none-eabi/lib/thumb/v6-m/nofp\libg_nano.a(libc_a-memmove.o)
                              .build/obj_punk_t_v1_via/oled_driver.o (memmove)
c:/qmk_msys/mingw64/bin/../lib/gcc/arm-none-eabi/12.2.0/../../../../arm-none-eabi/lib/thumb/v6-m/nofp\libg_nano.a(libc_a-memset.o)
                              .build/obj_punk_t_v1_via/quantum/action_tapping.o (memset)
c:/qmk_msys/mingw64/bin/../lib/gcc/arm-none-eabi/12.2.0/../../../../arm-none-eabi/lib/thumb/v6-m/nofp\libg_nano.a(libc_a-signal.o)
                              c:/qmk_msys/mingw64/bin/../lib/gcc/arm-none-eabi/12.2.0/../../../../arm-none-eabi/lib/thumb/v6-m/nofp\libg_nano.a(libc_a-abort.o) (raise)
c:/qmk_msys/mingw64/bin/../lib/gcc/arm-none-eabi/12.2.0/../../../../arm-none-eabi/lib/thumb/v6-m/nofp\libg_nano.a(libc_a-impure.o)
                              c:/qmk_msys/mingw64/bin/../lib/gcc/arm-none-eabi/12.2.0/../../../../arm-none-eabi/lib/thumb/v6-m/nofp\libg_nano.a(libc_a-rand.o) (_impure_ptr)
c:/qmk_msys/mingw64/bin/../lib/gcc/arm-none-eabi/12.2.0/../../../../arm-none-eabi/lib/thumb/v6-m/nofp\libg_nano.a(libc_a-signalr.o)
                              c:/qmk_msys/mingw64/bin/../lib/gcc/arm-none-eabi/12.2.0/../../../../arm-none-eabi/lib/thumb/v6-m/nofp\libg_nano.a(libc_a-signal.o) (_kill_r)
c:/qmk_msys/mingw64/bin/../lib/gcc/arm-none-eabi/12.2.0/../../../../arm-none-eabi/lib/thumb/v6-m/nofp\libg_nano.a(libc_a-errno.o)
                              .build/obj_punk_t_v1_via/platforms/chibios/syscall-fallbacks.o (__errno)
c:/qmk_msys/mingw64/bin/../lib/gcc/arm-none-eabi/12.2.0/../../../../arm-none-eabi/lib/thumb/v6-m/nofp\libg_nano.a(libc_a-memcpy-stub.o)
[...]
Memory Configuration

Name             Origin             Length             Attributes
flash0           0x00000000         0x00004000         xr
flash1           0x10000000         0x00200000         xr
flash2           0x00000000         0x00000000         xr
flash3           0x00000000         0x00000000         xr
flash4           0x00000000         0x00000000         xr
flash5           0x00000000         0x00000000         xr
flash6           0x00000000         0x00000000         xr
flash7           0x00000000         0x00000000         xr
ram0             0x20000000         0x00040000         xw
ram1             0x00000000         0x00040000         xw
ram2             0x00000000         0x00000000         xw
ram3             0x00000000         0x00000000         xw
ram4             0x20040000         0x00001000         xw
ram5             0x20041000         0x00001000         xw
ram6             0x00000000         0x00000000         xw
ram7             0x20041f00         0x00000100         xw
*default*        0x00000000         0xffffffff

Linker script and memory map

LOAD .build/obj_punk_t_v1_via/trackpad.o
LOAD .build/obj_punk_t_v1_via/.build/obj_punk_t_v1_via/src/default_keyboard.o
LOAD .build/obj_punk_t_v1_via/quantum/keymap_introspection.o
LOAD .build/obj_punk_t_v1_via/quantum/quantum.o
LOAD .build/obj_punk_t_v1_via/quantum/bitwise.o
LOAD .build/obj_punk_t_v1_via/quantum/led.o
LOAD .build/obj_punk_t_v1_via/quantum/action.o
LOAD .build/obj_punk_t_v1_via/quantum/action_layer.o
LOAD .build/obj_punk_t_v1_via/quantum/action_tapping.o
LOAD .build/obj_punk_t_v1_via/quantum/action_util.o
LOAD .build/obj_punk_t_v1_via/quantum/eeconfig.o
LOAD .build/obj_punk_t_v1_via/quantum/keyboard.o
LOAD .build/obj_punk_t_v1_via/quantum/keymap_common.o
LOAD .build/obj_punk_t_v1_via/quantum/keycode_config.o
LOAD .build/obj_punk_t_v1_via/quantum/sync_timer.o
LOAD .build/obj_punk_t_v1_via/quantum/logging/debug.o
LOAD .build/obj_punk_t_v1_via/quantum/logging/sendchar.o
LOAD .build/obj_punk_t_v1_via/quantum/logging/print.o
LOAD .build/obj_punk_t_v1_via/quantum/matrix_common.o
LOAD .build/obj_punk_t_v1_via/quantum/matrix.o
LOAD .build/obj_punk_t_v1_via/quantum/debounce/sym_defer_g.o
LOAD .build/obj_punk_t_v1_via/quantum/main.o
LOAD .build/obj_punk_t_v1_via/printf.o
LOAD .build/obj_punk_t_v1_via/quantum/pointing_device/pointing_device.o
LOAD .build/obj_punk_t_v1_via/quantum/pointing_device/pointing_device_drivers.o
LOAD .build/obj_punk_t_v1_via/quantum/pointing_device/pointing_device_auto_mouse.o
LOAD .build/obj_punk_t_v1_via/eeprom_driver.o
LOAD .build/obj_punk_t_v1_via/eeprom_wear_leveling.o
LOAD .build/obj_punk_t_v1_via/wear_leveling.o
LOAD .build/obj_punk_t_v1_via/wear_leveling_rp2040_flash.o
LOAD .build/obj_punk_t_v1_via/quantum/backlight/backlight.o
LOAD .build/obj_punk_t_v1_via/quantum/process_keycode/process_backlight.o
LOAD .build/obj_punk_t_v1_via/quantum/backlight/backlight_driver_common.o
LOAD .build/obj_punk_t_v1_via/platforms/chibios/drivers/backlight_pwm.o
LOAD .build/obj_punk_t_v1_via/qmk_fnv_type_validation.o
LOAD .build/obj_punk_t_v1_via/hash_32a.o
LOAD .build/obj_punk_t_v1_via/hash_64a.o
LOAD .build/obj_punk_t_v1_via/oled_driver.o
LOAD .build/obj_punk_t_v1_via/quantum/bootmagic/bootmagic.o
LOAD .build/obj_punk_t_v1_via/quantum/dynamic_keymap.o
LOAD .build/obj_punk_t_v1_via/quantum/process_keycode/process_grave_esc.o
LOAD .build/obj_punk_t_v1_via/quantum/process_keycode/process_magic.o
LOAD .build/obj_punk_t_v1_via/quantum/mousekey.o
LOAD .build/obj_punk_t_v1_via/quantum/send_string/send_string.o
LOAD .build/obj_punk_t_v1_via/quantum/process_keycode/process_space_cadet.o
LOAD .build/obj_punk_t_v1_via/quantum/process_keycode/process_tri_layer.o
LOAD .build/obj_punk_t_v1_via/quantum/tri_layer.o
LOAD .build/obj_punk_t_v1_via/quantum/via.o
LOAD .build/obj_punk_t_v1_via/protocol/host.o
LOAD .build/obj_punk_t_v1_via/protocol/report.o
LOAD .build/obj_punk_t_v1_via/protocol/usb_device_state.o
LOAD .build/obj_punk_t_v1_via/protocol/usb_util.o
LOAD .build/obj_punk_t_v1_via/platforms/suspend.o
LOAD .build/obj_punk_t_v1_via/platforms/synchronization_util.o
LOAD .build/obj_punk_t_v1_via/platforms/timer.o
LOAD .build/obj_punk_t_v1_via/platforms/chibios/hardware_id.o
LOAD .build/obj_punk_t_v1_via/platforms/chibios/platform.o
LOAD .build/obj_punk_t_v1_via/platforms/chibios/suspend.o
LOAD .build/obj_punk_t_v1_via/platforms/chibios/timer.o
LOAD .build/obj_punk_t_v1_via/platforms/chibios/bootloaders/rp2040.o
LOAD .build/obj_punk_t_v1_via/i2c_master.a
LOAD .build/obj_punk_t_v1_via/./lib/chibios/os/common/startup/ARMCMx/compilers/GCC/crt0_v6m.o
LOAD .build/obj_punk_t_v1_via/./lib/chibios/os/common/startup/ARMCMx/compilers/GCC/vectors.o
LOAD .build/obj_punk_t_v1_via/./lib/chibios/os/common/ports/ARMv6-M-RP2/compilers/GCC/chcoreasm.o
LOAD .build/obj_punk_t_v1_via/protocol/chibios/usb_main.o
LOAD .build/obj_punk_t_v1_via/protocol/chibios/chibios.o
LOAD .build/obj_punk_t_v1_via/usb_descriptor.o
LOAD .build/obj_punk_t_v1_via/protocol/chibios/usb_driver.o
LOAD .build/obj_punk_t_v1_via/protocol/chibios/usb_endpoints.o
LOAD .build/obj_punk_t_v1_via/protocol/chibios/usb_report_handling.o
LOAD .build/obj_punk_t_v1_via/protocol/chibios/usb_util.o
LOAD .build/obj_punk_t_v1_via/lib/chibios/os/common/startup/ARMCMx/compilers/GCC/crt1.o
LOAD .build/obj_punk_t_v1_via/lib/chibios/os/rt/src/chsys.o
LOAD .build/obj_punk_t_v1_via/lib/chibios/os/rt/src/chrfcu.o
LOAD .build/obj_punk_t_v1_via/lib/chibios/os/rt/src/chdebug.o
LOAD .build/obj_punk_t_v1_via/lib/chibios/os/rt/src/chtrace.o
LOAD .build/obj_punk_t_v1_via/lib/chibios/os/rt/src/chvt.o
LOAD .build/obj_punk_t_v1_via/lib/chibios/os/rt/src/chschd.o
LOAD .build/obj_punk_t_v1_via/lib/chibios/os/rt/src/chinstances.o
LOAD .build/obj_punk_t_v1_via/lib/chibios/os/rt/src/chthreads.o
LOAD .build/obj_punk_t_v1_via/lib/chibios/os/rt/src/chtm.o
LOAD .build/obj_punk_t_v1_via/lib/chibios/os/rt/src/chstats.o
LOAD .build/obj_punk_t_v1_via/lib/chibios/os/rt/src/chregistry.o
LOAD .build/obj_punk_t_v1_via/lib/chibios/os/rt/src/chsem.o
LOAD .build/obj_punk_t_v1_via/lib/chibios/os/rt/src/chmtx.o
LOAD .build/obj_punk_t_v1_via/lib/chibios/os/rt/src/chcond.o
LOAD .build/obj_punk_t_v1_via/lib/chibios/os/rt/src/chevents.o
LOAD .build/obj_punk_t_v1_via/lib/chibios/os/rt/src/chmsg.o
LOAD .build/obj_punk_t_v1_via/lib/chibios/os/rt/src/chdynamic.o
LOAD .build/obj_punk_t_v1_via/lib/chibios/os/common/ports/ARMv6-M-RP2/chcore.o
LOAD .build/obj_punk_t_v1_via/lib/chibios/os/hal/osal/rt-nil/osal.o
LOAD .build/obj_punk_t_v1_via/lib/chibios/os/oslib/src/chmboxes.o
LOAD .build/obj_punk_t_v1_via/lib/chibios/os/oslib/src/chmemcore.o
LOAD .build/obj_punk_t_v1_via/lib/chibios/os/oslib/src/chmemheaps.o
LOAD .build/obj_punk_t_v1_via/lib/chibios/os/oslib/src/chmempools.o
LOAD .build/obj_punk_t_v1_via/lib/chibios/os/oslib/src/chpipes.o
LOAD .build/obj_punk_t_v1_via/lib/chibios/os/oslib/src/chobjcaches.o
LOAD .build/obj_punk_t_v1_via/lib/chibios/os/oslib/src/chdelegates.o
LOAD .build/obj_punk_t_v1_via/lib/chibios/os/oslib/src/chfactory.o
LOAD .build/obj_punk_t_v1_via/lib/chibios/os/hal/src/hal.o
LOAD .build/obj_punk_t_v1_via/lib/chibios/os/hal/src/hal_st.o
LOAD .build/obj_punk_t_v1_via/lib/chibios/os/hal/src/hal_buffers.o
LOAD .build/obj_punk_t_v1_via/lib/chibios/os/hal/src/hal_queues.o
LOAD .build/obj_punk_t_v1_via/lib/chibios/os/hal/src/hal_flash.o
LOAD .build/obj_punk_t_v1_via/lib/chibios/os/hal/src/hal_mmcsd.o
LOAD .build/obj_punk_t_v1_via/lib/chibios/os/hal/src/hal_adc.o
LOAD .build/obj_punk_t_v1_via/lib/chibios/os/hal/src/hal_can.o
LOAD .build/obj_punk_t_v1_via/lib/chibios/os/hal/src/hal_crypto.o
LOAD .build/obj_punk_t_v1_via/lib/chibios/os/hal/src/hal_dac.o
LOAD .build/obj_punk_t_v1_via/lib/chibios/os/hal/src/hal_efl.o
LOAD .build/obj_punk_t_v1_via/lib/chibios/os/hal/src/hal_gpt.o
LOAD .build/obj_punk_t_v1_via/lib/chibios/os/hal/src/hal_i2c.o
LOAD .build/obj_punk_t_v1_via/lib/chibios/os/hal/src/hal_i2s.o
LOAD .build/obj_punk_t_v1_via/lib/chibios/os/hal/src/hal_icu.o
LOAD .build/obj_punk_t_v1_via/lib/chibios/os/hal/src/hal_mac.o
LOAD .build/obj_punk_t_v1_via/lib/chibios/os/hal/src/hal_mmc_spi.o
LOAD .build/obj_punk_t_v1_via/lib/chibios/os/hal/src/hal_pal.o
LOAD .build/obj_punk_t_v1_via/lib/chibios/os/hal/src/hal_pwm.o
LOAD .build/obj_punk_t_v1_via/lib/chibios/os/hal/src/hal_rtc.o
LOAD .build/obj_punk_t_v1_via/lib/chibios/os/hal/src/hal_sdc.o
LOAD .build/obj_punk_t_v1_via/lib/chibios/os/hal/src/hal_serial.o
LOAD .build/obj_punk_t_v1_via/lib/chibios/os/hal/src/hal_serial_usb.o
LOAD .build/obj_punk_t_v1_via/lib/chibios/os/hal/src/hal_sio.o
LOAD .build/obj_punk_t_v1_via/lib/chibios/os/hal/src/hal_spi.o
LOAD .build/obj_punk_t_v1_via/lib/chibios/os/hal/src/hal_trng.o
LOAD .build/obj_punk_t_v1_via/lib/chibios/os/hal/src/hal_uart.o
LOAD .build/obj_punk_t_v1_via/lib/chibios/os/hal/src/hal_usb.o
LOAD .build/obj_punk_t_v1_via/lib/chibios/os/hal/src/hal_wdg.o
LOAD .build/obj_punk_t_v1_via/lib/chibios/os/hal/src/hal_wspi.o
LOAD .build/obj_punk_t_v1_via/lib/chibios/os/hal/ports/common/ARMCMx/nvic.o
LOAD .build/obj_punk_t_v1_via/lib/chibios/os/hal/ports/RP/RP2040/rp_isr.o
LOAD .build/obj_punk_t_v1_via/lib/chibios/os/hal/ports/RP/RP2040/hal_lld.o
LOAD .build/obj_punk_t_v1_via/lib/chibios/os/hal/ports/RP/LLD/DMAv1/rp_dma.o
LOAD .build/obj_punk_t_v1_via/lib/chibios/os/hal/ports/RP/LLD/GPIOv1/hal_pal_lld.o
LOAD .build/obj_punk_t_v1_via/lib/chibios/os/hal/ports/RP/LLD/SPIv1/hal_spi_lld.o
LOAD .build/obj_punk_t_v1_via/lib/chibios/os/hal/ports/RP/LLD/TIMERv1/hal_st_lld.o
LOAD .build/obj_punk_t_v1_via/lib/chibios/os/hal/ports/RP/LLD/UARTv1/hal_sio_lld.o
LOAD .build/obj_punk_t_v1_via/lib/chibios/os/hal/ports/RP/LLD/RTCv1/hal_rtc_lld.o
LOAD .build/obj_punk_t_v1_via/lib/chibios/os/hal/ports/RP/LLD/WDGv1/hal_wdg_lld.o
LOAD .build/obj_punk_t_v1_via/lib/chibios-contrib/os/hal/ports/RP/LLD/I2Cv1/hal_i2c_lld.o
LOAD .build/obj_punk_t_v1_via/lib/chibios-contrib/os/hal/ports/RP/LLD/PWMv1/hal_pwm_lld.o
LOAD .build/obj_punk_t_v1_via/lib/chibios-contrib/os/hal/ports/RP/LLD/ADCv1/hal_adc_lld.o
LOAD .build/obj_punk_t_v1_via/lib/chibios-contrib/os/hal/ports/RP/LLD/USBDv1/hal_usb_lld.o
LOAD .build/obj_punk_t_v1_via/lib/chibios/os/hal/boards/RP_PICO_RP2040/board.o
LOAD .build/obj_punk_t_v1_via/lib/chibios/os/hal/lib/streams/chprintf.o
LOAD .build/obj_punk_t_v1_via/lib/chibios/os/hal/lib/streams/chscanf.o
LOAD .build/obj_punk_t_v1_via/lib/chibios/os/hal/lib/streams/memstreams.o
LOAD .build/obj_punk_t_v1_via/lib/chibios/os/hal/lib/streams/nullstreams.o
LOAD .build/obj_punk_t_v1_via/lib/chibios/os/hal/lib/streams/bufstreams.o
LOAD .build/obj_punk_t_v1_via/lib/chibios/os/various/syscalls.o
LOAD .build/obj_punk_t_v1_via/platforms/chibios/syscall-fallbacks.o
LOAD .build/obj_punk_t_v1_via/platforms/chibios/wait.o
LOAD .build/obj_punk_t_v1_via/platforms/chibios/synchronization_util.o
LOAD .build/obj_punk_t_v1_via/platforms/chibios/interrupt_handlers.o
LOAD .build/obj_punk_t_v1_via/./lib/pico-sdk/src/rp2_common/hardware_clocks/clocks.o
LOAD .build/obj_punk_t_v1_via/./lib/pico-sdk/src/rp2_common/hardware_pll/pll.o
LOAD .build/obj_punk_t_v1_via/./lib/pico-sdk/src/rp2_common/hardware_pio/pio.o
LOAD .build/obj_punk_t_v1_via/./lib/pico-sdk/src/rp2_common/hardware_timer/timer.o
LOAD .build/obj_punk_t_v1_via/./lib/pico-sdk/src/rp2_common/hardware_flash/flash.o
LOAD .build/obj_punk_t_v1_via/./lib/pico-sdk/src/rp2_common/hardware_gpio/gpio.o
LOAD .build/obj_punk_t_v1_via/./lib/pico-sdk/src/rp2_common/hardware_claim/claim.o
LOAD .build/obj_punk_t_v1_via/./lib/pico-sdk/src/rp2_common/hardware_watchdog/watchdog.o
LOAD .build/obj_punk_t_v1_via/./lib/pico-sdk/src/rp2_common/hardware_xosc/xosc.o
LOAD .build/obj_punk_t_v1_via/./lib/pico-sdk/src/rp2_common/pico_bootrom/bootrom.o
LOAD .build/obj_punk_t_v1_via/platforms/chibios/vendors/RP/stage2_bootloaders.o
LOAD .build/obj_punk_t_v1_via/platforms/chibios/vendors/RP/pico_sdk_shims.o
LOAD .build/obj_punk_t_v1_via/./lib/pico-sdk/src/rp2_common/pico_divider/divider.o
LOAD .build/obj_punk_t_v1_via/./lib/pico-sdk/src/rp2_common/pico_int64_ops/pico_int64_ops_aeabi.o
                0x00000800                        __process_stack_size__ = 0x800
                0x00000400                        __main_stack_size__ = 0x400
LOAD c:/qmk_msys/mingw64/bin/../lib/gcc/arm-none-eabi/12.2.0/../../../../arm-none-eabi/lib/thumb/v6-m/nofp\libm.a
START GROUP
LOAD c:/qmk_msys/mingw64/bin/../lib/gcc/arm-none-eabi/12.2.0/thumb/v6-m/nofp\libgcc.a
LOAD c:/qmk_msys/mingw64/bin/../lib/gcc/arm-none-eabi/12.2.0/../../../../arm-none-eabi/lib/thumb/v6-m/nofp\libg_nano.a
LOAD c:/qmk_msys/mingw64/bin/../lib/gcc/arm-none-eabi/12.2.0/../../../../arm-none-eabi/lib/thumb/v6-m/nofp\libc_nano.a
END GROUP
START GROUP
LOAD c:/qmk_msys/mingw64/bin/../lib/gcc/arm-none-eabi/12.2.0/thumb/v6-m/nofp\libgcc.a
LOAD c:/qmk_msys/mingw64/bin/../lib/gcc/arm-none-eabi/12.2.0/../../../../arm-none-eabi/lib/thumb/v6-m/nofp\libc_nano.a
END GROUP

.flash_begin    0x10000000        0x0
                0x10000000                        __flash_binary_start = .

.boot2          0x10000000      0x100
                0x10000000                        __boot2_start__ = .
 *(.boot2)
 .boot2         0x10000000      0x100 .build/obj_punk_t_v1_via/platforms/chibios/vendors/RP/stage2_bootloaders.o
                0x10000000                BOOT2_ROM
                0x10000100                        __boot2_end__ = .

.mstack         0x20040000      0x400
                0x20040000                        . = ALIGN (0x8)
                0x20040000                        __main_stack_base__ = .
                0x20040400                        . = (. + __main_stack_size__)
 *fill*         0x20040000      0x400 
                0x20040400                        . = ALIGN (0x8)
                0x20040400                        __main_stack_end__ = .

.pstack         0x20040400      0x800
                0x20040400                        . = ALIGN (0x8)
                0x20040400                        __process_stack_base__ = .
                0x20040400                        __main_thread_stack_base__ = .
                0x20040c00                        . = (. + __process_stack_size__)
 *fill*         0x20040400      0x800 
                0x20040c00                        . = ALIGN (0x8)
                0x20040c00                        __process_stack_end__ = .
                0x20040c00                        __main_thread_stack_end__ = .
                0x00000400                        __c1_main_stack_size__ = __main_stack_size__
                0x00000800                        __c1_process_stack_size__ = __process_stack_size__

.c1_mstack      0x20041000      0x400
                0x20041000                        . = ALIGN (0x8)
                0x20041000                        __c1_main_stack_base__ = .
                0x20041400                        . = (. + __c1_main_stack_size__)
 *fill*         0x20041000      0x400 
                0x20041400                        . = ALIGN (0x8)
                0x20041400                        __c1_main_stack_end__ = .

.c1_pstack      0x20041400      0x800
                0x20041400                        . = ALIGN (0x8)
                0x20041400                        __c1_process_stack_base__ = .
                0x20041400                        __c1_main_thread_stack_base__ = .
                0x20041c00                        . = (. + __c1_process_stack_size__)
 *fill*         0x20041400      0x800 
                0x20041c00                        . = ALIGN (0x8)
                0x20041c00                        __c1_process_stack_end__ = .
                0x20041c00                        __c1_main_thread_stack_end__ = .

.vectors        0x10000100       0xc0
                0x10000100                        __textvectors_base__ = LOADADDR (.vectors)
                0x10000100                        __vectors_base__ = .
 *(.vectors)
 .vectors       0x10000100       0xc0 .build/obj_punk_t_v1_via/./lib/chibios/os/common/startup/ARMCMx/compilers/GCC/vectors.o
                0x10000100                _vectors
                0x100001c0                        __vectors_end__ = .

.xtors          0x100001c0        0x0
                0x100001c0                        __init_array_base__ = .
 *(SORT_BY_NAME(.init_array.*))
 *(.init_array)
                0x100001c0                        __init_array_end__ = .
                0x100001c0                        __fini_array_base__ = .
 *(.fini_array)
 *(SORT_BY_NAME(.fini_array.*))
                0x100001c0                        __fini_array_end__ = .

.text           0x100001c0     0x8c40
                0x100001c0                        __text_base__ = .
 *(.text)
 .text          0x100001c0      0x104 .build/obj_punk_t_v1_via/./lib/chibios/os/common/startup/ARMCMx/compilers/GCC/crt0_v6m.o
                0x100001c0                _crt0_entry
 .text          0x100002c4        0x8 .build/obj_punk_t_v1_via/./lib/chibios/os/common/startup/ARMCMx/compilers/GCC/vectors.o
                0x100002c4                Reset_Handler
                0x100002c6                Vector9C
                0x100002c6                VectorAC
                0x100002c6                DebugMon_Handler
                0x100002c6                Vector5C
                0x100002c6                HardFault_Handler
                0x100002c6                Vector8C
                0x100002c6                SysTick_Handler
                0x100002c6                PendSV_Handler
                0x100002c6                Vector94
                0x100002c6                VectorA8
                0x100002c6                VectorB4
                0x100002c6                Vector74
                0x100002c6                UsageFault_Handler
                0x100002c6                VectorBC
                0x100002c6                Vector64
                0x100002c6                Vector58
                0x100002c6                Vector24
                0x100002c6                Vector84
                0x100002c6                SecureFault_Handler
                0x100002c6                MemManage_Handler
                0x100002c6                Vector6C
                0x100002c6                SVC_Handler
                0x100002c6                VectorB0
                0x100002c6                Vector90
                0x100002c6                Vector60
                0x100002c6                Vector70
                0x100002c6                Vector68
                0x100002c6                Vector78
                0x100002c6                VectorA4
                0x100002c6                Vector88
                0x100002c6                BusFault_Handler
                0x100002c6                Vector28
                0x100002c6                VectorB8
                0x100002c6                Vector34
                0x100002c6                Vector20
                0x100002ca                _unhandled_exception
 .text          0x100002cc       0x48 .build/obj_punk_t_v1_via/./lib/chibios/os/common/ports/ARMv6-M-RP2/compilers/GCC/chcoreasm.o
                0x100002cc                __port_switch
                0x100002ec                __port_thread_start
                0x100002fe                __port_switch_from_isr
                0x10000302                __port_exit_from_isr
 .text          0x10000314       0x14 c:/qmk_msys/mingw64/bin/../lib/gcc/arm-none-eabi/12.2.0/thumb/v6-m/nofp\libgcc.a(_thumb1_case_sqi.o)
                0x10000314                __gnu_thumb1_case_sqi
 .text          0x10000328       0x14 c:/qmk_msys/mingw64/bin/../lib/gcc/arm-none-eabi/12.2.0/thumb/v6-m/nofp\libgcc.a(_thumb1_case_uqi.o)
                0x10000328                __gnu_thumb1_case_uqi
 .text          0x1000033c       0x14 c:/qmk_msys/mingw64/bin/../lib/gcc/arm-none-eabi/12.2.0/thumb/v6-m/nofp\libgcc.a(_thumb1_case_uhi.o)
                0x1000033c                __gnu_thumb1_case_uhi
 .text          0x10000350        0x4 c:/qmk_msys/mingw64/bin/../lib/gcc/arm-none-eabi/12.2.0/thumb/v6-m/nofp\libgcc.a(_dvmd_tls.o)
                0x10000350                __aeabi_idiv0
                0x10000350                __aeabi_ldiv0
 .text          0x10000354       0x3c c:/qmk_msys/mingw64/bin/../lib/gcc/arm-none-eabi/12.2.0/thumb/v6-m/nofp\libgcc.a(_clzsi2.o)
                0x10000354                __clzsi2
 .text          0x10000390       0x44 c:/qmk_msys/mingw64/bin/../lib/gcc/arm-none-eabi/12.2.0/../../../../arm-none-eabi/lib/thumb/v6-m/nofp\libg_nano.a(libc_a-memcmp.o)
                0x10000390                memcmp
 .text          0x100003d4       0xa8 c:/qmk_msys/mingw64/bin/../lib/gcc/arm-none-eabi/12.2.0/../../../../arm-none-eabi/lib/thumb/v6-m/nofp\libg_nano.a(libc_a-memset.o)
                0x100003d4                memset
 .text          0x1000047c       0x90 c:/qmk_msys/mingw64/bin/../lib/gcc/arm-none-eabi/12.2.0/../../../../arm-none-eabi/lib/thumb/v6-m/nofp\libg_nano.a(libc_a-memcpy-stub.o)
                0x1000047c                memcpy
 *(.text.*)
 .text.pointing_device_init
                0x1000050c       0x50 .build/obj_punk_t_v1_via/trackpad.o
                0x1000050c                pointing_device_init
 .text.read_register8
                0x1000055c       0x2c .build/obj_punk_t_v1_via/trackpad.o
                0x1000055c                read_register8
 .text.pointing_device_task
                0x10000588      0x154 .build/obj_punk_t_v1_via/trackpad.o
                0x10000588                pointing_device_task
 .text.board_init
                0x100006dc       0x2c .build/obj_punk_t_v1_via/quantum/keymap_introspection.o
                0x100006dc                board_init
 .text.led_update_user
                0x10000708       0x28 .build/obj_punk_t_v1_via/quantum/keymap_introspection.o
                0x10000708                led_update_user
 .text.process_record_user
                0x10000730       0x38 .build/obj_punk_t_v1_via/quantum/keymap_introspection.o
                0x10000730                process_record_user
 .text.keycode_at_keymap_location_raw
                0x10000768       0x2c .build/obj_punk_t_v1_via/quantum/keymap_introspection.o
                0x10000768                keycode_at_keymap_location_raw
 .text.pre_process_record_user
                0x10000794        0x4 .build/obj_punk_t_v1_via/quantum/quantum.o
                0x10000794                pre_process_record_user
 .text.pre_process_record_kb
                0x10000798        0x8 .build/obj_punk_t_v1_via/quantum/quantum.o
                0x10000798                pre_process_record_kb
 .text.process_action_kb
                0x100007a0        0x4 .build/obj_punk_t_v1_via/quantum/quantum.o
                0x100007a0                process_action_kb
 .text.process_record_kb
                0x100007a4        0x8 .build/obj_punk_t_v1_via/quantum/quantum.o
                0x100007a4                process_record_kb
 .text.post_process_record_user
                0x100007ac        0x2 .build/obj_punk_t_v1_via/quantum/quantum.o
                0x100007ac                post_process_record_user
 .text.post_process_record_kb
                0x100007ae        0x8 .build/obj_punk_t_v1_via/quantum/quantum.o
                0x100007ae                post_process_record_kb
 *fill*         0x100007b6        0x2 
 .text.get_event_keycode
                0x100007b8       0x4c .build/obj_punk_t_v1_via/quantum/quantum.o
                0x100007b8                get_event_keycode
 .text.get_record_keycode
                0x10000804       0x16 .build/obj_punk_t_v1_via/quantum/quantum.o
                0x10000804                get_record_keycode
 .text.pre_process_record_quantum
                0x1000081a       0x12 .build/obj_punk_t_v1_via/quantum/quantum.o
                0x1000081a                pre_process_record_quantum
 .text.post_process_record_quantum
                0x1000082c       0x12 .build/obj_punk_t_v1_via/quantum/quantum.o
                0x1000082c                post_process_record_quantum
 .text.shutdown_user
                0x1000083e        0x4 .build/obj_punk_t_v1_via/quantum/quantum.o
                0x1000083e                shutdown_user
 .text.shutdown_kb
                0x10000842        0x8 .build/obj_punk_t_v1_via/quantum/quantum.o
                0x10000842                shutdown_kb
 *fill*         0x1000084a        0x2 
 .text.shutdown_quantum
                0x1000084c       0x1c .build/obj_punk_t_v1_via/quantum/quantum.o
                0x1000084c                shutdown_quantum
 .text.reset_keyboard
                0x10000868        0xe .build/obj_punk_t_v1_via/quantum/quantum.o
                0x10000868                reset_keyboard
 .text.soft_reset_keyboard
                0x10000876        0xe .build/obj_punk_t_v1_via/quantum/quantum.o
                0x10000876                soft_reset_keyboard
 .text.process_record_quantum
                0x10000884       0xcc .build/obj_punk_t_v1_via/quantum/quantum.o
                0x10000884                process_record_quantum
 .text.suspend_power_down_quantum
                0x10000950       0x1a .build/obj_punk_t_v1_via/quantum/quantum.o
                0x10000950                suspend_power_down_quantum
 .text.suspend_wakeup_init_quantum
                0x1000096a       0x10 .build/obj_punk_t_v1_via/quantum/quantum.o
                0x1000096a                suspend_wakeup_init_quantum
 .text.led_update_ports
                0x1000097a        0x2 .build/obj_punk_t_v1_via/quantum/led.o
                0x1000097a                led_update_ports
 .text.led_update_kb
                0x1000097c       0x16 .build/obj_punk_t_v1_via/quantum/led.o
                0x1000097c                led_update_kb
 .text.led_init_ports
                0x10000992        0x2 .build/obj_punk_t_v1_via/quantum/led.o
                0x10000992                led_init_ports
 .text.led_set  0x10000994        0x8 .build/obj_punk_t_v1_via/quantum/led.o
                0x10000994                led_set
 .text.led_suspend
                0x1000099c        0xa .build/obj_punk_t_v1_via/quantum/led.o
                0x1000099c                led_suspend
 .text.led_wakeup
                0x100009a6        0xc .build/obj_punk_t_v1_via/quantum/led.o
                0x100009a6                led_wakeup
 *fill*         0x100009b2        0x2 
 .text.led_task
                0x100009b4       0x2c .build/obj_punk_t_v1_via/quantum/led.o
                0x100009b4                led_task
 .text.action_exec
                0x100009e0       0x42 .build/obj_punk_t_v1_via/quantum/action.o
                0x100009e0                action_exec
 .text.process_record_tap_hint
                0x10000a22       0x10 .build/obj_punk_t_v1_via/quantum/action.o
                0x10000a22                process_record_tap_hint
 .text.register_mouse
                0x10000a32       0x2a .build/obj_punk_t_v1_via/quantum/action.o
                0x10000a32                register_mouse
 .text.register_code
                0x10000a5c       0x88 .build/obj_punk_t_v1_via/quantum/action.o
                0x10000a5c                register_code
 .text.unregister_code
                0x10000ae4       0x68 .build/obj_punk_t_v1_via/quantum/action.o
                0x10000ae4                unregister_code
 .text.tap_code_delay
                0x10000b4c       0x44 .build/obj_punk_t_v1_via/quantum/action.o
                0x10000b4c                tap_code_delay
 .text.tap_code
                0x10000b90       0x10 .build/obj_punk_t_v1_via/quantum/action.o
                0x10000b90                tap_code
 .text.register_mods
                0x10000ba0       0x10 .build/obj_punk_t_v1_via/quantum/action.o
                0x10000ba0                register_mods
 .text.unregister_mods
                0x10000bb0       0x10 .build/obj_punk_t_v1_via/quantum/action.o
                0x10000bb0                unregister_mods
 .text.process_action
                0x10000bc0      0x3c0 .build/obj_punk_t_v1_via/quantum/action.o
                0x10000bc0                process_action
 .text.process_record_handler
                0x10000f80       0x20 .build/obj_punk_t_v1_via/quantum/action.o
                0x10000f80                process_record_handler
 .text.process_record
                0x10000fa0       0x44 .build/obj_punk_t_v1_via/quantum/action.o
                0x10000fa0                process_record
 .text.clear_keyboard_but_mods_and_keys
                0x10000fe4       0x20 .build/obj_punk_t_v1_via/quantum/action.o
                0x10000fe4                clear_keyboard_but_mods_and_keys
 .text.clear_keyboard_but_mods
                0x10001004        0xc .build/obj_punk_t_v1_via/quantum/action.o
                0x10001004                clear_keyboard_but_mods
 .text.clear_keyboard
                0x10001010        0xc .build/obj_punk_t_v1_via/quantum/action.o
                0x10001010                clear_keyboard
 .text.is_tap_action
                0x1000101c       0x4c .build/obj_punk_t_v1_via/quantum/action.o
                0x1000101c                is_tap_action
 .text.is_tap_record
                0x10001068       0x18 .build/obj_punk_t_v1_via/quantum/action.o
                0x10001068                is_tap_record
 .text.debug_event
                0x10001080        0x6 .build/obj_punk_t_v1_via/quantum/action.o
                0x10001080                debug_event
 .text.debug_record
                0x10001086        0x6 .build/obj_punk_t_v1_via/quantum/action.o
                0x10001086                debug_record
 .text.default_layer_state_set_user
                0x1000108c        0x2 .build/obj_punk_t_v1_via/quantum/action_layer.o
                0x1000108c                default_layer_state_set_user
 .text.default_layer_state_set_kb
                0x1000108e        0x8 .build/obj_punk_t_v1_via/quantum/action_layer.o
                0x1000108e                default_layer_state_set_kb
 *fill*         0x10001096        0x2 
 .text.default_layer_state_set
                0x10001098       0x10 .build/obj_punk_t_v1_via/quantum/action_layer.o
 .text.default_layer_debug
                0x100010a8        0x2 .build/obj_punk_t_v1_via/quantum/action_layer.o
                0x100010a8                default_layer_debug
 .text.default_layer_set
                0x100010aa        0x8 .build/obj_punk_t_v1_via/quantum/action_layer.o
                0x100010aa                default_layer_set
 *fill*         0x100010b2        0x2 
 .text.default_layer_or
                0x100010b4       0x14 .build/obj_punk_t_v1_via/quantum/action_layer.o
                0x100010b4                default_layer_or
 .text.default_layer_and
                0x100010c8       0x14 .build/obj_punk_t_v1_via/quantum/action_layer.o
                0x100010c8                default_layer_and
 .text.default_layer_xor
                0x100010dc       0x14 .build/obj_punk_t_v1_via/quantum/action_layer.o
                0x100010dc                default_layer_xor
 .text.layer_state_set_user
                0x100010f0        0x2 .build/obj_punk_t_v1_via/quantum/action_layer.o
                0x100010f0                layer_state_set_user
 .text.layer_state_set_kb
                0x100010f2        0x8 .build/obj_punk_t_v1_via/quantum/action_layer.o
                0x100010f2                layer_state_set_kb
 *fill*         0x100010fa        0x2 
 .text.layer_state_set
                0x100010fc       0x10 .build/obj_punk_t_v1_via/quantum/action_layer.o
                0x100010fc                layer_state_set
 .text.layer_clear
                0x1000110c        0xa .build/obj_punk_t_v1_via/quantum/action_layer.o
                0x1000110c                layer_clear
 .text.layer_move
                0x10001116        0xe .build/obj_punk_t_v1_via/quantum/action_layer.o
                0x10001116                layer_move
 .text.layer_on
                0x10001124       0x18 .build/obj_punk_t_v1_via/quantum/action_layer.o
                0x10001124                layer_on
 .text.layer_off
                0x1000113c       0x18 .build/obj_punk_t_v1_via/quantum/action_layer.o
                0x1000113c                layer_off
 .text.layer_invert
                0x10001154       0x18 .build/obj_punk_t_v1_via/quantum/action_layer.o
                0x10001154                layer_invert
 .text.layer_or
                0x1000116c       0x14 .build/obj_punk_t_v1_via/quantum/action_layer.o
                0x1000116c                layer_or
 .text.layer_and
                0x10001180       0x14 .build/obj_punk_t_v1_via/quantum/action_layer.o
                0x10001180                layer_and
 .text.layer_xor
                0x10001194       0x14 .build/obj_punk_t_v1_via/quantum/action_layer.o
                0x10001194                layer_xor
 .text.layer_debug
                0x100011a8        0x2 .build/obj_punk_t_v1_via/quantum/action_layer.o
                0x100011a8                layer_debug
 .text.update_source_layers_cache_impl
                0x100011aa       0x32 .build/obj_punk_t_v1_via/quantum/action_layer.o
                0x100011aa                update_source_layers_cache_impl
 .text.read_source_layers_cache_impl
                0x100011dc       0x28 .build/obj_punk_t_v1_via/quantum/action_layer.o
                0x100011dc                read_source_layers_cache_impl
 .text.update_source_layers_cache
                0x10001204       0x28 .build/obj_punk_t_v1_via/quantum/action_layer.o
                0x10001204                update_source_layers_cache
 .text.read_source_layers_cache
                0x1000122c       0x28 .build/obj_punk_t_v1_via/quantum/action_layer.o
                0x1000122c                read_source_layers_cache
 .text.layer_switch_get_layer
                0x10001254       0x44 .build/obj_punk_t_v1_via/quantum/action_layer.o
                0x10001254                layer_switch_get_layer
 .text.layer_switch_get_action
                0x10001298       0x14 .build/obj_punk_t_v1_via/quantum/action_layer.o
                0x10001298                layer_switch_get_action
 .text.store_or_get_action
                0x100012ac       0x44 .build/obj_punk_t_v1_via/quantum/action_layer.o
                0x100012ac                store_or_get_action
 .text.update_tri_layer_state
                0x100012f0       0x2a .build/obj_punk_t_v1_via/quantum/action_layer.o
                0x100012f0                update_tri_layer_state
 *fill*         0x1000131a        0x2 
 .text.update_tri_layer
                0x1000131c       0x1c .build/obj_punk_t_v1_via/quantum/action_layer.o
                0x1000131c                update_tri_layer
 .text.debug_waiting_buffer
                0x10001338       0x40 .build/obj_punk_t_v1_via/quantum/action_tapping.o
 .text.debug_tapping_key
                0x10001378       0x20 .build/obj_punk_t_v1_via/quantum/action_tapping.o
 .text.waiting_buffer_scan_tap
                0x10001398       0x7c .build/obj_punk_t_v1_via/quantum/action_tapping.o
 .text.waiting_buffer_typed.isra.0
                0x10001414       0x48 .build/obj_punk_t_v1_via/quantum/action_tapping.o
 .text.process_tapping
                0x1000145c      0x258 .build/obj_punk_t_v1_via/quantum/action_tapping.o
 .text.action_tapping_process
                0x100016b4       0xc0 .build/obj_punk_t_v1_via/quantum/action_tapping.o
                0x100016b4                action_tapping_process
 .text.get_oneshot_layer
                0x10001774        0xc .build/obj_punk_t_v1_via/quantum/action_util.o
                0x10001774                get_oneshot_layer
 .text.get_oneshot_layer_state
                0x10001780       0x10 .build/obj_punk_t_v1_via/quantum/action_util.o
                0x10001780                get_oneshot_layer_state
 .text.is_oneshot_layer_active
                0x10001790       0x14 .build/obj_punk_t_v1_via/quantum/action_util.o
                0x10001790                is_oneshot_layer_active
 .text.get_mods
                0x100017a4        0xc .build/obj_punk_t_v1_via/quantum/action_util.o
                0x100017a4                get_mods
 .text.add_mods
                0x100017b0       0x10 .build/obj_punk_t_v1_via/quantum/action_util.o
                0x100017b0                add_mods
 .text.del_mods
                0x100017c0       0x10 .build/obj_punk_t_v1_via/quantum/action_util.o
                0x100017c0                del_mods
 .text.clear_mods
                0x100017d0        0xc .build/obj_punk_t_v1_via/quantum/action_util.o
                0x100017d0                clear_mods
 .text.add_weak_mods
                0x100017dc       0x10 .build/obj_punk_t_v1_via/quantum/action_util.o
                0x100017dc                add_weak_mods
 .text.del_weak_mods
                0x100017ec       0x10 .build/obj_punk_t_v1_via/quantum/action_util.o
                0x100017ec                del_weak_mods
 .text.clear_weak_mods
                0x100017fc        0xc .build/obj_punk_t_v1_via/quantum/action_util.o
                0x100017fc                clear_weak_mods
 .text.oneshot_locked_mods_changed_user
                0x10001808        0x2 .build/obj_punk_t_v1_via/quantum/action_util.o
                0x10001808                oneshot_locked_mods_changed_user
 .text.oneshot_locked_mods_changed_kb
                0x1000180a        0x8 .build/obj_punk_t_v1_via/quantum/action_util.o
                0x1000180a                oneshot_locked_mods_changed_kb
 *fill*         0x10001812        0x2 
 .text.del_oneshot_locked_mods
                0x10001814       0x1c .build/obj_punk_t_v1_via/quantum/action_util.o
                0x10001814                del_oneshot_locked_mods
 .text.oneshot_mods_changed_user
                0x10001830        0x2 .build/obj_punk_t_v1_via/quantum/action_util.o
                0x10001830                oneshot_mods_changed_user
 .text.oneshot_mods_changed_kb
                0x10001832        0x8 .build/obj_punk_t_v1_via/quantum/action_util.o
                0x10001832                oneshot_mods_changed_kb
 *fill*         0x1000183a        0x2 
 .text.add_oneshot_mods
                0x1000183c       0x1c .build/obj_punk_t_v1_via/quantum/action_util.o
                0x1000183c                add_oneshot_mods
 .text.del_oneshot_mods
                0x10001858       0x1c .build/obj_punk_t_v1_via/quantum/action_util.o
                0x10001858                del_oneshot_mods
 .text.clear_oneshot_mods
                0x10001874       0x18 .build/obj_punk_t_v1_via/quantum/action_util.o
                0x10001874                clear_oneshot_mods
 .text.send_6kro_report
                0x1000188c       0x60 .build/obj_punk_t_v1_via/quantum/action_util.o
                0x1000188c                send_6kro_report
 .text.send_keyboard_report
                0x100018ec        0x8 .build/obj_punk_t_v1_via/quantum/action_util.o
                0x100018ec                send_keyboard_report
 .text.oneshot_layer_changed_user
                0x100018f4        0x2 .build/obj_punk_t_v1_via/quantum/action_util.o
                0x100018f4                oneshot_layer_changed_user
 .text.oneshot_layer_changed_kb
                0x100018f6        0x8 .build/obj_punk_t_v1_via/quantum/action_util.o
                0x100018f6                oneshot_layer_changed_kb
 *fill*         0x100018fe        0x2 
 .text.set_oneshot_layer
                0x10001900       0x30 .build/obj_punk_t_v1_via/quantum/action_util.o
                0x10001900                set_oneshot_layer
 .text.reset_oneshot_layer
                0x10001930       0x14 .build/obj_punk_t_v1_via/quantum/action_util.o
                0x10001930                reset_oneshot_layer
 .text.clear_oneshot_layer_state
                0x10001944       0x30 .build/obj_punk_t_v1_via/quantum/action_util.o
                0x10001944                clear_oneshot_layer_state
 .text.oneshot_set
                0x10001974       0x30 .build/obj_punk_t_v1_via/quantum/action_util.o
                0x10001974                oneshot_set
 .text.oneshot_toggle
                0x100019a4       0x18 .build/obj_punk_t_v1_via/quantum/action_util.o
                0x100019a4                oneshot_toggle
 .text.oneshot_enable
                0x100019bc        0xa .build/obj_punk_t_v1_via/quantum/action_util.o
                0x100019bc                oneshot_enable
 .text.oneshot_disable
                0x100019c6        0xa .build/obj_punk_t_v1_via/quantum/action_util.o
                0x100019c6                oneshot_disable
 .text.eeconfig_disable
                0x100019d0       0x18 .build/obj_punk_t_v1_via/quantum/eeconfig.o
                0x100019d0                eeconfig_disable
 .text.eeconfig_is_enabled
                0x100019e8       0x1c .build/obj_punk_t_v1_via/quantum/eeconfig.o
                0x100019e8                eeconfig_is_enabled
 .text.eeconfig_read_debug
                0x10001a04        0xa .build/obj_punk_t_v1_via/quantum/eeconfig.o
                0x10001a04                eeconfig_read_debug
 .text.eeconfig_read_default_layer
                0x10001a0e        0xa .build/obj_punk_t_v1_via/quantum/eeconfig.o
                0x10001a0e                eeconfig_read_default_layer
 .text.eeconfig_read_keymap
                0x10001a18        0xa .build/obj_punk_t_v1_via/quantum/eeconfig.o
                0x10001a18                eeconfig_read_keymap
 .text.eeconfig_update_keymap
                0x10001a22        0xc .build/obj_punk_t_v1_via/quantum/eeconfig.o
                0x10001a22                eeconfig_update_keymap
 .text.eeconfig_update_kb
                0x10001a2e        0xc .build/obj_punk_t_v1_via/quantum/eeconfig.o
                0x10001a2e                eeconfig_update_kb
 .text.eeconfig_update_user
                0x10001a3a        0xc .build/obj_punk_t_v1_via/quantum/eeconfig.o
                0x10001a3a                eeconfig_update_user
 .text.eeconfig_init_user
                0x10001a46        0xa .build/obj_punk_t_v1_via/quantum/eeconfig.o
                0x10001a46                eeconfig_init_user
 .text.eeconfig_init_kb
                0x10001a50        0xe .build/obj_punk_t_v1_via/quantum/eeconfig.o
                0x10001a50                eeconfig_init_kb
 *fill*         0x10001a5e        0x2 
 .text.eeconfig_init_quantum
                0x10001a60       0x90 .build/obj_punk_t_v1_via/quantum/eeconfig.o
                0x10001a60                eeconfig_init_quantum
 .text.eeconfig_init
                0x10001af0        0x8 .build/obj_punk_t_v1_via/quantum/eeconfig.o
                0x10001af0                eeconfig_init
 .text.eeconfig_update_handedness
                0x10001af8        0xc .build/obj_punk_t_v1_via/quantum/eeconfig.o
                0x10001af8                eeconfig_update_handedness
 .text.generate_tick_event
                0x10001b04       0x30 .build/obj_punk_t_v1_via/quantum/keyboard.o
 .text.last_matrix_activity_trigger
                0x10001b34       0x18 .build/obj_punk_t_v1_via/quantum/keyboard.o
                0x10001b34                last_matrix_activity_trigger
 .text.last_pointing_device_activity_trigger
                0x10001b4c       0x18 .build/obj_punk_t_v1_via/quantum/keyboard.o
                0x10001b4c                last_pointing_device_activity_trigger
 .text.matrix_setup
                0x10001b64        0x2 .build/obj_punk_t_v1_via/quantum/keyboard.o
                0x10001b64                matrix_setup
 .text.keyboard_pre_init_user
                0x10001b66        0x2 .build/obj_punk_t_v1_via/quantum/keyboard.o
                0x10001b66                keyboard_pre_init_user
 .text.keyboard_pre_init_kb
                0x10001b68        0x8 .build/obj_punk_t_v1_via/quantum/keyboard.o
                0x10001b68                keyboard_pre_init_kb
 .text.keyboard_post_init_user
                0x10001b70        0x2 .build/obj_punk_t_v1_via/quantum/keyboard.o
                0x10001b70                keyboard_post_init_user
 .text.keyboard_post_init_kb
                0x10001b72        0x8 .build/obj_punk_t_v1_via/quantum/keyboard.o
                0x10001b72                keyboard_post_init_kb
 .text.matrix_can_read
                0x10001b7a        0x4 .build/obj_punk_t_v1_via/quantum/keyboard.o
                0x10001b7a                matrix_can_read
 *fill*         0x10001b7e        0x2 
 .text.keyboard_setup
                0x10001b80       0x1c .build/obj_punk_t_v1_via/quantum/keyboard.o
                0x10001b80                keyboard_setup
 .text.is_keyboard_master
                0x10001b9c        0x4 .build/obj_punk_t_v1_via/quantum/keyboard.o
                0x10001b9c                is_keyboard_master
 .text.should_process_keypress
                0x10001ba0        0x8 .build/obj_punk_t_v1_via/quantum/keyboard.o
                0x10001ba0                should_process_keypress
 .text.housekeeping_task_kb
                0x10001ba8        0x2 .build/obj_punk_t_v1_via/quantum/keyboard.o
                0x10001ba8                housekeeping_task_kb
 .text.housekeeping_task_user
                0x10001baa        0x2 .build/obj_punk_t_v1_via/quantum/keyboard.o
                0x10001baa                housekeeping_task_user
 .text.housekeeping_task
                0x10001bac        0xc .build/obj_punk_t_v1_via/quantum/keyboard.o
                0x10001bac                housekeeping_task
 .text.quantum_init
                0x10001bb8       0x40 .build/obj_punk_t_v1_via/quantum/keyboard.o
                0x10001bb8                quantum_init
 .text.keyboard_init
                0x10001bf8       0x2e .build/obj_punk_t_v1_via/quantum/keyboard.o
                0x10001bf8                keyboard_init
 *fill*         0x10001c26        0x2 
 .text.keyboard_task
                0x10001c28       0xf4 .build/obj_punk_t_v1_via/quantum/keyboard.o
                0x10001c28                keyboard_task
 .text.action_for_keycode
                0x10001d1c      0x1d0 .build/obj_punk_t_v1_via/quantum/keymap_common.o
                0x10001d1c                action_for_keycode
 .text.keymap_key_to_keycode
                0x10001eec       0x20 .build/obj_punk_t_v1_via/quantum/keymap_common.o
                0x10001eec                keymap_key_to_keycode
 .text.action_for_key
                0x10001f0c       0x12 .build/obj_punk_t_v1_via/quantum/keymap_common.o
                0x10001f0c                action_for_key
 *fill*         0x10001f1e        0x2 
 .text.keycode_config
                0x10001f20      0x100 .build/obj_punk_t_v1_via/quantum/keycode_config.o
                0x10001f20                keycode_config
 .text.mod_config
                0x10002020       0x98 .build/obj_punk_t_v1_via/quantum/keycode_config.o
                0x10002020                mod_config
 .text.sendchar
                0x100020b8        0x4 .build/obj_punk_t_v1_via/quantum/logging/sendchar.o
                0x100020b8                sendchar
 .text.null_sendchar_func
                0x100020bc        0x4 .build/obj_punk_t_v1_via/quantum/logging/print.o
 .text.print_set_sendchar
                0x100020c0        0xc .build/obj_punk_t_v1_via/quantum/logging/print.o
                0x100020c0                print_set_sendchar
 .text.matrix_init_user
                0x100020cc        0x2 .build/obj_punk_t_v1_via/quantum/matrix_common.o
                0x100020cc                matrix_init_user
 .text.matrix_init_kb
                0x100020ce        0x8 .build/obj_punk_t_v1_via/quantum/matrix_common.o
                0x100020ce                matrix_init_kb
 .text.matrix_scan_user
                0x100020d6        0x2 .build/obj_punk_t_v1_via/quantum/matrix_common.o
                0x100020d6                matrix_scan_user
 .text.matrix_scan_kb
                0x100020d8        0x8 .build/obj_punk_t_v1_via/quantum/matrix_common.o
                0x100020d8                matrix_scan_kb
 .text.matrix_get_row
                0x100020e0        0xc .build/obj_punk_t_v1_via/quantum/matrix_common.o
                0x100020e0                matrix_get_row
 .text.matrix_print
                0x100020ec        0x2 .build/obj_punk_t_v1_via/quantum/matrix_common.o
                0x100020ec                matrix_print
 .text.matrix_io_delay
                0x100020ee        0xa .build/obj_punk_t_v1_via/quantum/matrix_common.o
                0x100020ee                matrix_io_delay
 .text.matrix_output_select_delay
                0x100020f8      0x184 .build/obj_punk_t_v1_via/quantum/matrix_common.o
                0x100020f8                matrix_output_select_delay
 .text.matrix_output_unselect_delay
                0x1000227c        0x8 .build/obj_punk_t_v1_via/quantum/matrix_common.o
                0x1000227c                matrix_output_unselect_delay
 .text.gpio_atomic_set_pin_input_high
                0x10002284       0x44 .build/obj_punk_t_v1_via/quantum/matrix.o
 .text.matrix_init_pins
                0x100022c8       0x38 .build/obj_punk_t_v1_via/quantum/matrix.o
                0x100022c8                matrix_init_pins
 .text.matrix_read_cols_on_row
                0x10002300       0xbc .build/obj_punk_t_v1_via/quantum/matrix.o
                0x10002300                matrix_read_cols_on_row
 .text.matrix_init
                0x100023bc       0x30 .build/obj_punk_t_v1_via/quantum/matrix.o
                0x100023bc                matrix_init
 .text.matrix_scan
                0x100023ec       0x60 .build/obj_punk_t_v1_via/quantum/matrix.o
                0x100023ec                matrix_scan
 .text.debounce_init
                0x1000244c        0x2 .build/obj_punk_t_v1_via/quantum/debounce/sym_defer_g.o
                0x1000244c                debounce_init
 *fill*         0x1000244e        0x2 
 .text.debounce
                0x10002450       0x5c .build/obj_punk_t_v1_via/quantum/debounce/sym_defer_g.o
                0x10002450                debounce
 .text.protocol_keyboard_task
                0x100024ac        0x8 .build/obj_punk_t_v1_via/quantum/main.o
                0x100024ac                protocol_keyboard_task
 .text.startup.main
                0x100024b4       0x30 .build/obj_punk_t_v1_via/quantum/main.o
                0x100024b4                main
 .text.pointing_device_handle_buttons
                0x100024e4       0x16 .build/obj_punk_t_v1_via/quantum/pointing_device/pointing_device.o
                0x100024e4                pointing_device_handle_buttons
 *fill*         0x100024fa        0x2 
 .text.pointing_device_send
                0x100024fc       0x4c .build/obj_punk_t_v1_via/quantum/pointing_device/pointing_device.o
                0x100024fc                pointing_device_send
 .text.pointing_device_get_report
                0x10002548       0x14 .build/obj_punk_t_v1_via/quantum/pointing_device/pointing_device.o
                0x10002548                pointing_device_get_report
 .text.pointing_device_set_report
                0x1000255c       0x28 .build/obj_punk_t_v1_via/quantum/pointing_device/pointing_device.o
                0x1000255c                pointing_device_set_report
 .text.pointing_device_keycode_handler
                0x10002584       0x24 .build/obj_punk_t_v1_via/quantum/pointing_device/pointing_device.o
                0x10002584                pointing_device_keycode_handler
 .text.eeprom_read_byte
                0x100025a8       0x1a .build/obj_punk_t_v1_via/eeprom_driver.o
                0x100025a8                eeprom_read_byte
 .text.eeprom_read_word
                0x100025c2       0x1a .build/obj_punk_t_v1_via/eeprom_driver.o
                0x100025c2                eeprom_read_word
 .text.eeprom_read_dword
                0x100025dc       0x14 .build/obj_punk_t_v1_via/eeprom_driver.o
                0x100025dc                eeprom_read_dword
 .text.eeprom_write_byte
                0x100025f0       0x14 .build/obj_punk_t_v1_via/eeprom_driver.o
                0x100025f0                eeprom_write_byte
 .text.eeprom_write_word
                0x10002604       0x14 .build/obj_punk_t_v1_via/eeprom_driver.o
                0x10002604                eeprom_write_word
 .text.eeprom_write_dword
                0x10002618       0x10 .build/obj_punk_t_v1_via/eeprom_driver.o
                0x10002618                eeprom_write_dword
 .text.eeprom_update_block
                0x10002628       0x3a .build/obj_punk_t_v1_via/eeprom_driver.o
                0x10002628                eeprom_update_block
 .text.eeprom_update_byte
                0x10002662       0x18 .build/obj_punk_t_v1_via/eeprom_driver.o
                0x10002662                eeprom_update_byte
 .text.eeprom_update_word
                0x1000267a       0x18 .build/obj_punk_t_v1_via/eeprom_driver.o
                0x1000267a                eeprom_update_word
 .text.eeprom_update_dword
                0x10002692       0x18 .build/obj_punk_t_v1_via/eeprom_driver.o
                0x10002692                eeprom_update_dword
 .text.eeprom_driver_init
                0x100026aa        0x8 .build/obj_punk_t_v1_via/eeprom_wear_leveling.o
                0x100026aa                eeprom_driver_init
 .text.eeprom_driver_format
                0x100026b2        0x8 .build/obj_punk_t_v1_via/eeprom_wear_leveling.o
                0x100026b2                eeprom_driver_format
 .text.eeprom_read_block
                0x100026ba        0xe .build/obj_punk_t_v1_via/eeprom_wear_leveling.o
                0x100026ba                eeprom_read_block
 .text.eeprom_write_block
                0x100026c8        0xe .build/obj_punk_t_v1_via/eeprom_wear_leveling.o
                0x100026c8                eeprom_write_block
 *fill*         0x100026d6        0x2 
 .text.wear_leveling_clear_cache
                0x100026d8       0x20 .build/obj_punk_t_v1_via/wear_leveling.o
 .text.wear_leveling_unlock
                0x100026f8       0x24 .build/obj_punk_t_v1_via/wear_leveling.o
 .text.wear_leveling_lock
                0x1000271c       0x28 .build/obj_punk_t_v1_via/wear_leveling.o
 .text.wear_leveling_erase
                0x10002744       0x2e .build/obj_punk_t_v1_via/wear_leveling.o
                0x10002744                wear_leveling_erase
 *fill*         0x10002772        0x2 
 .text.wear_leveling_read
                0x10002774       0x24 .build/obj_punk_t_v1_via/wear_leveling.o
                0x10002774                wear_leveling_read
 .text.wear_leveling_consolidate_force
                0x10002798       0x6c .build/obj_punk_t_v1_via/wear_leveling.o
 .text.wear_leveling_consolidate_if_needed
                0x10002804       0x20 .build/obj_punk_t_v1_via/wear_leveling.o
 .text.wear_leveling_append_raw
                0x10002824       0x28 .build/obj_punk_t_v1_via/wear_leveling.o
 .text.wear_leveling_write
                0x1000284c      0x160 .build/obj_punk_t_v1_via/wear_leveling.o
                0x1000284c                wear_leveling_write
 .text.wear_leveling_init
                0x100029ac      0x194 .build/obj_punk_t_v1_via/wear_leveling.o
                0x100029ac                wear_leveling_init
 .text.backing_store_init
                0x10002b40       0x1c .build/obj_punk_t_v1_via/wear_leveling_rp2040_flash.o
                0x10002b40                backing_store_init
 .text.backing_store_unlock
                0x10002b5c        0x4 .build/obj_punk_t_v1_via/wear_leveling_rp2040_flash.o
                0x10002b5c                backing_store_unlock
 .text.backing_store_erase
                0x10002b60       0x28 .build/obj_punk_t_v1_via/wear_leveling_rp2040_flash.o
                0x10002b60                backing_store_erase
 .text.backing_store_write_bulk
                0x10002b88       0x24 .build/obj_punk_t_v1_via/wear_leveling_rp2040_flash.o
                0x10002b88                backing_store_write_bulk
 .text.backing_store_write
                0x10002bac       0x12 .build/obj_punk_t_v1_via/wear_leveling_rp2040_flash.o
                0x10002bac                backing_store_write
 .text.backing_store_lock
                0x10002bbe        0x4 .build/obj_punk_t_v1_via/wear_leveling_rp2040_flash.o
                0x10002bbe                backing_store_lock
 *fill*         0x10002bc2        0x2 
 .text.backing_store_read_bulk
                0x10002bc4       0x20 .build/obj_punk_t_v1_via/wear_leveling_rp2040_flash.o
                0x10002bc4                backing_store_read_bulk
 .text.backing_store_read
                0x10002be4        0xa .build/obj_punk_t_v1_via/wear_leveling_rp2040_flash.o
                0x10002be4                backing_store_read
 .text.eeconfig_read_backlight
                0x10002bee        0xa .build/obj_punk_t_v1_via/quantum/backlight/backlight.o
                0x10002bee                eeconfig_read_backlight
 .text.eeconfig_update_backlight
                0x10002bf8        0xc .build/obj_punk_t_v1_via/quantum/backlight/backlight.o
                0x10002bf8                eeconfig_update_backlight
 .text.eeconfig_update_backlight_current
                0x10002c04       0x10 .build/obj_punk_t_v1_via/quantum/backlight/backlight.o
                0x10002c04                eeconfig_update_backlight_current
 .text.eeconfig_update_backlight_default
                0x10002c14       0x14 .build/obj_punk_t_v1_via/quantum/backlight/backlight.o
                0x10002c14                eeconfig_update_backlight_default
 .text.get_backlight_level
                0x10002c28        0xc .build/obj_punk_t_v1_via/quantum/backlight/backlight.o
                0x10002c28                get_backlight_level
 .text.backlight_enable_breathing
                0x10002c34       0x20 .build/obj_punk_t_v1_via/quantum/backlight/backlight.o
                0x10002c34                backlight_enable_breathing
 .text.backlight_disable_breathing
                0x10002c54       0x20 .build/obj_punk_t_v1_via/quantum/backlight/backlight.o
                0x10002c54                backlight_disable_breathing
 .text.backlight_toggle_breathing
                0x10002c74       0x1c .build/obj_punk_t_v1_via/quantum/backlight/backlight.o
                0x10002c74                backlight_toggle_breathing
 .text.is_backlight_breathing
                0x10002c90       0x10 .build/obj_punk_t_v1_via/quantum/backlight/backlight.o
                0x10002c90                is_backlight_breathing
 .text.get_breathing_period
                0x10002ca0        0xc .build/obj_punk_t_v1_via/quantum/backlight/backlight.o
                0x10002ca0                get_breathing_period
 .text.backlight_init
                0x10002cac       0x3c .build/obj_punk_t_v1_via/quantum/backlight/backlight.o
                0x10002cac                backlight_init
 .text.backlight_increase
                0x10002ce8       0x38 .build/obj_punk_t_v1_via/quantum/backlight/backlight.o
                0x10002ce8                backlight_increase
 .text.backlight_decrease
                0x10002d20       0x30 .build/obj_punk_t_v1_via/quantum/backlight/backlight.o
                0x10002d20                backlight_decrease
 .text.backlight_enable
                0x10002d50       0x2c .build/obj_punk_t_v1_via/quantum/backlight/backlight.o
                0x10002d50                backlight_enable
 .text.backlight_disable
                0x10002d7c       0x20 .build/obj_punk_t_v1_via/quantum/backlight/backlight.o
                0x10002d7c                backlight_disable
 .text.backlight_toggle
                0x10002d9c       0x1c .build/obj_punk_t_v1_via/quantum/backlight/backlight.o
                0x10002d9c                backlight_toggle
 .text.backlight_step
                0x10002db8       0x40 .build/obj_punk_t_v1_via/quantum/backlight/backlight.o
                0x10002db8                backlight_step
 .text.backlight_level_noeeprom
                0x10002df8       0x34 .build/obj_punk_t_v1_via/quantum/backlight/backlight.o
                0x10002df8                backlight_level_noeeprom
 .text.backlight_level
                0x10002e2c       0x14 .build/obj_punk_t_v1_via/quantum/backlight/backlight.o
                0x10002e2c                backlight_level
 .text.process_backlight
                0x10002e40       0x54 .build/obj_punk_t_v1_via/quantum/process_keycode/process_backlight.o
                0x10002e40                process_backlight
 .text.port_lock
                0x10002e94       0x16 .build/obj_punk_t_v1_via/platforms/chibios/drivers/backlight_pwm.o
 .text.port_unlock
                0x10002eaa       0x12 .build/obj_punk_t_v1_via/platforms/chibios/drivers/backlight_pwm.o
 .text.breathing_callback
                0x10002ebc       0xb0 .build/obj_punk_t_v1_via/platforms/chibios/drivers/backlight_pwm.o
 .text.backlight_set
                0x10002f6c       0x64 .build/obj_punk_t_v1_via/platforms/chibios/drivers/backlight_pwm.o
                0x10002f6c                backlight_set
 .text.backlight_task
                0x10002fd0        0x2 .build/obj_punk_t_v1_via/platforms/chibios/drivers/backlight_pwm.o
                0x10002fd0                backlight_task
 *fill*         0x10002fd2        0x2 
 .text.breathing_enable
                0x10002fd4       0x34 .build/obj_punk_t_v1_via/platforms/chibios/drivers/backlight_pwm.o
                0x10002fd4                breathing_enable
 .text.backlight_init_ports
                0x10003008       0x54 .build/obj_punk_t_v1_via/platforms/chibios/drivers/backlight_pwm.o
                0x10003008                backlight_init_ports
 .text.breathing_disable
                0x1000305c       0x24 .build/obj_punk_t_v1_via/platforms/chibios/drivers/backlight_pwm.o
                0x1000305c                breathing_disable
 .text.fnv_64a_buf
                0x10003080       0x7a .build/obj_punk_t_v1_via/hash_64a.o
                0x10003080                fnv_64a_buf
 .text.oled_send_cmd
                0x100030fa       0x16 .build/obj_punk_t_v1_via/oled_driver.o
                0x100030fa                oled_send_cmd
 .text.oled_send_cmd_P
                0x10003110        0x8 .build/obj_punk_t_v1_via/oled_driver.o
                0x10003110                oled_send_cmd_P
 .text.oled_send_data
                0x10003118       0x1a .build/obj_punk_t_v1_via/oled_driver.o
                0x10003118                oled_send_data
 .text.oled_driver_init
                0x10003132        0x8 .build/obj_punk_t_v1_via/oled_driver.o
                0x10003132                oled_driver_init
 .text.oled_init_kb
                0x1000313a        0x2 .build/obj_punk_t_v1_via/oled_driver.o
                0x1000313a                oled_init_kb
 .text.oled_init_user
                0x1000313c        0x2 .build/obj_punk_t_v1_via/oled_driver.o
                0x1000313c                oled_init_user
 *fill*         0x1000313e        0x2 
 .text.oled_clear
                0x10003140       0x2c .build/obj_punk_t_v1_via/oled_driver.o
                0x10003140                oled_clear
 .text.oled_init
                0x1000316c       0xa0 .build/obj_punk_t_v1_via/oled_driver.o
                0x1000316c                oled_init
 .text.oled_set_cursor
                0x1000320c       0x30 .build/obj_punk_t_v1_via/oled_driver.o
                0x1000320c                oled_set_cursor
 .text.oled_on  0x1000323c       0x48 .build/obj_punk_t_v1_via/oled_driver.o
                0x1000323c                oled_on
 .text.oled_render_dirty
                0x10003284      0x160 .build/obj_punk_t_v1_via/oled_driver.o
                0x10003284                oled_render_dirty
 .text.oled_off
                0x100033e4       0x3c .build/obj_punk_t_v1_via/oled_driver.o
                0x100033e4                oled_off
 .text.oled_task_user
                0x10003420        0x4 .build/obj_punk_t_v1_via/oled_driver.o
                0x10003420                oled_task_user
 .text.oled_task_kb
                0x10003424        0x8 .build/obj_punk_t_v1_via/oled_driver.o
                0x10003424                oled_task_kb
 .text.oled_task
                0x1000342c       0x4c .build/obj_punk_t_v1_via/oled_driver.o
                0x1000342c                oled_task
 .text.bootmagic_reset_eeprom
                0x10003478        0x8 .build/obj_punk_t_v1_via/quantum/bootmagic/bootmagic.o
                0x10003478                bootmagic_reset_eeprom
 .text.bootmagic_should_reset
                0x10003480        0xe .build/obj_punk_t_v1_via/quantum/bootmagic/bootmagic.o
                0x10003480                bootmagic_should_reset
 *fill*         0x1000348e        0x2 
 .text.bootmagic_scan
                0x10003490       0x28 .build/obj_punk_t_v1_via/quantum/bootmagic/bootmagic.o
                0x10003490                bootmagic_scan
 .text.bootmagic
                0x100034b8        0x8 .build/obj_punk_t_v1_via/quantum/bootmagic/bootmagic.o
                0x100034b8                bootmagic
 .text.dynamic_keymap_get_layer_count
                0x100034c0        0x4 .build/obj_punk_t_v1_via/quantum/dynamic_keymap.o
                0x100034c0                dynamic_keymap_get_layer_count
 .text.dynamic_keymap_key_to_eeprom_address
                0x100034c4       0x12 .build/obj_punk_t_v1_via/quantum/dynamic_keymap.o
                0x100034c4                dynamic_keymap_key_to_eeprom_address
 .text.dynamic_keymap_get_keycode
                0x100034d6       0x2c .build/obj_punk_t_v1_via/quantum/dynamic_keymap.o
                0x100034d6                dynamic_keymap_get_keycode
 .text.dynamic_keymap_set_keycode
                0x10003502       0x26 .build/obj_punk_t_v1_via/quantum/dynamic_keymap.o
                0x10003502                dynamic_keymap_set_keycode
 .text.dynamic_keymap_reset
                0x10003528       0x3c .build/obj_punk_t_v1_via/quantum/dynamic_keymap.o
                0x10003528                dynamic_keymap_reset
 .text.dynamic_keymap_get_buffer
                0x10003564       0x2c .build/obj_punk_t_v1_via/quantum/dynamic_keymap.o
                0x10003564                dynamic_keymap_get_buffer
 .text.dynamic_keymap_set_buffer
                0x10003590       0x2a .build/obj_punk_t_v1_via/quantum/dynamic_keymap.o
                0x10003590                dynamic_keymap_set_buffer
 .text.keycode_at_keymap_location
                0x100035ba       0x1a .build/obj_punk_t_v1_via/quantum/dynamic_keymap.o
                0x100035ba                keycode_at_keymap_location
 .text.dynamic_keymap_macro_get_count
                0x100035d4        0x4 .build/obj_punk_t_v1_via/quantum/dynamic_keymap.o
                0x100035d4                dynamic_keymap_macro_get_count
 .text.dynamic_keymap_macro_get_buffer_size
                0x100035d8        0x8 .build/obj_punk_t_v1_via/quantum/dynamic_keymap.o
                0x100035d8                dynamic_keymap_macro_get_buffer_size
 .text.dynamic_keymap_macro_get_buffer
                0x100035e0       0x34 .build/obj_punk_t_v1_via/quantum/dynamic_keymap.o
                0x100035e0                dynamic_keymap_macro_get_buffer
 .text.dynamic_keymap_macro_set_buffer
                0x10003614       0x30 .build/obj_punk_t_v1_via/quantum/dynamic_keymap.o
                0x10003614                dynamic_keymap_macro_set_buffer
 .text.dynamic_keymap_macro_reset
                0x10003644       0x1a .build/obj_punk_t_v1_via/quantum/dynamic_keymap.o
                0x10003644                dynamic_keymap_macro_reset
 *fill*         0x1000365e        0x2 
 .text.dynamic_keymap_macro_send
                0x10003660       0xb8 .build/obj_punk_t_v1_via/quantum/dynamic_keymap.o
                0x10003660                dynamic_keymap_macro_send
 .text.process_grave_esc
                0x10003718       0x54 .build/obj_punk_t_v1_via/quantum/process_keycode/process_grave_esc.o
                0x10003718                process_grave_esc
 .text.process_magic
                0x1000376c      0x1b8 .build/obj_punk_t_v1_via/quantum/process_keycode/process_magic.o
                0x1000376c                process_magic
 .text.times_inv_sqrt2
                0x10003924       0x22 .build/obj_punk_t_v1_via/quantum/mousekey.o
 *fill*         0x10003946        0x2 
 .text.move_unit
                0x10003948       0x6c .build/obj_punk_t_v1_via/quantum/mousekey.o
 .text.wheel_unit
                0x100039b4       0x68 .build/obj_punk_t_v1_via/quantum/mousekey.o
 .text.mousekey_on
                0x10003a1c       0xac .build/obj_punk_t_v1_via/quantum/mousekey.o
                0x10003a1c                mousekey_on
 .text.mousekey_off
                0x10003ac8       0xe8 .build/obj_punk_t_v1_via/quantum/mousekey.o
                0x10003ac8                mousekey_off
 .text.mousekey_send
                0x10003bb0       0x34 .build/obj_punk_t_v1_via/quantum/mousekey.o
                0x10003bb0                mousekey_send
 .text.mousekey_clear
                0x10003be4       0x2c .build/obj_punk_t_v1_via/quantum/mousekey.o
                0x10003be4                mousekey_clear
 .text.should_mousekey_report_send
                0x10003c10       0x26 .build/obj_punk_t_v1_via/quantum/mousekey.o
                0x10003c10                should_mousekey_report_send
 *fill*         0x10003c36        0x2 
 .text.mousekey_task
                0x10003c38      0x1a4 .build/obj_punk_t_v1_via/quantum/mousekey.o
                0x10003c38                mousekey_task
 .text.send_char_with_delay
                0x10003ddc      0x21c .build/obj_punk_t_v1_via/quantum/send_string/send_string.o
                0x10003ddc                send_char_with_delay
 .text.send_string_with_delay
                0x10003ff8       0xd8 .build/obj_punk_t_v1_via/quantum/send_string/send_string.o
                0x10003ff8                send_string_with_delay
 .text.perform_space_cadet
                0x100040d0       0xc4 .build/obj_punk_t_v1_via/quantum/process_keycode/process_space_cadet.o
                0x100040d0                perform_space_cadet
 .text.process_space_cadet
                0x10004194       0xa8 .build/obj_punk_t_v1_via/quantum/process_keycode/process_space_cadet.o
                0x10004194                process_space_cadet
 .text.process_tri_layer
                0x1000423c       0x64 .build/obj_punk_t_v1_via/quantum/process_keycode/process_tri_layer.o
                0x1000423c                process_tri_layer
 .text.get_tri_layer_lower_layer
                0x100042a0        0xc .build/obj_punk_t_v1_via/quantum/tri_layer.o
                0x100042a0                get_tri_layer_lower_layer
 .text.get_tri_layer_upper_layer
                0x100042ac        0xc .build/obj_punk_t_v1_via/quantum/tri_layer.o
                0x100042ac                get_tri_layer_upper_layer
 .text.get_tri_layer_adjust_layer
                0x100042b8        0xc .build/obj_punk_t_v1_via/quantum/tri_layer.o
                0x100042b8                get_tri_layer_adjust_layer
 .text.via_eeprom_is_valid
                0x100042c4       0x26 .build/obj_punk_t_v1_via/quantum/via.o
                0x100042c4                via_eeprom_is_valid
 .text.via_eeprom_set_valid
                0x100042ea       0x30 .build/obj_punk_t_v1_via/quantum/via.o
                0x100042ea                via_eeprom_set_valid
 .text.via_init_kb
                0x1000431a        0x2 .build/obj_punk_t_v1_via/quantum/via.o
                0x1000431a                via_init_kb
 .text.via_get_layout_options
                0x1000431c        0xa .build/obj_punk_t_v1_via/quantum/via.o
                0x1000431c                via_get_layout_options
 .text.via_set_layout_options_kb
                0x10004326        0x2 .build/obj_punk_t_v1_via/quantum/via.o
                0x10004326                via_set_layout_options_kb
 .text.via_set_layout_options
                0x10004328       0x12 .build/obj_punk_t_v1_via/quantum/via.o
                0x10004328                via_set_layout_options
 .text.eeconfig_init_via
                0x1000433a       0x1e .build/obj_punk_t_v1_via/quantum/via.o
                0x1000433a                eeconfig_init_via
 .text.via_init
                0x10004358       0x1c .build/obj_punk_t_v1_via/quantum/via.o
                0x10004358                via_init
 .text.via_set_device_indication
                0x10004374        0x8 .build/obj_punk_t_v1_via/quantum/via.o
                0x10004374                via_set_device_indication
 .text.process_record_via
                0x1000437c       0x24 .build/obj_punk_t_v1_via/quantum/via.o
                0x1000437c                process_record_via
 .text.via_custom_value_command_kb
                0x100043a0        0x6 .build/obj_punk_t_v1_via/quantum/via.o
                0x100043a0                via_custom_value_command_kb
 .text.via_command_kb
                0x100043a6        0x4 .build/obj_punk_t_v1_via/quantum/via.o
                0x100043a6                via_command_kb
 .text.via_qmk_backlight_get_value
                0x100043aa       0x28 .build/obj_punk_t_v1_via/quantum/via.o
                0x100043aa                via_qmk_backlight_get_value
 .text.via_qmk_backlight_set_value
                0x100043d2       0x34 .build/obj_punk_t_v1_via/quantum/via.o
                0x100043d2                via_qmk_backlight_set_value
 .text.via_qmk_backlight_command
                0x10004406       0x2c .build/obj_punk_t_v1_via/quantum/via.o
                0x10004406                via_qmk_backlight_command
 .text.via_custom_value_command
                0x10004432       0x14 .build/obj_punk_t_v1_via/quantum/via.o
                0x10004432                via_custom_value_command
 .text.raw_hid_receive
                0x10004446      0x170 .build/obj_punk_t_v1_via/quantum/via.o
                0x10004446                raw_hid_receive
 *fill*         0x100045b6        0x2 
 .text.host_set_driver
                0x100045b8        0xc .build/obj_punk_t_v1_via/protocol/host.o
                0x100045b8                host_set_driver
 .text.host_keyboard_leds
                0x100045c4       0x14 .build/obj_punk_t_v1_via/protocol/host.o
                0x100045c4                host_keyboard_leds
 .text.host_keyboard_send
                0x100045d8       0x14 .build/obj_punk_t_v1_via/protocol/host.o
                0x100045d8                host_keyboard_send
 .text.host_mouse_send
                0x100045ec       0x18 .build/obj_punk_t_v1_via/protocol/host.o
                0x100045ec                host_mouse_send
 .text.host_system_send
                0x10004604       0x34 .build/obj_punk_t_v1_via/protocol/host.o
                0x10004604                host_system_send
 .text.host_consumer_send
                0x10004638       0x34 .build/obj_punk_t_v1_via/protocol/host.o
                0x10004638                host_consumer_send
 .text.has_anykey
                0x1000466c       0x20 .build/obj_punk_t_v1_via/protocol/report.o
                0x1000466c                has_anykey
 .text.is_key_pressed
                0x1000468c       0x24 .build/obj_punk_t_v1_via/protocol/report.o
                0x1000468c                is_key_pressed
 .text.add_key_byte
                0x100046b0       0x2a .build/obj_punk_t_v1_via/protocol/report.o
                0x100046b0                add_key_byte
 .text.del_key_byte
                0x100046da       0x18 .build/obj_punk_t_v1_via/protocol/report.o
                0x100046da                del_key_byte
 *fill*         0x100046f2        0x2 
 .text.add_key_to_report
                0x100046f4       0x14 .build/obj_punk_t_v1_via/protocol/report.o
                0x100046f4                add_key_to_report
 .text.del_key_from_report
                0x10004708       0x14 .build/obj_punk_t_v1_via/protocol/report.o
                0x10004708                del_key_from_report
 .text.clear_keys_from_report
                0x1000471c       0x18 .build/obj_punk_t_v1_via/protocol/report.o
                0x1000471c                clear_keys_from_report
 .text.has_mouse_report_changed
                0x10004734       0x58 .build/obj_punk_t_v1_via/protocol/report.o
                0x10004734                has_mouse_report_changed
 .text.notify_usb_device_state_change_user
                0x1000478c        0x2 .build/obj_punk_t_v1_via/protocol/usb_device_state.o
                0x1000478c                notify_usb_device_state_change_user
 .text.notify_usb_device_state_change_kb
                0x1000478e        0x8 .build/obj_punk_t_v1_via/protocol/usb_device_state.o
                0x1000478e                notify_usb_device_state_change_kb
 *fill*         0x10004796        0x2 
 .text.usb_device_state_set_configuration
                0x10004798       0x14 .build/obj_punk_t_v1_via/protocol/usb_device_state.o
                0x10004798                usb_device_state_set_configuration
 .text.usb_device_state_set_suspend
                0x100047ac       0x14 .build/obj_punk_t_v1_via/protocol/usb_device_state.o
                0x100047ac                usb_device_state_set_suspend
 .text.usb_device_state_set_resume
                0x100047c0        0x8 .build/obj_punk_t_v1_via/protocol/usb_device_state.o
                0x100047c0                usb_device_state_set_resume
 .text.usb_device_state_set_reset
                0x100047c8       0x14 .build/obj_punk_t_v1_via/protocol/usb_device_state.o
                0x100047c8                usb_device_state_set_reset
 .text.usb_device_state_init
                0x100047dc        0x8 .build/obj_punk_t_v1_via/protocol/usb_device_state.o
                0x100047dc                usb_device_state_init
 .text.matrix_power_up
                0x100047e4        0x2 .build/obj_punk_t_v1_via/platforms/suspend.o
                0x100047e4                matrix_power_up
 .text.matrix_power_down
                0x100047e6        0x2 .build/obj_punk_t_v1_via/platforms/suspend.o
                0x100047e6                matrix_power_down
 .text.suspend_power_down_user
                0x100047e8        0x2 .build/obj_punk_t_v1_via/platforms/suspend.o
                0x100047e8                suspend_power_down_user
 .text.suspend_power_down_kb
                0x100047ea        0x8 .build/obj_punk_t_v1_via/platforms/suspend.o
                0x100047ea                suspend_power_down_kb
 .text.suspend_wakeup_init_user
                0x100047f2        0x2 .build/obj_punk_t_v1_via/platforms/suspend.o
                0x100047f2                suspend_wakeup_init_user
 .text.suspend_wakeup_init_kb
                0x100047f4        0x8 .build/obj_punk_t_v1_via/platforms/suspend.o
                0x100047f4                suspend_wakeup_init_kb
 .text.suspend_wakeup_condition
                0x100047fc       0x28 .build/obj_punk_t_v1_via/platforms/suspend.o
                0x100047fc                suspend_wakeup_condition
 .text.platform_setup
                0x10004824        0xc .build/obj_punk_t_v1_via/platforms/chibios/platform.o
                0x10004824                platform_setup
 .text.suspend_power_down
                0x10004830       0x14 .build/obj_punk_t_v1_via/platforms/chibios/suspend.o
                0x10004830                suspend_power_down
 .text.suspend_wakeup_init
                0x10004844       0x24 .build/obj_punk_t_v1_via/platforms/chibios/suspend.o
                0x10004844                suspend_wakeup_init
 .text.timer_clear
                0x10004868       0x40 .build/obj_punk_t_v1_via/platforms/chibios/timer.o
                0x10004868                timer_clear
 .text.timer_init
                0x100048a8        0x8 .build/obj_punk_t_v1_via/platforms/chibios/timer.o
                0x100048a8                timer_init
 .text.timer_read32
                0x100048b0       0x90 .build/obj_punk_t_v1_via/platforms/chibios/timer.o
                0x100048b0                timer_read32
 .text.timer_read
                0x10004940        0xa .build/obj_punk_t_v1_via/platforms/chibios/timer.o
                0x10004940                timer_read
 .text.timer_elapsed
                0x1000494a        0xe .build/obj_punk_t_v1_via/platforms/chibios/timer.o
                0x1000494a                timer_elapsed
 .text.timer_elapsed32
                0x10004958        0xc .build/obj_punk_t_v1_via/platforms/chibios/timer.o
                0x10004958                timer_elapsed32
 .text.mcu_reset
                0x10004964       0x1c .build/obj_punk_t_v1_via/platforms/chibios/bootloaders/rp2040.o
                0x10004964                mcu_reset
 .text.bootloader_jump
                0x10004980       0x18 .build/obj_punk_t_v1_via/platforms/chibios/bootloaders/rp2040.o
                0x10004980                bootloader_jump
 .text.__late_init
                0x10004998       0x40 .build/obj_punk_t_v1_via/platforms/chibios/bootloaders/rp2040.o
                0x10004998                __late_init
 .text.i2c_epilogue
                0x100049d8       0x20 .build/obj_punk_t_v1_via/i2c_master.a(i2c_master.o)
 .text.i2c_init
                0x100049f8       0x54 .build/obj_punk_t_v1_via/i2c_master.a(i2c_master.o)
                0x100049f8                i2c_init
 .text.i2c_transmit
                0x10004a4c       0x64 .build/obj_punk_t_v1_via/i2c_master.a(i2c_master.o)
                0x10004a4c                i2c_transmit
 .text.i2c_write_register
                0x10004ab0       0x90 .build/obj_punk_t_v1_via/i2c_master.a(i2c_master.o)
                0x10004ab0                i2c_write_register
 .text.i2c_read_register
                0x10004b40       0x70 .build/obj_punk_t_v1_via/i2c_master.a(i2c_master.o)
                0x10004b40                i2c_read_register
 .text.port_lock
                0x10004bb0       0x16 .build/obj_punk_t_v1_via/protocol/chibios/usb_main.o
 *fill*         0x10004bc6        0x2 
 .text.usb_requests_hook_cb
                0x10004bc8      0x114 .build/obj_punk_t_v1_via/protocol/chibios/usb_main.o
 .text.usb_get_descriptor_cb
                0x10004cdc       0x3c .build/obj_punk_t_v1_via/protocol/chibios/usb_main.o
 .text.set_led_transfer_cb
                0x10004d18       0x30 .build/obj_punk_t_v1_via/protocol/chibios/usb_main.o
 .text.usb_event_queue_enqueue.isra.0
                0x10004d48       0x28 .build/obj_punk_t_v1_via/protocol/chibios/usb_main.o
 .text.usb_event_cb
                0x10004d70       0xcc .build/obj_punk_t_v1_via/protocol/chibios/usb_main.o
 .text.usb_event_queue_init
                0x10004e3c       0x24 .build/obj_punk_t_v1_via/protocol/chibios/usb_main.o
                0x10004e3c                usb_event_queue_init
 .text.usb_event_queue_task
                0x10004e60       0xa4 .build/obj_punk_t_v1_via/protocol/chibios/usb_main.o
                0x10004e60                usb_event_queue_task
 .text.init_usb_driver
                0x10004f04       0x84 .build/obj_punk_t_v1_via/protocol/chibios/usb_main.o
                0x10004f04                init_usb_driver
 .text.keyboard_leds
                0x10004f88        0xc .build/obj_punk_t_v1_via/protocol/chibios/usb_main.o
                0x10004f88                keyboard_leds
 .text.send_report
                0x10004f94       0x20 .build/obj_punk_t_v1_via/protocol/chibios/usb_main.o
                0x10004f94                send_report
 .text.send_keyboard
                0x10004fb4        0xe .build/obj_punk_t_v1_via/protocol/chibios/usb_main.o
                0x10004fb4                send_keyboard
 .text.send_nkro
                0x10004fc2        0x2 .build/obj_punk_t_v1_via/protocol/chibios/usb_main.o
                0x10004fc2                send_nkro
 .text.send_mouse
                0x10004fc4        0xe .build/obj_punk_t_v1_via/protocol/chibios/usb_main.o
                0x10004fc4                send_mouse
 .text.send_extra
                0x10004fd2        0xe .build/obj_punk_t_v1_via/protocol/chibios/usb_main.o
                0x10004fd2                send_extra
 .text.raw_hid_send
                0x10004fe0       0x12 .build/obj_punk_t_v1_via/protocol/chibios/usb_main.o
                0x10004fe0                raw_hid_send
 *fill*         0x10004ff2        0x2 
 .text.raw_hid_task
                0x10004ff4       0x28 .build/obj_punk_t_v1_via/protocol/chibios/usb_main.o
                0x10004ff4                raw_hid_task
 .text.early_hardware_init_pre
                0x1000501c        0x2 .build/obj_punk_t_v1_via/protocol/chibios/chibios.o
                0x1000501c                early_hardware_init_pre
 .text.early_hardware_init_post
                0x1000501e        0x2 .build/obj_punk_t_v1_via/protocol/chibios/chibios.o
                0x1000501e                early_hardware_init_post
 .text.__early_init
                0x10005020       0x10 .build/obj_punk_t_v1_via/protocol/chibios/chibios.o
                0x10005020                __early_init
 .text.boardInit
                0x10005030        0xc .build/obj_punk_t_v1_via/protocol/chibios/chibios.o
                0x10005030                boardInit
 .text.protocol_setup
                0x1000503c        0x8 .build/obj_punk_t_v1_via/protocol/chibios/chibios.o
                0x1000503c                protocol_setup
 .text.protocol_pre_init
                0x10005044       0x2c .build/obj_punk_t_v1_via/protocol/chibios/chibios.o
                0x10005044                protocol_pre_init
 .text.protocol_post_init
                0x10005070       0x10 .build/obj_punk_t_v1_via/protocol/chibios/chibios.o
                0x10005070                protocol_post_init
 .text.protocol_pre_task
                0x10005080       0x3c .build/obj_punk_t_v1_via/protocol/chibios/chibios.o
                0x10005080                protocol_pre_task
 .text.protocol_post_task
                0x100050bc        0x8 .build/obj_punk_t_v1_via/protocol/chibios/chibios.o
                0x100050bc                protocol_post_task
 .text.get_usb_descriptor
                0x100050c4       0x80 .build/obj_punk_t_v1_via/usb_descriptor.o
                0x100050c4                get_usb_descriptor
 .text.port_lock
                0x10005144       0x16 .build/obj_punk_t_v1_via/protocol/chibios/usb_driver.o
 .text.port_unlock
                0x1000515a       0x12 .build/obj_punk_t_v1_via/protocol/chibios/usb_driver.o
 .text.obnotify
                0x1000516c       0x34 .build/obj_punk_t_v1_via/protocol/chibios/usb_driver.o
 .text.usb_start_receive
                0x100051a0       0x32 .build/obj_punk_t_v1_via/protocol/chibios/usb_driver.o
 .text.ibnotify
                0x100051d2        0xa .build/obj_punk_t_v1_via/protocol/chibios/usb_driver.o
 .text.usb_endpoint_in_init
                0x100051dc       0x2c .build/obj_punk_t_v1_via/protocol/chibios/usb_driver.o
                0x100051dc                usb_endpoint_in_init
 .text.usb_endpoint_out_init
                0x10005208       0x28 .build/obj_punk_t_v1_via/protocol/chibios/usb_driver.o
                0x10005208                usb_endpoint_out_init
 .text.usb_endpoint_in_start
                0x10005230       0x24 .build/obj_punk_t_v1_via/protocol/chibios/usb_driver.o
                0x10005230                usb_endpoint_in_start
 .text.usb_endpoint_out_start
                0x10005254       0x22 .build/obj_punk_t_v1_via/protocol/chibios/usb_driver.o
                0x10005254                usb_endpoint_out_start
 .text.usb_endpoint_in_suspend_cb
                0x10005276       0x26 .build/obj_punk_t_v1_via/protocol/chibios/usb_driver.o
                0x10005276                usb_endpoint_in_suspend_cb
 .text.usb_endpoint_out_suspend_cb
                0x1000529c       0x18 .build/obj_punk_t_v1_via/protocol/chibios/usb_driver.o
                0x1000529c                usb_endpoint_out_suspend_cb
 .text.usb_endpoint_in_wakeup_cb
                0x100052b4        0x6 .build/obj_punk_t_v1_via/protocol/chibios/usb_driver.o
                0x100052b4                usb_endpoint_in_wakeup_cb
 .text.usb_endpoint_out_wakeup_cb
                0x100052ba        0x6 .build/obj_punk_t_v1_via/protocol/chibios/usb_driver.o
                0x100052ba                usb_endpoint_out_wakeup_cb
 .text.usb_endpoint_in_configure_cb
                0x100052c0       0x20 .build/obj_punk_t_v1_via/protocol/chibios/usb_driver.o
                0x100052c0                usb_endpoint_in_configure_cb
 .text.usb_endpoint_out_configure_cb
                0x100052e0       0x26 .build/obj_punk_t_v1_via/protocol/chibios/usb_driver.o
                0x100052e0                usb_endpoint_out_configure_cb
 .text.usb_endpoint_in_tx_complete_cb
                0x10005306       0xa4 .build/obj_punk_t_v1_via/protocol/chibios/usb_driver.o
                0x10005306                usb_endpoint_in_tx_complete_cb
 .text.usb_endpoint_out_rx_complete_cb
                0x100053aa       0x4c .build/obj_punk_t_v1_via/protocol/chibios/usb_driver.o
                0x100053aa                usb_endpoint_out_rx_complete_cb
 .text.usb_endpoint_in_send
                0x100053f6       0x90 .build/obj_punk_t_v1_via/protocol/chibios/usb_driver.o
                0x100053f6                usb_endpoint_in_send
 .text.usb_endpoint_in_is_inactive
                0x10005486       0x32 .build/obj_punk_t_v1_via/protocol/chibios/usb_driver.o
                0x10005486                usb_endpoint_in_is_inactive
 .text.usb_endpoint_out_receive
                0x100054b8       0x50 .build/obj_punk_t_v1_via/protocol/chibios/usb_driver.o
                0x100054b8                usb_endpoint_out_receive
 .text.port_lock
                0x10005508       0x16 .build/obj_punk_t_v1_via/protocol/chibios/usb_report_handling.o
 .text.port_unlock
                0x1000551e       0x12 .build/obj_punk_t_v1_via/protocol/chibios/usb_report_handling.o
 .text.usb_set_report
                0x10005530       0x24 .build/obj_punk_t_v1_via/protocol/chibios/usb_report_handling.o
                0x10005530                usb_set_report
 .text.usb_get_report
                0x10005554       0x1a .build/obj_punk_t_v1_via/protocol/chibios/usb_report_handling.o
                0x10005554                usb_get_report
 .text.usb_reset_report
                0x1000556e       0x20 .build/obj_punk_t_v1_via/protocol/chibios/usb_report_handling.o
                0x1000556e                usb_reset_report
 .text.usb_shared_set_report
                0x1000558e       0x2c .build/obj_punk_t_v1_via/protocol/chibios/usb_report_handling.o
                0x1000558e                usb_shared_set_report
 .text.usb_shared_get_report
                0x100055ba       0x20 .build/obj_punk_t_v1_via/protocol/chibios/usb_report_handling.o
                0x100055ba                usb_shared_get_report
 .text.usb_shared_reset_report
                0x100055da       0x2a .build/obj_punk_t_v1_via/protocol/chibios/usb_report_handling.o
                0x100055da                usb_shared_reset_report
 .text.usb_get_report_cb
                0x10005604       0x5c .build/obj_punk_t_v1_via/protocol/chibios/usb_report_handling.o
                0x10005604                usb_get_report_cb
 .text.usb_set_idle_rate
                0x10005660       0x1c .build/obj_punk_t_v1_via/protocol/chibios/usb_report_handling.o
                0x10005660                usb_set_idle_rate
 .text.usb_get_idle_rate
                0x1000567c        0xe .build/obj_punk_t_v1_via/protocol/chibios/usb_report_handling.o
                0x1000567c                usb_get_idle_rate
 *fill*         0x1000568a        0x2 
 .text.usb_idle_timer_elapsed
                0x1000568c       0x54 .build/obj_punk_t_v1_via/protocol/chibios/usb_report_handling.o
                0x1000568c                usb_idle_timer_elapsed
 .text.usb_shared_set_idle_rate
                0x100056e0       0x24 .build/obj_punk_t_v1_via/protocol/chibios/usb_report_handling.o
                0x100056e0                usb_shared_set_idle_rate
 .text.usb_shared_get_idle_rate
                0x10005704       0x18 .build/obj_punk_t_v1_via/protocol/chibios/usb_report_handling.o
                0x10005704                usb_shared_get_idle_rate
 .text.usb_shared_idle_timer_elapsed
                0x1000571c       0x5c .build/obj_punk_t_v1_via/protocol/chibios/usb_report_handling.o
                0x1000571c                usb_shared_idle_timer_elapsed
 .text.usb_idle_task
                0x10005778       0xf8 .build/obj_punk_t_v1_via/protocol/chibios/usb_report_handling.o
                0x10005778                usb_idle_task
 .text.usb_get_idle_cb
                0x10005870       0x58 .build/obj_punk_t_v1_via/protocol/chibios/usb_report_handling.o
                0x10005870                usb_get_idle_cb
 .text.usb_set_idle_cb
                0x100058c8       0x50 .build/obj_punk_t_v1_via/protocol/chibios/usb_report_handling.o
                0x100058c8                usb_set_idle_cb
 .text.__cpu_init
                0x10005918        0x2 .build/obj_punk_t_v1_via/lib/chibios/os/common/startup/ARMCMx/compilers/GCC/crt1.o
                0x10005918                __cpu_init
 .text.__default_exit
                0x1000591a        0x2 .build/obj_punk_t_v1_via/lib/chibios/os/common/startup/ARMCMx/compilers/GCC/crt1.o
                0x1000591a                __default_exit
 .text.__init_ram_areas
                0x1000591c       0x54 .build/obj_punk_t_v1_via/lib/chibios/os/common/startup/ARMCMx/compilers/GCC/crt1.o
                0x1000591c                __init_ram_areas
 .text.chSysInit
                0x10005970       0x40 .build/obj_punk_t_v1_via/lib/chibios/os/rt/src/chsys.o
                0x10005970                chSysInit
 .text.chSysHalt
                0x100059b0       0x24 .build/obj_punk_t_v1_via/lib/chibios/os/rt/src/chsys.o
                0x100059b0                chSysHalt
 .text.chSysTimerHandlerI
                0x100059d4        0x8 .build/obj_punk_t_v1_via/lib/chibios/os/rt/src/chsys.o
                0x100059d4                chSysTimerHandlerI
 .text.chSysPolledDelayX
                0x100059dc       0x14 .build/obj_punk_t_v1_via/lib/chibios/os/rt/src/chsys.o
                0x100059dc                chSysPolledDelayX
 .text.chRFCUCollectFaultsI
                0x100059f0       0x10 .build/obj_punk_t_v1_via/lib/chibios/os/rt/src/chrfcu.o
                0x100059f0                chRFCUCollectFaultsI
 .text.ch_dlist_insert
                0x10005a00       0x2a .build/obj_punk_t_v1_via/lib/chibios/os/rt/src/chvt.o
 *fill*         0x10005a2a        0x2 
 .text.vt_insert_first
                0x10005a2c       0x6c .build/obj_punk_t_v1_via/lib/chibios/os/rt/src/chvt.o
 .text.vt_set_alarm
                0x10005a98       0x48 .build/obj_punk_t_v1_via/lib/chibios/os/rt/src/chvt.o
 .text.vt_enqueue
                0x10005ae0       0x44 .build/obj_punk_t_v1_via/lib/chibios/os/rt/src/chvt.o
 .text.chVTDoSetI
                0x10005b24       0x2c .build/obj_punk_t_v1_via/lib/chibios/os/rt/src/chvt.o
                0x10005b24                chVTDoSetI